<?xml version="1.0" encoding="ISO-8859-1" ?>
<link_info>
   <banner>TI ARM Linker PC v18.12.1.LTS</banner>
   <copyright>Copyright (c) 1996-2018 Texas Instruments Incorporated</copyright>
   <link_time>0x5cae9e00</link_time>
   <link_errors>0x0</link_errors>
   <output_file>AESD_HW5.out</output_file>
   <entry_point>
      <name>_c_int00_noargs</name>
      <address>0x1ffd</address>
   </entry_point>
   <input_file_list>
      <input_file id="fl-2">
         <path>.\</path>
         <kind>object</kind>
         <file>alert_task.obj</file>
         <name>alert_task.obj</name>
      </input_file>
      <input_file id="fl-3">
         <path>.\</path>
         <kind>object</kind>
         <file>freertos_demo.obj</file>
         <name>freertos_demo.obj</name>
      </input_file>
      <input_file id="fl-4">
         <path>.\</path>
         <kind>object</kind>
         <file>led_task.obj</file>
         <name>led_task.obj</name>
      </input_file>
      <input_file id="fl-5">
         <path>.\</path>
         <kind>object</kind>
         <file>log_task.obj</file>
         <name>log_task.obj</name>
      </input_file>
      <input_file id="fl-6">
         <path>.\</path>
         <kind>object</kind>
         <file>my_i2c.obj</file>
         <name>my_i2c.obj</name>
      </input_file>
      <input_file id="fl-7">
         <path>.\</path>
         <kind>object</kind>
         <file>startup_ccs.obj</file>
         <name>startup_ccs.obj</name>
      </input_file>
      <input_file id="fl-8">
         <path>.\</path>
         <kind>object</kind>
         <file>temp_task.obj</file>
         <name>temp_task.obj</name>
      </input_file>
      <input_file id="fl-9">
         <path>.\third_party\FreeRTOS\Source\</path>
         <kind>object</kind>
         <file>list.obj</file>
         <name>list.obj</name>
      </input_file>
      <input_file id="fl-a">
         <path>.\third_party\FreeRTOS\Source\</path>
         <kind>object</kind>
         <file>queue.obj</file>
         <name>queue.obj</name>
      </input_file>
      <input_file id="fl-b">
         <path>.\third_party\FreeRTOS\Source\</path>
         <kind>object</kind>
         <file>tasks.obj</file>
         <name>tasks.obj</name>
      </input_file>
      <input_file id="fl-c">
         <path>.\third_party\FreeRTOS\Source\portable\CCS\ARM_CM4F\</path>
         <kind>object</kind>
         <file>port.obj</file>
         <name>port.obj</name>
      </input_file>
      <input_file id="fl-d">
         <path>.\third_party\FreeRTOS\Source\portable\CCS\ARM_CM4F\</path>
         <kind>object</kind>
         <file>portasm.obj</file>
         <name>portasm.obj</name>
      </input_file>
      <input_file id="fl-e">
         <path>.\third_party\FreeRTOS\Source\portable\MemMang\</path>
         <kind>object</kind>
         <file>heap_2.obj</file>
         <name>heap_2.obj</name>
      </input_file>
      <input_file id="fl-f">
         <path>.\utils\</path>
         <kind>object</kind>
         <file>uartstdio.obj</file>
         <name>uartstdio.obj</name>
      </input_file>
      <input_file id="fl-10">
         <path>.\utils\</path>
         <kind>object</kind>
         <file>ustdlib.obj</file>
         <name>ustdlib.obj</name>
      </input_file>
      <input_file id="fl-15">
         <kind>object</kind>
         <file>&lt;internal&gt;</file>
         <name>&lt;internal&gt;</name>
      </input_file>
      <input_file id="fl-cb">
         <path>D:\Installed_Softwares\ti\ccs900\ccs\tools\compiler\ti-cgt-arm_18.12.1.LTS\lib\</path>
         <kind>archive</kind>
         <file>rtsv7M4_T_le_v4SPD16_eabi.lib</file>
         <name>memcpy_t2.asm.obj</name>
      </input_file>
      <input_file id="fl-cc">
         <path>D:\Installed_Softwares\ti\ccs900\ccs\tools\compiler\ti-cgt-arm_18.12.1.LTS\lib\</path>
         <kind>archive</kind>
         <file>rtsv7M4_T_le_v4SPD16_eabi.lib</file>
         <name>u_divt2.asm.obj</name>
      </input_file>
      <input_file id="fl-cd">
         <path>D:\Installed_Softwares\ti\ccs900\ccs\tools\compiler\ti-cgt-arm_18.12.1.LTS\lib\</path>
         <kind>archive</kind>
         <file>rtsv7M4_T_le_v4SPD16_eabi.lib</file>
         <name>memset_t2.asm.obj</name>
      </input_file>
      <input_file id="fl-ce">
         <path>D:\Installed_Softwares\ti\ccs900\ccs\tools\compiler\ti-cgt-arm_18.12.1.LTS\lib\</path>
         <kind>archive</kind>
         <file>rtsv7M4_T_le_v4SPD16_eabi.lib</file>
         <name>copy_zero_init.c.obj</name>
      </input_file>
      <input_file id="fl-cf">
         <path>D:\Installed_Softwares\ti\ccs900\ccs\tools\compiler\ti-cgt-arm_18.12.1.LTS\lib\</path>
         <kind>archive</kind>
         <file>rtsv7M4_T_le_v4SPD16_eabi.lib</file>
         <name>copy_decompress_none.c.obj</name>
      </input_file>
      <input_file id="fl-d0">
         <path>D:\Installed_Softwares\ti\ccs900\ccs\tools\compiler\ti-cgt-arm_18.12.1.LTS\lib\</path>
         <kind>archive</kind>
         <file>rtsv7M4_T_le_v4SPD16_eabi.lib</file>
         <name>copy_decompress_lzss.c.obj</name>
      </input_file>
      <input_file id="fl-d1">
         <path>D:\Installed_Softwares\ti\ccs900\ccs\tools\compiler\ti-cgt-arm_18.12.1.LTS\lib\</path>
         <kind>archive</kind>
         <file>rtsv7M4_T_le_v4SPD16_eabi.lib</file>
         <name>boot_cortex_m.c.obj</name>
      </input_file>
      <input_file id="fl-d2">
         <path>D:\Installed_Softwares\ti\ccs900\ccs\tools\compiler\ti-cgt-arm_18.12.1.LTS\lib\</path>
         <kind>archive</kind>
         <file>rtsv7M4_T_le_v4SPD16_eabi.lib</file>
         <name>div0.asm.obj</name>
      </input_file>
      <input_file id="fl-d3">
         <path>D:\Installed_Softwares\ti\ccs900\ccs\tools\compiler\ti-cgt-arm_18.12.1.LTS\lib\</path>
         <kind>archive</kind>
         <file>rtsv7M4_T_le_v4SPD16_eabi.lib</file>
         <name>autoinit.c.obj</name>
      </input_file>
      <input_file id="fl-d4">
         <path>D:\Installed_Softwares\ti\ccs900\ccs\tools\compiler\ti-cgt-arm_18.12.1.LTS\lib\</path>
         <kind>archive</kind>
         <file>rtsv7M4_T_le_v4SPD16_eabi.lib</file>
         <name>pre_init.c.obj</name>
      </input_file>
      <input_file id="fl-d5">
         <path>D:\Installed_Softwares\ti\ccs900\ccs\tools\compiler\ti-cgt-arm_18.12.1.LTS\lib\</path>
         <kind>archive</kind>
         <file>rtsv7M4_T_le_v4SPD16_eabi.lib</file>
         <name>cpy_tbl.c.obj</name>
      </input_file>
      <input_file id="fl-d6">
         <path>D:\Installed_Softwares\ti\ccs900\ccs\tools\compiler\ti-cgt-arm_18.12.1.LTS\lib\</path>
         <kind>archive</kind>
         <file>rtsv7M4_T_le_v4SPD16_eabi.lib</file>
         <name>exit.c.obj</name>
      </input_file>
      <input_file id="fl-d7">
         <path>D:\Installed_Softwares\ti\ccs900\ccs\tools\compiler\ti-cgt-arm_18.12.1.LTS\lib\</path>
         <kind>archive</kind>
         <file>rtsv7M4_T_le_v4SPD16_eabi.lib</file>
         <name>_lock.c.obj</name>
      </input_file>
      <input_file id="fl-d8">
         <path>D:\Installed_Softwares\ti\ccs900\ccs\tools\compiler\ti-cgt-arm_18.12.1.LTS\lib\</path>
         <kind>archive</kind>
         <file>rtsv7M4_T_le_v4SPD16_eabi.lib</file>
         <name>args_main.c.obj</name>
      </input_file>
      <input_file id="fl-d9">
         <path>D:\Installed_Softwares\ti\TivaWare_C_Series-2.1.4.178\driverlib\ccs\Debug\</path>
         <kind>archive</kind>
         <file>driverlib.lib</file>
         <name>gpio.obj</name>
      </input_file>
      <input_file id="fl-da">
         <path>D:\Installed_Softwares\ti\TivaWare_C_Series-2.1.4.178\driverlib\ccs\Debug\</path>
         <kind>archive</kind>
         <file>driverlib.lib</file>
         <name>i2c.obj</name>
      </input_file>
      <input_file id="fl-db">
         <path>D:\Installed_Softwares\ti\TivaWare_C_Series-2.1.4.178\driverlib\ccs\Debug\</path>
         <kind>archive</kind>
         <file>driverlib.lib</file>
         <name>interrupt.obj</name>
      </input_file>
      <input_file id="fl-dc">
         <path>D:\Installed_Softwares\ti\TivaWare_C_Series-2.1.4.178\driverlib\ccs\Debug\</path>
         <kind>archive</kind>
         <file>driverlib.lib</file>
         <name>sysctl.obj</name>
      </input_file>
      <input_file id="fl-dd">
         <path>D:\Installed_Softwares\ti\TivaWare_C_Series-2.1.4.178\driverlib\ccs\Debug\</path>
         <kind>archive</kind>
         <file>driverlib.lib</file>
         <name>timer.obj</name>
      </input_file>
      <input_file id="fl-de">
         <path>D:\Installed_Softwares\ti\TivaWare_C_Series-2.1.4.178\driverlib\ccs\Debug\</path>
         <kind>archive</kind>
         <file>driverlib.lib</file>
         <name>cpu.obj</name>
      </input_file>
   </input_file_list>
   <object_component_list>
      <object_component id="oc-f">
         <name>.intvecs</name>
         <load_address>0x0</load_address>
         <run_address>0x0</run_address>
         <size>0x200</size>
         <input_file_ref idref="fl-7"/>
      </object_component>
      <object_component id="oc-1b3">
         <name>.text:SysCtlClockFreqSet</name>
         <load_address>0x200</load_address>
         <run_address>0x200</run_address>
         <size>0x200</size>
         <input_file_ref idref="fl-dc"/>
      </object_component>
      <object_component id="oc-43a">
         <name>.text:UARTvprintf</name>
         <load_address>0x400</load_address>
         <run_address>0x400</run_address>
         <size>0x1ea</size>
         <input_file_ref idref="fl-f"/>
      </object_component>
      <object_component id="oc-3a2">
         <name>.text:GPIOPadConfigSet</name>
         <load_address>0x5ea</load_address>
         <run_address>0x5ea</run_address>
         <size>0x132</size>
         <input_file_ref idref="fl-d9"/>
      </object_component>
      <object_component id="oc-372">
         <name>.text:xQueueGenericReceive</name>
         <load_address>0x71c</load_address>
         <run_address>0x71c</run_address>
         <size>0x118</size>
         <input_file_ref idref="fl-a"/>
      </object_component>
      <object_component id="oc-a4">
         <name>.text:xTaskIncrementTick</name>
         <load_address>0x834</load_address>
         <run_address>0x834</run_address>
         <size>0x104</size>
         <input_file_ref idref="fl-b"/>
      </object_component>
      <object_component id="oc-29f">
         <name>.text:xTaskGenericCreate</name>
         <load_address>0x938</load_address>
         <run_address>0x938</run_address>
         <size>0x100</size>
         <input_file_ref idref="fl-b"/>
      </object_component>
      <object_component id="oc-1cb">
         <name>.text:TempTaskInit</name>
         <load_address>0xa38</load_address>
         <run_address>0xa38</run_address>
         <size>0xf0</size>
         <input_file_ref idref="fl-8"/>
      </object_component>
      <object_component id="oc-b1">
         <name>.text:xQueueGenericSend</name>
         <load_address>0xb28</load_address>
         <run_address>0xb28</run_address>
         <size>0xe8</size>
         <input_file_ref idref="fl-a"/>
      </object_component>
      <object_component id="oc-154">
         <name>.text:xTaskResumeAll</name>
         <load_address>0xc10</load_address>
         <run_address>0xc10</run_address>
         <size>0xe4</size>
         <input_file_ref idref="fl-b"/>
      </object_component>
      <object_component id="oc-1c5">
         <name>.text:LEDTaskInit</name>
         <load_address>0xcf4</load_address>
         <run_address>0xcf4</run_address>
         <size>0xd8</size>
         <input_file_ref idref="fl-4"/>
      </object_component>
      <object_component id="oc-2a5">
         <name>.text:DequeueFromLogTask</name>
         <load_address>0xdcc</load_address>
         <run_address>0xdcc</run_address>
         <size>0xd4</size>
         <input_file_ref idref="fl-5"/>
      </object_component>
      <object_component id="oc-3c">
         <name>.text</name>
         <load_address>0xea0</load_address>
         <run_address>0xea0</run_address>
         <size>0xd2</size>
         <input_file_ref idref="fl-d"/>
      </object_component>
      <object_component id="oc-30">
         <name>.text:FaultISR</name>
         <load_address>0xf72</load_address>
         <run_address>0xf72</run_address>
         <size>0x2</size>
         <input_file_ref idref="fl-7"/>
      </object_component>
      <object_component id="oc-2b5">
         <name>.text:LEDTask</name>
         <load_address>0xf74</load_address>
         <run_address>0xf74</run_address>
         <size>0xbc</size>
         <input_file_ref idref="fl-4"/>
      </object_component>
      <object_component id="oc-346">
         <name>.text:pvPortMalloc</name>
         <load_address>0x1030</load_address>
         <run_address>0x1030</run_address>
         <size>0xac</size>
         <input_file_ref idref="fl-e"/>
      </object_component>
      <object_component id="oc-3b8">
         <name>.text:xTaskGenericNotify</name>
         <load_address>0x10dc</load_address>
         <run_address>0x10dc</run_address>
         <size>0xac</size>
         <input_file_ref idref="fl-b"/>
      </object_component>
      <object_component id="oc-3c1">
         <name>.text:ulTaskNotifyTake</name>
         <load_address>0x1188</load_address>
         <run_address>0x1188</run_address>
         <size>0xa4</size>
         <input_file_ref idref="fl-b"/>
      </object_component>
      <object_component id="oc-61">
         <name>.text</name>
         <load_address>0x122c</load_address>
         <run_address>0x122c</run_address>
         <size>0x9c</size>
         <input_file_ref idref="fl-cb"/>
      </object_component>
      <object_component id="oc-46b">
         <name>.text:I2CGet2Bytes</name>
         <load_address>0x12c8</load_address>
         <run_address>0x12c8</run_address>
         <size>0x90</size>
         <input_file_ref idref="fl-6"/>
      </object_component>
      <object_component id="oc-44c">
         <name>.text:vTaskPriorityInherit</name>
         <load_address>0x1358</load_address>
         <run_address>0x1358</run_address>
         <size>0x90</size>
         <input_file_ref idref="fl-b"/>
      </object_component>
      <object_component id="oc-9d">
         <name>.text:vTaskSwitchContext</name>
         <load_address>0x13e8</load_address>
         <run_address>0x13e8</run_address>
         <size>0x8c</size>
         <input_file_ref idref="fl-b"/>
      </object_component>
      <object_component id="oc-34c">
         <name>.text:xQueueGenericReset</name>
         <load_address>0x1474</load_address>
         <run_address>0x1474</run_address>
         <size>0x84</size>
         <input_file_ref idref="fl-a"/>
      </object_component>
      <object_component id="oc-e0">
         <name>.text</name>
         <load_address>0x14f8</load_address>
         <run_address>0x14f8</run_address>
         <size>0x7a</size>
         <input_file_ref idref="fl-cd"/>
      </object_component>
      <object_component id="oc-36">
         <name>.text:IntDefaultHandler</name>
         <load_address>0x1572</load_address>
         <run_address>0x1572</run_address>
         <size>0x2</size>
         <input_file_ref idref="fl-7"/>
      </object_component>
      <object_component id="oc-260">
         <name>.text:xTaskPriorityDisinherit</name>
         <load_address>0x1574</load_address>
         <run_address>0x1574</run_address>
         <size>0x78</size>
         <input_file_ref idref="fl-b"/>
      </object_component>
      <object_component id="oc-2da">
         <name>.text:TempTask</name>
         <load_address>0x15ec</load_address>
         <run_address>0x15ec</run_address>
         <size>0x74</size>
         <input_file_ref idref="fl-8"/>
      </object_component>
      <object_component id="oc-16c">
         <name>.text:xTaskRemoveFromEventList</name>
         <load_address>0x1660</load_address>
         <run_address>0x1660</run_address>
         <size>0x74</size>
         <input_file_ref idref="fl-b"/>
      </object_component>
      <object_component id="oc-166">
         <name>.text:prvCopyDataToQueue</name>
         <load_address>0x16d4</load_address>
         <run_address>0x16d4</run_address>
         <size>0x72</size>
         <input_file_ref idref="fl-a"/>
      </object_component>
      <object_component id="oc-2a">
         <name>.text:NmiSR</name>
         <load_address>0x1746</load_address>
         <run_address>0x1746</run_address>
         <size>0x2</size>
         <input_file_ref idref="fl-7"/>
      </object_component>
      <object_component id="oc-3b2">
         <name>.text:readTemp</name>
         <load_address>0x1748</load_address>
         <run_address>0x1748</run_address>
         <size>0x70</size>
         <input_file_ref idref="fl-8"/>
      </object_component>
      <object_component id="oc-12">
         <name>.text:decompress:lzss:__TI_decompress_lzss</name>
         <load_address>0x17b8</load_address>
         <run_address>0x17b8</run_address>
         <size>0x68</size>
         <input_file_ref idref="fl-d0"/>
      </object_component>
      <object_component id="oc-160">
         <name>.text:vTaskPlaceOnEventList</name>
         <load_address>0x1820</load_address>
         <run_address>0x1820</run_address>
         <size>0x64</size>
         <input_file_ref idref="fl-b"/>
      </object_component>
      <object_component id="oc-14e">
         <name>.text:prvUnlockQueue</name>
         <load_address>0x1884</load_address>
         <run_address>0x1884</run_address>
         <size>0x62</size>
         <input_file_ref idref="fl-a"/>
      </object_component>
      <object_component id="oc-4df">
         <name>.text</name>
         <load_address>0x18e6</load_address>
         <run_address>0x18e6</run_address>
         <size>0x2</size>
         <input_file_ref idref="fl-d2"/>
      </object_component>
      <object_component id="oc-292">
         <name>.text:UARTStdioConfig</name>
         <load_address>0x18e8</load_address>
         <run_address>0x18e8</run_address>
         <size>0x60</size>
         <input_file_ref idref="fl-f"/>
      </object_component>
      <object_component id="oc-365">
         <name>.text:prvInitialiseTaskLists</name>
         <load_address>0x1948</load_address>
         <run_address>0x1948</run_address>
         <size>0x60</size>
         <input_file_ref idref="fl-b"/>
      </object_component>
      <object_component id="oc-1d7">
         <name>.text:vTaskStartScheduler</name>
         <load_address>0x19a8</load_address>
         <run_address>0x19a8</run_address>
         <size>0x60</size>
         <input_file_ref idref="fl-b"/>
      </object_component>
      <object_component id="oc-1b9">
         <name>.text:ConfigureUART</name>
         <load_address>0x1a08</load_address>
         <run_address>0x1a08</run_address>
         <size>0x5c</size>
         <input_file_ref idref="fl-3"/>
      </object_component>
      <object_component id="oc-3cf">
         <name>.text:prvCheckTasksWaitingTermination</name>
         <load_address>0x1a64</load_address>
         <run_address>0x1a64</run_address>
         <size>0x58</size>
         <input_file_ref idref="fl-b"/>
      </object_component>
      <object_component id="oc-359">
         <name>.text:prvInitialiseTCBVariables</name>
         <load_address>0x1abc</load_address>
         <run_address>0x1abc</run_address>
         <size>0x56</size>
         <input_file_ref idref="fl-b"/>
      </object_component>
      <object_component id="oc-109">
         <name>.text:vApplicationStackOverflowHook</name>
         <load_address>0x1b12</load_address>
         <run_address>0x1b12</run_address>
         <size>0x2</size>
         <input_file_ref idref="fl-3"/>
      </object_component>
      <object_component id="oc-148">
         <name>.text:xTaskCheckForTimeOut</name>
         <load_address>0x1b14</load_address>
         <run_address>0x1b14</run_address>
         <size>0x54</size>
         <input_file_ref idref="fl-b"/>
      </object_component>
      <object_component id="oc-2d4">
         <name>.text:I2CMasterInitExpClk</name>
         <load_address>0x1b68</load_address>
         <run_address>0x1b68</run_address>
         <size>0x4c</size>
         <input_file_ref idref="fl-da"/>
      </object_component>
      <object_component id="oc-256">
         <name>.text:prvAddCurrentTaskToDelayedList</name>
         <load_address>0x1bb4</load_address>
         <run_address>0x1bb4</run_address>
         <size>0x4c</size>
         <input_file_ref idref="fl-b"/>
      </object_component>
      <object_component id="oc-2c2">
         <name>.text:GPIOPinConfigure</name>
         <load_address>0x1c00</load_address>
         <run_address>0x1c00</run_address>
         <size>0x48</size>
         <input_file_ref idref="fl-d9"/>
      </object_component>
      <object_component id="oc-4a9">
         <name>.text:UARTwrite</name>
         <load_address>0x1c48</load_address>
         <run_address>0x1c48</run_address>
         <size>0x48</size>
         <input_file_ref idref="fl-f"/>
      </object_component>
      <object_component id="oc-281">
         <name>.text:_SysCtlFrequencyGet</name>
         <load_address>0x1c90</load_address>
         <run_address>0x1c90</run_address>
         <size>0x48</size>
         <input_file_ref idref="fl-dc"/>
      </object_component>
      <object_component id="oc-2e4">
         <name>.text:AlertTask</name>
         <load_address>0x1cd8</load_address>
         <run_address>0x1cd8</run_address>
         <size>0x44</size>
         <input_file_ref idref="fl-2"/>
      </object_component>
      <object_component id="oc-1bf">
         <name>.text:LogTaskInit</name>
         <load_address>0x1d1c</load_address>
         <run_address>0x1d1c</run_address>
         <size>0x44</size>
         <input_file_ref idref="fl-5"/>
      </object_component>
      <object_component id="oc-1eb">
         <name>.text:__TI_auto_init_nobinit_nopinit:__TI_auto_init_nobinit_nopinit</name>
         <load_address>0x1d60</load_address>
         <run_address>0x1d60</run_address>
         <size>0x44</size>
         <input_file_ref idref="fl-d3"/>
      </object_component>
      <object_component id="oc-ec">
         <name>.text:main</name>
         <load_address>0x1da4</load_address>
         <run_address>0x1da4</run_address>
         <size>0x44</size>
         <input_file_ref idref="fl-3"/>
      </object_component>
      <object_component id="oc-41b">
         <name>.text:vPortFree</name>
         <load_address>0x1de8</load_address>
         <run_address>0x1de8</run_address>
         <size>0x44</size>
         <input_file_ref idref="fl-e"/>
      </object_component>
      <object_component id="oc-4af">
         <name>.text</name>
         <load_address>0x1e2c</load_address>
         <run_address>0x1e2c</run_address>
         <size>0x40</size>
         <input_file_ref idref="fl-cc"/>
      </object_component>
      <object_component id="oc-2eb">
         <name>.text:xPortStartScheduler</name>
         <load_address>0x1e6c</load_address>
         <run_address>0x1e6c</run_address>
         <size>0x40</size>
         <input_file_ref idref="fl-c"/>
      </object_component>
      <object_component id="oc-299">
         <name>.text:xQueueGenericCreate</name>
         <load_address>0x1eac</load_address>
         <run_address>0x1eac</run_address>
         <size>0x3c</size>
         <input_file_ref idref="fl-a"/>
      </object_component>
      <object_component id="oc-353">
         <name>.text:prvAllocateTCBAndStack</name>
         <load_address>0x1ee8</load_address>
         <run_address>0x1ee8</run_address>
         <size>0x3a</size>
         <input_file_ref idref="fl-b"/>
      </object_component>
      <object_component id="oc-2af">
         <name>.text:SysCtlPeripheralReady</name>
         <load_address>0x1f24</load_address>
         <run_address>0x1f24</run_address>
         <size>0x38</size>
         <input_file_ref idref="fl-dc"/>
      </object_component>
      <object_component id="oc-250">
         <name>.text:vListInsert</name>
         <load_address>0x1f5c</load_address>
         <run_address>0x1f5c</run_address>
         <size>0x38</size>
         <input_file_ref idref="fl-9"/>
      </object_component>
      <object_component id="oc-1d1">
         <name>.text:AlertTaskInit</name>
         <load_address>0x1f94</load_address>
         <run_address>0x1f94</run_address>
         <size>0x34</size>
         <input_file_ref idref="fl-2"/>
      </object_component>
      <object_component id="oc-2bc">
         <name>.text:SysCtlPeripheralEnable</name>
         <load_address>0x1fc8</load_address>
         <run_address>0x1fc8</run_address>
         <size>0x34</size>
         <input_file_ref idref="fl-dc"/>
      </object_component>
      <object_component id="oc-7f">
         <name>.text:_c_int00_noargs:_c_int00_noargs</name>
         <load_address>0x1ffc</load_address>
         <run_address>0x1ffc</run_address>
         <size>0x34</size>
         <input_file_ref idref="fl-d1"/>
      </object_component>
      <object_component id="oc-403">
         <name>.text:prvHeapInit</name>
         <load_address>0x2030</load_address>
         <run_address>0x2030</run_address>
         <size>0x30</size>
         <input_file_ref idref="fl-e"/>
      </object_component>
      <object_component id="oc-41">
         <name>.text:xPortSysTickHandler</name>
         <load_address>0x2060</load_address>
         <run_address>0x2060</run_address>
         <size>0x2c</size>
         <input_file_ref idref="fl-c"/>
      </object_component>
      <object_component id="oc-39c">
         <name>.text:GPIODirModeSet</name>
         <load_address>0x208c</load_address>
         <run_address>0x208c</run_address>
         <size>0x2a</size>
         <input_file_ref idref="fl-d9"/>
      </object_component>
      <object_component id="oc-113">
         <name>.text:prvResetNextTaskUnblockTime</name>
         <load_address>0x20b8</load_address>
         <run_address>0x20b8</run_address>
         <size>0x28</size>
         <input_file_ref idref="fl-b"/>
      </object_component>
      <object_component id="oc-35f">
         <name>.text:pxPortInitialiseStack</name>
         <load_address>0x20e0</load_address>
         <run_address>0x20e0</run_address>
         <size>0x28</size>
         <input_file_ref idref="fl-c"/>
      </object_component>
      <object_component id="oc-452">
         <name>.text:prvCopyDataFromQueue</name>
         <load_address>0x2108</load_address>
         <run_address>0x2108</run_address>
         <size>0x26</size>
         <input_file_ref idref="fl-a"/>
      </object_component>
      <object_component id="oc-47">
         <name>.text:Timer0IntHandler</name>
         <load_address>0x2130</load_address>
         <run_address>0x2130</run_address>
         <size>0x24</size>
         <input_file_ref idref="fl-4"/>
      </object_component>
      <object_component id="oc-4d">
         <name>.text:Timer1IntHandler</name>
         <load_address>0x2154</load_address>
         <run_address>0x2154</run_address>
         <size>0x24</size>
         <input_file_ref idref="fl-8"/>
      </object_component>
      <object_component id="oc-27b">
         <name>.text:_SysCtlMemTimingGet</name>
         <load_address>0x2178</load_address>
         <run_address>0x2178</run_address>
         <size>0x20</size>
         <input_file_ref idref="fl-dc"/>
      </object_component>
      <object_component id="oc-119">
         <name>.text:uxListRemove</name>
         <load_address>0x2198</load_address>
         <run_address>0x2198</run_address>
         <size>0x20</size>
         <input_file_ref idref="fl-9"/>
      </object_component>
      <object_component id="oc-15a">
         <name>.text:prvIsQueueFull</name>
         <load_address>0x21b8</load_address>
         <run_address>0x21b8</run_address>
         <size>0x1c</size>
         <input_file_ref idref="fl-a"/>
      </object_component>
      <object_component id="oc-142">
         <name>.text:vPortEnterCritical</name>
         <load_address>0x21d4</load_address>
         <run_address>0x21d4</run_address>
         <size>0x1c</size>
         <input_file_ref idref="fl-c"/>
      </object_component>
      <object_component id="oc-36c">
         <name>.text:UARTprintf</name>
         <load_address>0x21f0</load_address>
         <run_address>0x21f0</run_address>
         <size>0x1a</size>
         <input_file_ref idref="fl-f"/>
      </object_component>
      <object_component id="oc-446">
         <name>.text:prvIsQueueEmpty</name>
         <load_address>0x220a</load_address>
         <run_address>0x220a</run_address>
         <size>0x1a</size>
         <input_file_ref idref="fl-a"/>
      </object_component>
      <object_component id="oc-38d">
         <name>.text:enqueueForLog</name>
         <load_address>0x2224</load_address>
         <run_address>0x2224</run_address>
         <size>0x18</size>
         <input_file_ref idref="fl-5"/>
      </object_component>
      <object_component id="oc-458">
         <name>.text:pvTaskIncrementMutexHeldCount</name>
         <load_address>0x223c</load_address>
         <run_address>0x223c</run_address>
         <size>0x18</size>
         <input_file_ref idref="fl-b"/>
      </object_component>
      <object_component id="oc-11f">
         <name>.text:vListInsertEnd</name>
         <load_address>0x2254</load_address>
         <run_address>0x2254</run_address>
         <size>0x18</size>
         <input_file_ref idref="fl-9"/>
      </object_component>
      <object_component id="oc-136">
         <name>.text:vPortExitCritical</name>
         <load_address>0x226c</load_address>
         <run_address>0x226c</run_address>
         <size>0x18</size>
         <input_file_ref idref="fl-c"/>
      </object_component>
      <object_component id="oc-130">
         <name>.text:vTaskSetTimeOutState</name>
         <load_address>0x2284</load_address>
         <run_address>0x2284</run_address>
         <size>0x18</size>
         <input_file_ref idref="fl-b"/>
      </object_component>
      <object_component id="oc-414">
         <name>.text:vListInitialise</name>
         <load_address>0x229c</load_address>
         <run_address>0x229c</run_address>
         <size>0x16</size>
         <input_file_ref idref="fl-9"/>
      </object_component>
      <object_component id="oc-3c8">
         <name>.text:vPortSetupTimerInterrupt</name>
         <load_address>0x22b4</load_address>
         <run_address>0x22b4</run_address>
         <size>0x14</size>
         <input_file_ref idref="fl-c"/>
      </object_component>
      <object_component id="oc-2ce">
         <name>.text:GPIOPinTypeI2C</name>
         <load_address>0x22c8</load_address>
         <run_address>0x22c8</run_address>
         <size>0x12</size>
         <input_file_ref idref="fl-d9"/>
      </object_component>
      <object_component id="oc-2c8">
         <name>.text:GPIOPinTypeI2CSCL</name>
         <load_address>0x22da</load_address>
         <run_address>0x22da</run_address>
         <size>0x12</size>
         <input_file_ref idref="fl-d9"/>
      </object_component>
      <object_component id="oc-478">
         <name>.text:prvDeleteTCB</name>
         <load_address>0x22ec</load_address>
         <run_address>0x22ec</run_address>
         <size>0x12</size>
         <input_file_ref idref="fl-b"/>
      </object_component>
      <object_component id="oc-429">
         <name>.text:prvTaskExitError</name>
         <load_address>0x22fe</load_address>
         <run_address>0x22fe</run_address>
         <size>0x10</size>
         <input_file_ref idref="fl-c"/>
      </object_component>
      <object_component id="oc-13c">
         <name>.text:vTaskSuspendAll</name>
         <load_address>0x2310</load_address>
         <run_address>0x2310</run_address>
         <size>0x10</size>
         <input_file_ref idref="fl-b"/>
      </object_component>
      <object_component id="oc-18">
         <name>.text:decompress:none:__TI_decompress_none</name>
         <load_address>0x2320</load_address>
         <run_address>0x2320</run_address>
         <size>0xe</size>
         <input_file_ref idref="fl-cf"/>
      </object_component>
      <object_component id="oc-73">
         <name>.text:decompress:ZI:__TI_zero_init</name>
         <load_address>0x232e</load_address>
         <run_address>0x232e</run_address>
         <size>0xc</size>
         <input_file_ref idref="fl-ce"/>
      </object_component>
      <object_component id="oc-244">
         <name>.text:vTaskMissedYield</name>
         <load_address>0x233c</load_address>
         <run_address>0x233c</run_address>
         <size>0xc</size>
         <input_file_ref idref="fl-b"/>
      </object_component>
      <object_component id="oc-381">
         <name>.text:xTaskGetTickCount</name>
         <load_address>0x2348</load_address>
         <run_address>0x2348</run_address>
         <size>0xc</size>
         <input_file_ref idref="fl-b"/>
      </object_component>
      <object_component id="oc-3aa">
         <name>.text:I2CMasterEnable</name>
         <load_address>0x2354</load_address>
         <run_address>0x2354</run_address>
         <size>0xa</size>
         <input_file_ref idref="fl-da"/>
      </object_component>
      <object_component id="oc-4cb">
         <name>.text:I2CMasterBusy</name>
         <load_address>0x235e</load_address>
         <run_address>0x235e</run_address>
         <size>0x8</size>
         <input_file_ref idref="fl-da"/>
      </object_component>
      <object_component id="oc-4b9">
         <name>.text:I2CMasterSlaveAddrSet</name>
         <load_address>0x2366</load_address>
         <run_address>0x2366</run_address>
         <size>0x8</size>
         <input_file_ref idref="fl-da"/>
      </object_component>
      <object_component id="oc-2f1">
         <name>.text:prvIdleTask</name>
         <load_address>0x236e</load_address>
         <run_address>0x236e</run_address>
         <size>0x8</size>
         <input_file_ref idref="fl-b"/>
      </object_component>
      <object_component id="oc-387">
         <name>.text:GPIOPinWrite</name>
         <load_address>0x2376</load_address>
         <run_address>0x2376</run_address>
         <size>0x6</size>
         <input_file_ref idref="fl-d9"/>
      </object_component>
      <object_component id="oc-24">
         <name>.text:ResetISR</name>
         <load_address>0x237c</load_address>
         <run_address>0x237c</run_address>
         <size>0x6</size>
         <input_file_ref idref="fl-7"/>
      </object_component>
      <object_component id="oc-422">
         <name>.text:vListInitialiseItem</name>
         <load_address>0x2382</load_address>
         <run_address>0x2382</run_address>
         <size>0x6</size>
         <input_file_ref idref="fl-9"/>
      </object_component>
      <object_component id="oc-4c5">
         <name>.text:I2CMasterControl</name>
         <load_address>0x2388</load_address>
         <run_address>0x2388</run_address>
         <size>0x4</size>
         <input_file_ref idref="fl-da"/>
      </object_component>
      <object_component id="oc-4d1">
         <name>.text:I2CMasterDataGet</name>
         <load_address>0x238c</load_address>
         <run_address>0x238c</run_address>
         <size>0x4</size>
         <input_file_ref idref="fl-da"/>
      </object_component>
      <object_component id="oc-4bf">
         <name>.text:I2CMasterDataPut</name>
         <load_address>0x2390</load_address>
         <run_address>0x2390</run_address>
         <size>0x4</size>
         <input_file_ref idref="fl-da"/>
      </object_component>
      <object_component id="oc-ab">
         <name>.text:TimerIntClear</name>
         <load_address>0x2394</load_address>
         <run_address>0x2394</run_address>
         <size>0x4</size>
         <input_file_ref idref="fl-dd"/>
      </object_component>
      <object_component id="oc-e6">
         <name>.text:_system_pre_init</name>
         <load_address>0x2398</load_address>
         <run_address>0x2398</run_address>
         <size>0x4</size>
         <input_file_ref idref="fl-d4"/>
      </object_component>
      <object_component id="oc-1df">
         <name>.text:abort:abort</name>
         <load_address>0x239c</load_address>
         <run_address>0x239c</run_address>
         <size>0x4</size>
         <input_file_ref idref="fl-d6"/>
      </object_component>
      <object_component id="oc-28a">
         <name>.const:g_pppui32XTALtoVCO</name>
         <load_address>0x23a0</load_address>
         <run_address>0x23a0</run_address>
         <size>0x1b0</size>
         <input_file_ref idref="fl-dc"/>
      </object_component>
      <object_component id="oc-397">
         <name>.const:g_pui32GPIOBaseAddrs</name>
         <load_address>0x2550</load_address>
         <run_address>0x2550</run_address>
         <size>0x90</size>
         <input_file_ref idref="fl-d9"/>
      </object_component>
      <object_component id="oc-287">
         <name>.const:g_pui32Xtals</name>
         <load_address>0x25e0</load_address>
         <run_address>0x25e0</run_address>
         <size>0x6c</size>
         <input_file_ref idref="fl-dc"/>
      </object_component>
      <object_component id="oc-326">
         <name>.const:g_sXTALtoMEMTIM</name>
         <load_address>0x264c</load_address>
         <run_address>0x264c</run_address>
         <size>0x30</size>
         <input_file_ref idref="fl-dc"/>
      </object_component>
      <object_component id="oc-33b">
         <name>.const:g_ui32UARTBase</name>
         <load_address>0x267c</load_address>
         <run_address>0x267c</run_address>
         <size>0xc</size>
         <input_file_ref idref="fl-f"/>
      </object_component>
      <object_component id="oc-338">
         <name>.const:g_ui32UARTPeriph</name>
         <load_address>0x2688</load_address>
         <run_address>0x2688</run_address>
         <size>0xc</size>
         <input_file_ref idref="fl-f"/>
      </object_component>
      <object_component id="oc-28d">
         <name>.const</name>
         <load_address>0x2694</load_address>
         <run_address>0x2694</run_address>
         <size>0x8</size>
         <input_file_ref idref="fl-dc"/>
      </object_component>
      <object_component id="oc-9a">
         <name>.const</name>
         <load_address>0x269c</load_address>
         <run_address>0x269c</run_address>
         <size>0x4</size>
         <input_file_ref idref="fl-c"/>
      </object_component>
      <object_component id="oc-516">
         <name>.cinit..data.load</name>
         <load_address>0x26a0</load_address>
         <run_address>0x26a0</run_address>
         <size>0x15</size>
      </object_component>
      <object_component id="oc-514">
         <name>__TI_handler_table</name>
         <load_address>0x26b8</load_address>
         <run_address>0x26b8</run_address>
         <size>0xc</size>
      </object_component>
      <object_component id="oc-517">
         <name>.cinit..bss.load</name>
         <load_address>0x26c8</load_address>
         <run_address>0x26c8</run_address>
         <size>0x8</size>
      </object_component>
      <object_component id="oc-515">
         <name>__TI_cinit_table</name>
         <load_address>0x26d0</load_address>
         <run_address>0x26d0</run_address>
         <size>0x10</size>
      </object_component>
      <object_component id="oc-2e1">
         <name>.data</name>
         <load_address>0x20007948</load_address>
         <run_address>0x20007948</run_address>
         <size>0x4</size>
         <input_file_ref idref="fl-2"/>
      </object_component>
      <object_component id="oc-471">
         <name>.data</name>
         <load_address>0x20007950</load_address>
         <run_address>0x20007950</run_address>
         <size>0x4</size>
         <input_file_ref idref="fl-8"/>
      </object_component>
      <object_component id="oc-97">
         <name>.data</name>
         <load_address>0x20007908</load_address>
         <run_address>0x20007908</run_address>
         <size>0x30</size>
         <input_file_ref idref="fl-b"/>
      </object_component>
      <object_component id="oc-23d">
         <name>.data</name>
         <load_address>0x2000794c</load_address>
         <run_address>0x2000794c</run_address>
         <size>0x4</size>
         <input_file_ref idref="fl-c"/>
      </object_component>
      <object_component id="oc-409">
         <name>.data</name>
         <load_address>0x20007938</load_address>
         <run_address>0x20007938</run_address>
         <size>0x8</size>
         <input_file_ref idref="fl-e"/>
      </object_component>
      <object_component id="oc-33e">
         <name>.data</name>
         <load_address>0x20007940</load_address>
         <run_address>0x20007940</run_address>
         <size>0x5</size>
         <input_file_ref idref="fl-f"/>
      </object_component>
      <object_component id="oc-394">
         <name>.bss</name>
         <uninitialized>true</uninitialized>
         <run_address>0x200076ec</run_address>
         <size>0x4</size>
         <input_file_ref idref="fl-4"/>
      </object_component>
      <object_component id="oc-10f">
         <name>.bss:pxReadyTasksLists</name>
         <uninitialized>true</uninitialized>
         <run_address>0x20007530</run_address>
         <size>0x140</size>
         <input_file_ref idref="fl-b"/>
      </object_component>
      <object_component id="oc-430">
         <name>.bss:xDelayedTaskList1</name>
         <uninitialized>true</uninitialized>
         <run_address>0x20007670</run_address>
         <size>0x14</size>
         <input_file_ref idref="fl-b"/>
      </object_component>
      <object_component id="oc-433">
         <name>.bss:xDelayedTaskList2</name>
         <uninitialized>true</uninitialized>
         <run_address>0x20007684</run_address>
         <size>0x14</size>
         <input_file_ref idref="fl-b"/>
      </object_component>
      <object_component id="oc-125">
         <name>.bss</name>
         <uninitialized>true</uninitialized>
         <run_address>0x200076d4</run_address>
         <size>0x8</size>
         <input_file_ref idref="fl-b"/>
      </object_component>
      <object_component id="oc-24b">
         <name>.bss:xPendingReadyList</name>
         <uninitialized>true</uninitialized>
         <run_address>0x20007698</run_address>
         <size>0x14</size>
         <input_file_ref idref="fl-b"/>
      </object_component>
      <object_component id="oc-436">
         <name>.bss:xTasksWaitingTermination</name>
         <uninitialized>true</uninitialized>
         <run_address>0x200076c0</run_address>
         <size>0x14</size>
         <input_file_ref idref="fl-b"/>
      </object_component>
      <object_component id="oc-25c">
         <name>.bss:xSuspendedTaskList</name>
         <uninitialized>true</uninitialized>
         <run_address>0x200076ac</run_address>
         <size>0x14</size>
         <input_file_ref idref="fl-b"/>
      </object_component>
      <object_component id="oc-48e">
         <name>.bss:ucHeap</name>
         <uninitialized>true</uninitialized>
         <run_address>0x20000000</run_address>
         <size>0x7530</size>
         <input_file_ref idref="fl-e"/>
      </object_component>
      <object_component id="oc-40c">
         <name>.bss:xStart</name>
         <uninitialized>true</uninitialized>
         <run_address>0x200076e4</run_address>
         <size>0x8</size>
         <input_file_ref idref="fl-e"/>
      </object_component>
      <object_component id="oc-40f">
         <name>.bss:xEnd</name>
         <uninitialized>true</uninitialized>
         <run_address>0x200076dc</run_address>
         <size>0x8</size>
         <input_file_ref idref="fl-e"/>
      </object_component>
      <object_component id="oc-1dd">
         <name>.common:g_ui32SysClock</name>
         <uninitialized>true</uninitialized>
         <run_address>0x200076f4</run_address>
         <size>0x4</size>
      </object_component>
      <object_component id="oc-393">
         <name>.common:g_ui32Flags</name>
         <uninitialized>true</uninitialized>
         <run_address>0x200076f0</run_address>
         <size>0x4</size>
      </object_component>
      <object_component id="oc-b7">
         <name>.common:xSemaphoreLed</name>
         <uninitialized>true</uninitialized>
         <run_address>0x200076fc</run_address>
         <size>0x4</size>
      </object_component>
      <object_component id="oc-2ab">
         <name>.common:xQueue</name>
         <uninitialized>true</uninitialized>
         <run_address>0x200076f8</run_address>
         <size>0x4</size>
      </object_component>
      <object_component id="oc-bb">
         <name>.common:xSemaphoreTemp</name>
         <uninitialized>true</uninitialized>
         <run_address>0x20007700</run_address>
         <size>0x4</size>
      </object_component>
      <object_component id="oc-21">
         <name>.stack</name>
         <uninitialized>true</uninitialized>
         <run_address>0x20007708</run_address>
         <size>0x4</size>
         <input_file_ref idref="fl-d1"/>
      </object_component>
      <object_component id="oc-518">
         <name>.stack</name>
         <uninitialized>true</uninitialized>
         <run_address>0x20007708</run_address>
         <size>0x0</size>
      </object_component>
      <object_component id="oc-1a1">
         <name>.debug_info</name>
         <load_address>0x0</load_address>
         <run_address>0x0</run_address>
         <size>0x409</size>
         <input_file_ref idref="fl-2"/>
      </object_component>
      <object_component id="oc-2e2">
         <name>.debug_info</name>
         <load_address>0x409</load_address>
         <run_address>0x409</run_address>
         <size>0xdd</size>
         <input_file_ref idref="fl-2"/>
      </object_component>
      <object_component id="oc-1d2">
         <name>.debug_info</name>
         <load_address>0x4e6</load_address>
         <run_address>0x4e6</run_address>
         <size>0x136</size>
         <input_file_ref idref="fl-2"/>
      </object_component>
      <object_component id="oc-2e5">
         <name>.debug_info</name>
         <load_address>0x61c</load_address>
         <run_address>0x61c</run_address>
         <size>0x184</size>
         <input_file_ref idref="fl-2"/>
      </object_component>
      <object_component id="oc-17a">
         <name>.debug_info</name>
         <load_address>0x7a0</load_address>
         <run_address>0x7a0</run_address>
         <size>0x2ef</size>
         <input_file_ref idref="fl-2"/>
      </object_component>
      <object_component id="oc-c1">
         <name>.debug_info</name>
         <load_address>0xa8f</load_address>
         <run_address>0xa8f</run_address>
         <size>0x26b</size>
         <input_file_ref idref="fl-2"/>
      </object_component>
      <object_component id="oc-5c">
         <name>.debug_info</name>
         <load_address>0xcfa</load_address>
         <run_address>0xcfa</run_address>
         <size>0x84</size>
         <input_file_ref idref="fl-2"/>
      </object_component>
      <object_component id="oc-195">
         <name>.debug_info</name>
         <load_address>0xd7e</load_address>
         <run_address>0xd7e</run_address>
         <size>0x2c</size>
         <input_file_ref idref="fl-2"/>
      </object_component>
      <object_component id="oc-19c">
         <name>.debug_info</name>
         <load_address>0xdaa</load_address>
         <run_address>0xdaa</run_address>
         <size>0x297</size>
         <input_file_ref idref="fl-2"/>
      </object_component>
      <object_component id="oc-379">
         <name>.debug_info</name>
         <load_address>0x1041</load_address>
         <run_address>0x1041</run_address>
         <size>0xef</size>
         <input_file_ref idref="fl-2"/>
      </object_component>
      <object_component id="oc-c6">
         <name>.debug_info</name>
         <load_address>0x1130</load_address>
         <run_address>0x1130</run_address>
         <size>0xbb</size>
         <input_file_ref idref="fl-2"/>
      </object_component>
      <object_component id="oc-101">
         <name>.debug_info</name>
         <load_address>0x11eb</load_address>
         <run_address>0x11eb</run_address>
         <size>0x53</size>
         <input_file_ref idref="fl-2"/>
      </object_component>
      <object_component id="oc-441">
         <name>.debug_info</name>
         <load_address>0x123e</load_address>
         <run_address>0x123e</run_address>
         <size>0x2c</size>
         <input_file_ref idref="fl-2"/>
      </object_component>
      <object_component id="oc-18b">
         <name>.debug_info</name>
         <load_address>0x126a</load_address>
         <run_address>0x126a</run_address>
         <size>0x14c</size>
         <input_file_ref idref="fl-2"/>
      </object_component>
      <object_component id="oc-231">
         <name>.debug_info</name>
         <load_address>0x13b6</load_address>
         <run_address>0x13b6</run_address>
         <size>0x43e</size>
         <input_file_ref idref="fl-3"/>
      </object_component>
      <object_component id="oc-10a">
         <name>.debug_info</name>
         <load_address>0x17f4</load_address>
         <run_address>0x17f4</run_address>
         <size>0x16e</size>
         <input_file_ref idref="fl-3"/>
      </object_component>
      <object_component id="oc-1ba">
         <name>.debug_info</name>
         <load_address>0x1962</load_address>
         <run_address>0x1962</run_address>
         <size>0x15b</size>
         <input_file_ref idref="fl-3"/>
      </object_component>
      <object_component id="oc-ed">
         <name>.debug_info</name>
         <load_address>0x1abd</load_address>
         <run_address>0x1abd</run_address>
         <size>0x1a0</size>
         <input_file_ref idref="fl-3"/>
      </object_component>
      <object_component id="oc-181">
         <name>.debug_info</name>
         <load_address>0x1c5d</load_address>
         <run_address>0x1c5d</run_address>
         <size>0xbd</size>
         <input_file_ref idref="fl-3"/>
      </object_component>
      <object_component id="oc-26f">
         <name>.debug_info</name>
         <load_address>0x1d1a</load_address>
         <run_address>0x1d1a</run_address>
         <size>0x72</size>
         <input_file_ref idref="fl-3"/>
      </object_component>
      <object_component id="oc-274">
         <name>.debug_info</name>
         <load_address>0x1d8c</load_address>
         <run_address>0x1d8c</run_address>
         <size>0x5e</size>
         <input_file_ref idref="fl-3"/>
      </object_component>
      <object_component id="oc-173">
         <name>.debug_info</name>
         <load_address>0x1dea</load_address>
         <run_address>0x1dea</run_address>
         <size>0x46</size>
         <input_file_ref idref="fl-3"/>
      </object_component>
      <object_component id="oc-190">
         <name>.debug_info</name>
         <load_address>0x1e30</load_address>
         <run_address>0x1e30</run_address>
         <size>0x2c</size>
         <input_file_ref idref="fl-3"/>
      </object_component>
      <object_component id="oc-b8">
         <name>.debug_info</name>
         <load_address>0x1e5c</load_address>
         <run_address>0x1e5c</run_address>
         <size>0x610</size>
         <input_file_ref idref="fl-4"/>
      </object_component>
      <object_component id="oc-48">
         <name>.debug_info</name>
         <load_address>0x246c</load_address>
         <run_address>0x246c</run_address>
         <size>0x145</size>
         <input_file_ref idref="fl-4"/>
      </object_component>
      <object_component id="oc-2b6">
         <name>.debug_info</name>
         <load_address>0x25b1</load_address>
         <run_address>0x25b1</run_address>
         <size>0x1fc</size>
         <input_file_ref idref="fl-4"/>
      </object_component>
      <object_component id="oc-1c6">
         <name>.debug_info</name>
         <load_address>0x27ad</load_address>
         <run_address>0x27ad</run_address>
         <size>0x1a1</size>
         <input_file_ref idref="fl-4"/>
      </object_component>
      <object_component id="oc-186">
         <name>.debug_info</name>
         <load_address>0x294e</load_address>
         <run_address>0x294e</run_address>
         <size>0x8b</size>
         <input_file_ref idref="fl-4"/>
      </object_component>
      <object_component id="oc-1aa">
         <name>.debug_info</name>
         <load_address>0x29d9</load_address>
         <run_address>0x29d9</run_address>
         <size>0x2c</size>
         <input_file_ref idref="fl-4"/>
      </object_component>
      <object_component id="oc-2ac">
         <name>.debug_info</name>
         <load_address>0x2a05</load_address>
         <run_address>0x2a05</run_address>
         <size>0x4a7</size>
         <input_file_ref idref="fl-5"/>
      </object_component>
      <object_component id="oc-38e">
         <name>.debug_info</name>
         <load_address>0x2eac</load_address>
         <run_address>0x2eac</run_address>
         <size>0x179</size>
         <input_file_ref idref="fl-5"/>
      </object_component>
      <object_component id="oc-1c1">
         <name>.debug_info</name>
         <load_address>0x3025</load_address>
         <run_address>0x3025</run_address>
         <size>0x146</size>
         <input_file_ref idref="fl-5"/>
      </object_component>
      <object_component id="oc-2a6">
         <name>.debug_info</name>
         <load_address>0x316b</load_address>
         <run_address>0x316b</run_address>
         <size>0x1d4</size>
         <input_file_ref idref="fl-5"/>
      </object_component>
      <object_component id="oc-4d8">
         <name>.debug_info</name>
         <load_address>0x333f</load_address>
         <run_address>0x333f</run_address>
         <size>0x38f</size>
         <input_file_ref idref="fl-6"/>
      </object_component>
      <object_component id="oc-46d">
         <name>.debug_info</name>
         <load_address>0x36ce</load_address>
         <run_address>0x36ce</run_address>
         <size>0x308</size>
         <input_file_ref idref="fl-6"/>
      </object_component>
      <object_component id="oc-55">
         <name>.debug_info</name>
         <load_address>0x39d6</load_address>
         <run_address>0x39d6</run_address>
         <size>0x373</size>
         <input_file_ref idref="fl-7"/>
      </object_component>
      <object_component id="oc-10">
         <name>.debug_info</name>
         <load_address>0x3d49</load_address>
         <run_address>0x3d49</run_address>
         <size>0xe2</size>
         <input_file_ref idref="fl-7"/>
      </object_component>
      <object_component id="oc-27">
         <name>.debug_info</name>
         <load_address>0x3e2b</load_address>
         <run_address>0x3e2b</run_address>
         <size>0x112</size>
         <input_file_ref idref="fl-7"/>
      </object_component>
      <object_component id="oc-2c">
         <name>.debug_info</name>
         <load_address>0x3f3d</load_address>
         <run_address>0x3f3d</run_address>
         <size>0x100</size>
         <input_file_ref idref="fl-7"/>
      </object_component>
      <object_component id="oc-37">
         <name>.debug_info</name>
         <load_address>0x403d</load_address>
         <run_address>0x403d</run_address>
         <size>0x11b</size>
         <input_file_ref idref="fl-7"/>
      </object_component>
      <object_component id="oc-32">
         <name>.debug_info</name>
         <load_address>0x4158</load_address>
         <run_address>0x4158</run_address>
         <size>0x107</size>
         <input_file_ref idref="fl-7"/>
      </object_component>
      <object_component id="oc-bc">
         <name>.debug_info</name>
         <load_address>0x425f</load_address>
         <run_address>0x425f</run_address>
         <size>0x727</size>
         <input_file_ref idref="fl-8"/>
      </object_component>
      <object_component id="oc-472">
         <name>.debug_info</name>
         <load_address>0x4986</load_address>
         <run_address>0x4986</run_address>
         <size>0x139</size>
         <input_file_ref idref="fl-8"/>
      </object_component>
      <object_component id="oc-51">
         <name>.debug_info</name>
         <load_address>0x4abf</load_address>
         <run_address>0x4abf</run_address>
         <size>0x148</size>
         <input_file_ref idref="fl-8"/>
      </object_component>
      <object_component id="oc-3b6">
         <name>.debug_info</name>
         <load_address>0x4c07</load_address>
         <run_address>0x4c07</run_address>
         <size>0x150</size>
         <input_file_ref idref="fl-8"/>
      </object_component>
      <object_component id="oc-2de">
         <name>.debug_info</name>
         <load_address>0x4d57</load_address>
         <run_address>0x4d57</run_address>
         <size>0x1ce</size>
         <input_file_ref idref="fl-8"/>
      </object_component>
      <object_component id="oc-1cf">
         <name>.debug_info</name>
         <load_address>0x4f25</load_address>
         <run_address>0x4f25</run_address>
         <size>0x22b</size>
         <input_file_ref idref="fl-8"/>
      </object_component>
      <object_component id="oc-236">
         <name>.debug_info</name>
         <load_address>0x5150</load_address>
         <run_address>0x5150</run_address>
         <size>0x314</size>
         <input_file_ref idref="fl-9"/>
      </object_component>
      <object_component id="oc-123">
         <name>.debug_info</name>
         <load_address>0x5464</load_address>
         <run_address>0x5464</run_address>
         <size>0x27d</size>
         <input_file_ref idref="fl-9"/>
      </object_component>
      <object_component id="oc-253">
         <name>.debug_info</name>
         <load_address>0x56e1</load_address>
         <run_address>0x56e1</run_address>
         <size>0x2a8</size>
         <input_file_ref idref="fl-9"/>
      </object_component>
      <object_component id="oc-425">
         <name>.debug_info</name>
         <load_address>0x5989</load_address>
         <run_address>0x5989</run_address>
         <size>0x22a</size>
         <input_file_ref idref="fl-9"/>
      </object_component>
      <object_component id="oc-417">
         <name>.debug_info</name>
         <load_address>0x5bb3</load_address>
         <run_address>0x5bb3</run_address>
         <size>0x222</size>
         <input_file_ref idref="fl-9"/>
      </object_component>
      <object_component id="oc-11c">
         <name>.debug_info</name>
         <load_address>0x5dd5</load_address>
         <run_address>0x5dd5</run_address>
         <size>0x255</size>
         <input_file_ref idref="fl-9"/>
      </object_component>
      <object_component id="oc-229">
         <name>.debug_info</name>
         <load_address>0x602a</load_address>
         <run_address>0x602a</run_address>
         <size>0x110</size>
         <input_file_ref idref="fl-9"/>
      </object_component>
      <object_component id="oc-178">
         <name>.debug_info</name>
         <load_address>0x613a</load_address>
         <run_address>0x613a</run_address>
         <size>0x7a5</size>
         <input_file_ref idref="fl-a"/>
      </object_component>
      <object_component id="oc-150">
         <name>.debug_info</name>
         <load_address>0x68df</load_address>
         <run_address>0x68df</run_address>
         <size>0x2f7</size>
         <input_file_ref idref="fl-a"/>
      </object_component>
      <object_component id="oc-448">
         <name>.debug_info</name>
         <load_address>0x6bd6</load_address>
         <run_address>0x6bd6</run_address>
         <size>0x277</size>
         <input_file_ref idref="fl-a"/>
      </object_component>
      <object_component id="oc-454">
         <name>.debug_info</name>
         <load_address>0x6e4d</load_address>
         <run_address>0x6e4d</run_address>
         <size>0x274</size>
         <input_file_ref idref="fl-a"/>
      </object_component>
      <object_component id="oc-374">
         <name>.debug_info</name>
         <load_address>0x70c1</load_address>
         <run_address>0x70c1</run_address>
         <size>0x5a0</size>
         <input_file_ref idref="fl-a"/>
      </object_component>
      <object_component id="oc-15c">
         <name>.debug_info</name>
         <load_address>0x7661</load_address>
         <run_address>0x7661</run_address>
         <size>0x275</size>
         <input_file_ref idref="fl-a"/>
      </object_component>
      <object_component id="oc-168">
         <name>.debug_info</name>
         <load_address>0x78d6</load_address>
         <run_address>0x78d6</run_address>
         <size>0x2dd</size>
         <input_file_ref idref="fl-a"/>
      </object_component>
      <object_component id="oc-b3">
         <name>.debug_info</name>
         <load_address>0x7bb3</load_address>
         <run_address>0x7bb3</run_address>
         <size>0x510</size>
         <input_file_ref idref="fl-a"/>
      </object_component>
      <object_component id="oc-34f">
         <name>.debug_info</name>
         <load_address>0x80c3</load_address>
         <run_address>0x80c3</run_address>
         <size>0x2fb</size>
         <input_file_ref idref="fl-a"/>
      </object_component>
      <object_component id="oc-29c">
         <name>.debug_info</name>
         <load_address>0x83be</load_address>
         <run_address>0x83be</run_address>
         <size>0x359</size>
         <input_file_ref idref="fl-a"/>
      </object_component>
      <object_component id="oc-26a">
         <name>.debug_info</name>
         <load_address>0x8717</load_address>
         <run_address>0x8717</run_address>
         <size>0x1cd</size>
         <input_file_ref idref="fl-a"/>
      </object_component>
      <object_component id="oc-100">
         <name>.debug_info</name>
         <load_address>0x88e4</load_address>
         <run_address>0x88e4</run_address>
         <size>0x78c</size>
         <input_file_ref idref="fl-b"/>
      </object_component>
      <object_component id="oc-98">
         <name>.debug_info</name>
         <load_address>0x9070</load_address>
         <run_address>0x9070</run_address>
         <size>0x338</size>
         <input_file_ref idref="fl-b"/>
      </object_component>
      <object_component id="oc-110">
         <name>.debug_info</name>
         <load_address>0x93a8</load_address>
         <run_address>0x93a8</run_address>
         <size>0x134</size>
         <input_file_ref idref="fl-b"/>
      </object_component>
      <object_component id="oc-431">
         <name>.debug_info</name>
         <load_address>0x94dc</load_address>
         <run_address>0x94dc</run_address>
         <size>0x134</size>
         <input_file_ref idref="fl-b"/>
      </object_component>
      <object_component id="oc-434">
         <name>.debug_info</name>
         <load_address>0x9610</load_address>
         <run_address>0x9610</run_address>
         <size>0x134</size>
         <input_file_ref idref="fl-b"/>
      </object_component>
      <object_component id="oc-126">
         <name>.debug_info</name>
         <load_address>0x9744</load_address>
         <run_address>0x9744</run_address>
         <size>0x176</size>
         <input_file_ref idref="fl-b"/>
      </object_component>
      <object_component id="oc-24c">
         <name>.debug_info</name>
         <load_address>0x98ba</load_address>
         <run_address>0x98ba</run_address>
         <size>0x134</size>
         <input_file_ref idref="fl-b"/>
      </object_component>
      <object_component id="oc-437">
         <name>.debug_info</name>
         <load_address>0x99ee</load_address>
         <run_address>0x99ee</run_address>
         <size>0x142</size>
         <input_file_ref idref="fl-b"/>
      </object_component>
      <object_component id="oc-25d">
         <name>.debug_info</name>
         <load_address>0x9b30</load_address>
         <run_address>0x9b30</run_address>
         <size>0x136</size>
         <input_file_ref idref="fl-b"/>
      </object_component>
      <object_component id="oc-115">
         <name>.debug_info</name>
         <load_address>0x9c66</load_address>
         <run_address>0x9c66</run_address>
         <size>0x228</size>
         <input_file_ref idref="fl-b"/>
      </object_component>
      <object_component id="oc-a6">
         <name>.debug_info</name>
         <load_address>0x9e8e</load_address>
         <run_address>0x9e8e</run_address>
         <size>0x2f8</size>
         <input_file_ref idref="fl-b"/>
      </object_component>
      <object_component id="oc-156">
         <name>.debug_info</name>
         <load_address>0xa186</load_address>
         <run_address>0xa186</run_address>
         <size>0x2c0</size>
         <input_file_ref idref="fl-b"/>
      </object_component>
      <object_component id="oc-16e">
         <name>.debug_info</name>
         <load_address>0xa446</load_address>
         <run_address>0xa446</run_address>
         <size>0x2c9</size>
         <input_file_ref idref="fl-b"/>
      </object_component>
      <object_component id="oc-262">
         <name>.debug_info</name>
         <load_address>0xa70f</load_address>
         <run_address>0xa70f</run_address>
         <size>0x2aa</size>
         <input_file_ref idref="fl-b"/>
      </object_component>
      <object_component id="oc-258">
         <name>.debug_info</name>
         <load_address>0xa9b9</load_address>
         <run_address>0xa9b9</run_address>
         <size>0x283</size>
         <input_file_ref idref="fl-b"/>
      </object_component>
      <object_component id="oc-383">
         <name>.debug_info</name>
         <load_address>0xac3c</load_address>
         <run_address>0xac3c</run_address>
         <size>0x21b</size>
         <input_file_ref idref="fl-b"/>
      </object_component>
      <object_component id="oc-3ba">
         <name>.debug_info</name>
         <load_address>0xae57</load_address>
         <run_address>0xae57</run_address>
         <size>0x3bd</size>
         <input_file_ref idref="fl-b"/>
      </object_component>
      <object_component id="oc-355">
         <name>.debug_info</name>
         <load_address>0xb214</load_address>
         <run_address>0xb214</run_address>
         <size>0x30e</size>
         <input_file_ref idref="fl-b"/>
      </object_component>
      <object_component id="oc-35b">
         <name>.debug_info</name>
         <load_address>0xb522</load_address>
         <run_address>0xb522</run_address>
         <size>0x30a</size>
         <input_file_ref idref="fl-b"/>
      </object_component>
      <object_component id="oc-367">
         <name>.debug_info</name>
         <load_address>0xb82c</load_address>
         <run_address>0xb82c</run_address>
         <size>0x28f</size>
         <input_file_ref idref="fl-b"/>
      </object_component>
      <object_component id="oc-2a2">
         <name>.debug_info</name>
         <load_address>0xbabb</load_address>
         <run_address>0xbabb</run_address>
         <size>0x4c5</size>
         <input_file_ref idref="fl-b"/>
      </object_component>
      <object_component id="oc-133">
         <name>.debug_info</name>
         <load_address>0xbf80</load_address>
         <run_address>0xbf80</run_address>
         <size>0x23e</size>
         <input_file_ref idref="fl-b"/>
      </object_component>
      <object_component id="oc-14b">
         <name>.debug_info</name>
         <load_address>0xc1be</load_address>
         <run_address>0xc1be</run_address>
         <size>0x312</size>
         <input_file_ref idref="fl-b"/>
      </object_component>
      <object_component id="oc-a0">
         <name>.debug_info</name>
         <load_address>0xc4d0</load_address>
         <run_address>0xc4d0</run_address>
         <size>0x289</size>
         <input_file_ref idref="fl-b"/>
      </object_component>
      <object_component id="oc-13f">
         <name>.debug_info</name>
         <load_address>0xc759</load_address>
         <run_address>0xc759</run_address>
         <size>0x1fe</size>
         <input_file_ref idref="fl-b"/>
      </object_component>
      <object_component id="oc-1da">
         <name>.debug_info</name>
         <load_address>0xc957</load_address>
         <run_address>0xc957</run_address>
         <size>0x239</size>
         <input_file_ref idref="fl-b"/>
      </object_component>
      <object_component id="oc-44f">
         <name>.debug_info</name>
         <load_address>0xcb90</load_address>
         <run_address>0xcb90</run_address>
         <size>0x28f</size>
         <input_file_ref idref="fl-b"/>
      </object_component>
      <object_component id="oc-163">
         <name>.debug_info</name>
         <load_address>0xce1f</load_address>
         <run_address>0xce1f</run_address>
         <size>0x2ef</size>
         <input_file_ref idref="fl-b"/>
      </object_component>
      <object_component id="oc-247">
         <name>.debug_info</name>
         <load_address>0xd10e</load_address>
         <run_address>0xd10e</run_address>
         <size>0x200</size>
         <input_file_ref idref="fl-b"/>
      </object_component>
      <object_component id="oc-3c4">
         <name>.debug_info</name>
         <load_address>0xd30e</load_address>
         <run_address>0xd30e</run_address>
         <size>0x383</size>
         <input_file_ref idref="fl-b"/>
      </object_component>
      <object_component id="oc-45b">
         <name>.debug_info</name>
         <load_address>0xd691</load_address>
         <run_address>0xd691</run_address>
         <size>0x21e</size>
         <input_file_ref idref="fl-b"/>
      </object_component>
      <object_component id="oc-47b">
         <name>.debug_info</name>
         <load_address>0xd8af</load_address>
         <run_address>0xd8af</run_address>
         <size>0x23d</size>
         <input_file_ref idref="fl-b"/>
      </object_component>
      <object_component id="oc-3d2">
         <name>.debug_info</name>
         <load_address>0xdaec</load_address>
         <run_address>0xdaec</run_address>
         <size>0x2d3</size>
         <input_file_ref idref="fl-b"/>
      </object_component>
      <object_component id="oc-2f4">
         <name>.debug_info</name>
         <load_address>0xddbf</load_address>
         <run_address>0xddbf</run_address>
         <size>0x236</size>
         <input_file_ref idref="fl-b"/>
      </object_component>
      <object_component id="oc-21f">
         <name>.debug_info</name>
         <load_address>0xdff5</load_address>
         <run_address>0xdff5</run_address>
         <size>0x169</size>
         <input_file_ref idref="fl-b"/>
      </object_component>
      <object_component id="oc-224">
         <name>.debug_info</name>
         <load_address>0xe15e</load_address>
         <run_address>0xe15e</run_address>
         <size>0x46</size>
         <input_file_ref idref="fl-b"/>
      </object_component>
      <object_component id="oc-108">
         <name>.debug_info</name>
         <load_address>0xe1a4</load_address>
         <run_address>0xe1a4</run_address>
         <size>0x3f4</size>
         <input_file_ref idref="fl-c"/>
      </object_component>
      <object_component id="oc-9b">
         <name>.debug_info</name>
         <load_address>0xe598</load_address>
         <run_address>0xe598</run_address>
         <size>0x162</size>
         <input_file_ref idref="fl-c"/>
      </object_component>
      <object_component id="oc-23e">
         <name>.debug_info</name>
         <load_address>0xe6fa</load_address>
         <run_address>0xe6fa</run_address>
         <size>0x149</size>
         <input_file_ref idref="fl-c"/>
      </object_component>
      <object_component id="oc-42">
         <name>.debug_info</name>
         <load_address>0xe843</load_address>
         <run_address>0xe843</run_address>
         <size>0x25e</size>
         <input_file_ref idref="fl-c"/>
      </object_component>
      <object_component id="oc-3c9">
         <name>.debug_info</name>
         <load_address>0xeaa1</load_address>
         <run_address>0xeaa1</run_address>
         <size>0x24f</size>
         <input_file_ref idref="fl-c"/>
      </object_component>
      <object_component id="oc-2ec">
         <name>.debug_info</name>
         <load_address>0xecf0</load_address>
         <run_address>0xecf0</run_address>
         <size>0x297</size>
         <input_file_ref idref="fl-c"/>
      </object_component>
      <object_component id="oc-137">
         <name>.debug_info</name>
         <load_address>0xef87</load_address>
         <run_address>0xef87</run_address>
         <size>0x241</size>
         <input_file_ref idref="fl-c"/>
      </object_component>
      <object_component id="oc-144">
         <name>.debug_info</name>
         <load_address>0xf1c8</load_address>
         <run_address>0xf1c8</run_address>
         <size>0x243</size>
         <input_file_ref idref="fl-c"/>
      </object_component>
      <object_component id="oc-360">
         <name>.debug_info</name>
         <load_address>0xf40b</load_address>
         <run_address>0xf40b</run_address>
         <size>0x2f8</size>
         <input_file_ref idref="fl-c"/>
      </object_component>
      <object_component id="oc-42c">
         <name>.debug_info</name>
         <load_address>0xf703</load_address>
         <run_address>0xf703</run_address>
         <size>0x231</size>
         <input_file_ref idref="fl-c"/>
      </object_component>
      <object_component id="oc-3d">
         <name>.debug_info</name>
         <load_address>0xf934</load_address>
         <run_address>0xf934</run_address>
         <size>0x297</size>
         <input_file_ref idref="fl-d"/>
      </object_component>
      <object_component id="oc-413">
         <name>.debug_info</name>
         <load_address>0xfbcb</load_address>
         <run_address>0xfbcb</run_address>
         <size>0x3bd</size>
         <input_file_ref idref="fl-e"/>
      </object_component>
      <object_component id="oc-48f">
         <name>.debug_info</name>
         <load_address>0xff88</load_address>
         <run_address>0xff88</run_address>
         <size>0x130</size>
         <input_file_ref idref="fl-e"/>
      </object_component>
      <object_component id="oc-40d">
         <name>.debug_info</name>
         <load_address>0x100b8</load_address>
         <run_address>0x100b8</run_address>
         <size>0x130</size>
         <input_file_ref idref="fl-e"/>
      </object_component>
      <object_component id="oc-410">
         <name>.debug_info</name>
         <load_address>0x101e8</load_address>
         <run_address>0x101e8</run_address>
         <size>0x12c</size>
         <input_file_ref idref="fl-e"/>
      </object_component>
      <object_component id="oc-40a">
         <name>.debug_info</name>
         <load_address>0x10314</load_address>
         <run_address>0x10314</run_address>
         <size>0x14a</size>
         <input_file_ref idref="fl-e"/>
      </object_component>
      <object_component id="oc-41c">
         <name>.debug_info</name>
         <load_address>0x1045e</load_address>
         <run_address>0x1045e</run_address>
         <size>0x2ba</size>
         <input_file_ref idref="fl-e"/>
      </object_component>
      <object_component id="oc-404">
         <name>.debug_info</name>
         <load_address>0x10718</load_address>
         <run_address>0x10718</run_address>
         <size>0x22b</size>
         <input_file_ref idref="fl-e"/>
      </object_component>
      <object_component id="oc-347">
         <name>.debug_info</name>
         <load_address>0x10943</load_address>
         <run_address>0x10943</run_address>
         <size>0x39d</size>
         <input_file_ref idref="fl-e"/>
      </object_component>
      <object_component id="oc-496">
         <name>.debug_info</name>
         <load_address>0x10ce0</load_address>
         <run_address>0x10ce0</run_address>
         <size>0x62</size>
         <input_file_ref idref="fl-e"/>
      </object_component>
      <object_component id="oc-345">
         <name>.debug_info</name>
         <load_address>0x10d42</load_address>
         <run_address>0x10d42</run_address>
         <size>0x2d3</size>
         <input_file_ref idref="fl-f"/>
      </object_component>
      <object_component id="oc-342">
         <name>.debug_info</name>
         <load_address>0x11015</load_address>
         <run_address>0x11015</run_address>
         <size>0x114</size>
         <input_file_ref idref="fl-f"/>
      </object_component>
      <object_component id="oc-33c">
         <name>.debug_info</name>
         <load_address>0x11129</load_address>
         <run_address>0x11129</run_address>
         <size>0x11c</size>
         <input_file_ref idref="fl-f"/>
      </object_component>
      <object_component id="oc-339">
         <name>.debug_info</name>
         <load_address>0x11245</load_address>
         <run_address>0x11245</run_address>
         <size>0x120</size>
         <input_file_ref idref="fl-f"/>
      </object_component>
      <object_component id="oc-4aa">
         <name>.debug_info</name>
         <load_address>0x11365</load_address>
         <run_address>0x11365</run_address>
         <size>0x233</size>
         <input_file_ref idref="fl-f"/>
      </object_component>
      <object_component id="oc-43b">
         <name>.debug_info</name>
         <load_address>0x11598</load_address>
         <run_address>0x11598</run_address>
         <size>0x365</size>
         <input_file_ref idref="fl-f"/>
      </object_component>
      <object_component id="oc-36d">
         <name>.debug_info</name>
         <load_address>0x118fd</load_address>
         <run_address>0x118fd</run_address>
         <size>0x200</size>
         <input_file_ref idref="fl-f"/>
      </object_component>
      <object_component id="oc-33f">
         <name>.debug_info</name>
         <load_address>0x11afd</load_address>
         <run_address>0x11afd</run_address>
         <size>0x27e</size>
         <input_file_ref idref="fl-f"/>
      </object_component>
      <object_component id="oc-293">
         <name>.debug_info</name>
         <load_address>0x11d7b</load_address>
         <run_address>0x11d7b</run_address>
         <size>0x296</size>
         <input_file_ref idref="fl-f"/>
      </object_component>
      <object_component id="oc-62">
         <name>.debug_info</name>
         <load_address>0x12011</load_address>
         <run_address>0x12011</run_address>
         <size>0x11d</size>
         <input_file_ref idref="fl-cb"/>
      </object_component>
      <object_component id="oc-4b2">
         <name>.debug_info</name>
         <load_address>0x1212e</load_address>
         <run_address>0x1212e</run_address>
         <size>0x146</size>
         <input_file_ref idref="fl-cc"/>
      </object_component>
      <object_component id="oc-e1">
         <name>.debug_info</name>
         <load_address>0x12274</load_address>
         <run_address>0x12274</run_address>
         <size>0x14b</size>
         <input_file_ref idref="fl-cd"/>
      </object_component>
      <object_component id="oc-df">
         <name>.debug_info</name>
         <load_address>0x123bf</load_address>
         <run_address>0x123bf</run_address>
         <size>0x2d8</size>
         <input_file_ref idref="fl-ce"/>
      </object_component>
      <object_component id="oc-74">
         <name>.debug_info</name>
         <load_address>0x12697</load_address>
         <run_address>0x12697</run_address>
         <size>0x1b9</size>
         <input_file_ref idref="fl-ce"/>
      </object_component>
      <object_component id="oc-da">
         <name>.debug_info</name>
         <load_address>0x12850</load_address>
         <run_address>0x12850</run_address>
         <size>0x46</size>
         <input_file_ref idref="fl-ce"/>
      </object_component>
      <object_component id="oc-6c">
         <name>.debug_info</name>
         <load_address>0x12896</load_address>
         <run_address>0x12896</run_address>
         <size>0x2ac</size>
         <input_file_ref idref="fl-cf"/>
      </object_component>
      <object_component id="oc-1a">
         <name>.debug_info</name>
[...]
         </cprec>
         <cprec>
            <name>.bss</name>
            <load_address>0x26c8</load_address>
            <load_size>0x8</load_size>
            <run_address>0x20000000</run_address>
            <run_size>0x7704</run_size>
            <compression>zero_init</compression>
         </cprec>
      </cptbl>
   </cptbl_list>
   <handler_table>
      <handler_table_name>__TI_handler_table</handler_table_name>
      <handler>
         <index>0x0</index>
         <name>__TI_decompress_lzss</name>
      </handler>
      <handler>
         <index>0x1</index>
         <name>__TI_decompress_none</name>
      </handler>
      <handler>
         <index>0x2</index>
         <name>__TI_zero_init</name>
      </handler>
   </handler_table>
   <symbol_table>
      <symbol id="sm-1">
         <name>__STACK_TOP</name>
         <value>0x20007908</value>
      </symbol>
      <symbol id="sm-2">
         <name>__TI_CINIT_Base</name>
         <value>0x26d0</value>
      </symbol>
      <symbol id="sm-3">
         <name>__TI_CINIT_Limit</name>
         <value>0x26e0</value>
      </symbol>
      <symbol id="sm-4">
         <name>__TI_Handler_Table_Base</name>
         <value>0x26b8</value>
      </symbol>
      <symbol id="sm-5">
         <name>__TI_Handler_Table_Limit</name>
         <value>0x26c4</value>
      </symbol>
      <symbol id="sm-6">
         <name>binit</name>
         <value>0xffffffff</value>
      </symbol>
      <symbol id="sm-7">
         <name>__binit__</name>
         <value>0xffffffff</value>
      </symbol>
      <symbol id="sm-8">
         <name>__STACK_SIZE</name>
         <value>0x200</value>
      </symbol>
      <symbol id="sm-9">
         <name>__STACK_END</name>
         <value>0x20007908</value>
      </symbol>
      <symbol id="sm-a">
         <name>__c_args__</name>
         <value>0xffffffff</value>
      </symbol>
      <symbol id="sm-b">
         <name>__TI_pprof_out_hndl</name>
         <value>0xffffffff</value>
      </symbol>
      <symbol id="sm-c">
         <name>__TI_prof_data_start</name>
         <value>0xffffffff</value>
      </symbol>
      <symbol id="sm-d">
         <name>__TI_prof_data_size</name>
         <value>0xffffffff</value>
      </symbol>
      <symbol id="sm-79">
         <name>g_ui32SysClock</name>
         <value>0x200076f4</value>
      </symbol>
      <symbol id="sm-7a">
         <name>AlertTaskInit</name>
         <value>0x1f95</value>
         <object_component_ref idref="oc-1d1"/>
      </symbol>
      <symbol id="sm-7b">
         <name>xAlertTask</name>
         <value>0x20007948</value>
         <object_component_ref idref="oc-2e1"/>
      </symbol>
      <symbol id="sm-bf">
         <name>vApplicationStackOverflowHook</name>
         <value>0x1b13</value>
         <object_component_ref idref="oc-109"/>
      </symbol>
      <symbol id="sm-c0">
         <name>main</name>
         <value>0x1da5</value>
         <object_component_ref idref="oc-ec"/>
      </symbol>
      <symbol id="sm-c1">
         <name>ConfigureUART</name>
         <value>0x1a09</value>
         <object_component_ref idref="oc-1b9"/>
      </symbol>
      <symbol id="sm-104">
         <name>g_ui32Flags</name>
         <value>0x200076f0</value>
      </symbol>
      <symbol id="sm-105">
         <name>xSemaphoreLed</name>
         <value>0x200076fc</value>
      </symbol>
      <symbol id="sm-106">
         <name>LEDTaskInit</name>
         <value>0xcf5</value>
         <object_component_ref idref="oc-1c5"/>
      </symbol>
      <symbol id="sm-107">
         <name>Timer0IntHandler</name>
         <value>0x2131</value>
         <object_component_ref idref="oc-47"/>
      </symbol>
      <symbol id="sm-136">
         <name>xQueue</name>
         <value>0x200076f8</value>
      </symbol>
      <symbol id="sm-137">
         <name>DequeueFromLogTask</name>
         <value>0xdcd</value>
         <object_component_ref idref="oc-2a5"/>
      </symbol>
      <symbol id="sm-138">
         <name>LogTaskInit</name>
         <value>0x1d1d</value>
         <object_component_ref idref="oc-1bf"/>
      </symbol>
      <symbol id="sm-139">
         <name>enqueueForLog</name>
         <value>0x2225</value>
         <object_component_ref idref="oc-38d"/>
      </symbol>
      <symbol id="sm-14e">
         <name>I2CGet2Bytes</name>
         <value>0x12c9</value>
         <object_component_ref idref="oc-46b"/>
      </symbol>
      <symbol id="sm-17f">
         <name>ResetISR</name>
         <value>0x237d</value>
         <object_component_ref idref="oc-24"/>
      </symbol>
      <symbol id="sm-180">
         <name>g_pfnVectors</name>
         <value>0x0</value>
         <object_component_ref idref="oc-f"/>
      </symbol>
      <symbol id="sm-1ce">
         <name>xSemaphoreTemp</name>
         <value>0x20007700</value>
      </symbol>
      <symbol id="sm-1cf">
         <name>TempTaskInit</name>
         <value>0xa39</value>
         <object_component_ref idref="oc-1cb"/>
      </symbol>
      <symbol id="sm-1d0">
         <name>thighReg</name>
         <value>0x20007953</value>
         <object_component_ref idref="oc-471"/>
      </symbol>
      <symbol id="sm-1d1">
         <name>tlowReg</name>
         <value>0x20007952</value>
         <object_component_ref idref="oc-471"/>
      </symbol>
      <symbol id="sm-1d2">
         <name>tempReg</name>
         <value>0x20007950</value>
         <object_component_ref idref="oc-471"/>
      </symbol>
      <symbol id="sm-1d3">
         <name>configReg</name>
         <value>0x20007951</value>
         <object_component_ref idref="oc-471"/>
      </symbol>
      <symbol id="sm-1d4">
         <name>Timer1IntHandler</name>
         <value>0x2155</value>
         <object_component_ref idref="oc-4d"/>
      </symbol>
      <symbol id="sm-209">
         <name>uxListRemove</name>
         <value>0x2199</value>
         <object_component_ref idref="oc-119"/>
      </symbol>
      <symbol id="sm-20a">
         <name>vListInsert</name>
         <value>0x1f5d</value>
         <object_component_ref idref="oc-250"/>
      </symbol>
      <symbol id="sm-20b">
         <name>vListInitialiseItem</name>
         <value>0x2383</value>
         <object_component_ref idref="oc-422"/>
      </symbol>
      <symbol id="sm-20c">
         <name>vListInsertEnd</name>
         <value>0x2255</value>
         <object_component_ref idref="oc-11f"/>
      </symbol>
      <symbol id="sm-20d">
         <name>vListInitialise</name>
         <value>0x229d</value>
         <object_component_ref idref="oc-414"/>
      </symbol>
      <symbol id="sm-294">
         <name>xQueueGenericCreate</name>
         <value>0x1ead</value>
         <object_component_ref idref="oc-299"/>
      </symbol>
      <symbol id="sm-295">
         <name>xQueueGenericSend</name>
         <value>0xb29</value>
         <object_component_ref idref="oc-b1"/>
      </symbol>
      <symbol id="sm-296">
         <name>xQueueGenericReset</name>
         <value>0x1475</value>
         <object_component_ref idref="oc-34c"/>
      </symbol>
      <symbol id="sm-297">
         <name>xQueueGenericReceive</name>
         <value>0x71d</value>
         <object_component_ref idref="oc-372"/>
      </symbol>
      <symbol id="sm-470">
         <name>vTaskSuspendAll</name>
         <value>0x2311</value>
         <object_component_ref idref="oc-13c"/>
      </symbol>
      <symbol id="sm-471">
         <name>vTaskPriorityInherit</name>
         <value>0x1359</value>
         <object_component_ref idref="oc-44c"/>
      </symbol>
      <symbol id="sm-472">
         <name>vTaskPlaceOnEventList</name>
         <value>0x1821</value>
         <object_component_ref idref="oc-160"/>
      </symbol>
      <symbol id="sm-473">
         <name>ulTaskNotifyTake</name>
         <value>0x1189</value>
         <object_component_ref idref="oc-3c1"/>
      </symbol>
      <symbol id="sm-474">
         <name>xTaskCheckForTimeOut</name>
         <value>0x1b15</value>
         <object_component_ref idref="oc-148"/>
      </symbol>
      <symbol id="sm-475">
         <name>xTaskPriorityDisinherit</name>
         <value>0x1575</value>
         <object_component_ref idref="oc-260"/>
      </symbol>
      <symbol id="sm-476">
         <name>vTaskStartScheduler</name>
         <value>0x19a9</value>
         <object_component_ref idref="oc-1d7"/>
      </symbol>
      <symbol id="sm-477">
         <name>pvTaskIncrementMutexHeldCount</name>
         <value>0x223d</value>
         <object_component_ref idref="oc-458"/>
      </symbol>
      <symbol id="sm-478">
         <name>xTaskGenericNotify</name>
         <value>0x10dd</value>
         <object_component_ref idref="oc-3b8"/>
      </symbol>
      <symbol id="sm-479">
         <name>vTaskMissedYield</name>
         <value>0x233d</value>
         <object_component_ref idref="oc-244"/>
      </symbol>
      <symbol id="sm-47a">
         <name>xTaskResumeAll</name>
         <value>0xc11</value>
         <object_component_ref idref="oc-154"/>
      </symbol>
      <symbol id="sm-47b">
         <name>xTaskGetTickCount</name>
         <value>0x2349</value>
         <object_component_ref idref="oc-381"/>
      </symbol>
      <symbol id="sm-47c">
         <name>xTaskGenericCreate</name>
         <value>0x939</value>
         <object_component_ref idref="oc-29f"/>
      </symbol>
      <symbol id="sm-47d">
         <name>pxCurrentTCB</name>
         <value>0x20007908</value>
         <object_component_ref idref="oc-97"/>
      </symbol>
      <symbol id="sm-47e">
         <name>vTaskSetTimeOutState</name>
         <value>0x2285</value>
         <object_component_ref idref="oc-130"/>
      </symbol>
      <symbol id="sm-47f">
         <name>xTaskIncrementTick</name>
         <value>0x835</value>
         <object_component_ref idref="oc-a4"/>
      </symbol>
      <symbol id="sm-480">
         <name>vTaskSwitchContext</name>
         <value>0x13e9</value>
         <object_component_ref idref="oc-9d"/>
      </symbol>
      <symbol id="sm-481">
         <name>xTaskRemoveFromEventList</name>
         <value>0x1661</value>
         <object_component_ref idref="oc-16c"/>
      </symbol>
      <symbol id="sm-4db">
         <name>ulMaxSyscallInterruptPriority</name>
         <value>0x269c</value>
         <object_component_ref idref="oc-9a"/>
      </symbol>
      <symbol id="sm-4dc">
         <name>vPortSetupTimerInterrupt</name>
         <value>0x22b5</value>
         <object_component_ref idref="oc-3c8"/>
      </symbol>
      <symbol id="sm-4dd">
         <name>xPortSysTickHandler</name>
         <value>0x2061</value>
         <object_component_ref idref="oc-41"/>
      </symbol>
      <symbol id="sm-4de">
         <name>pxPortInitialiseStack</name>
         <value>0x20e1</value>
         <object_component_ref idref="oc-35f"/>
      </symbol>
      <symbol id="sm-4df">
         <name>vPortExitCritical</name>
         <value>0x226d</value>
         <object_component_ref idref="oc-136"/>
      </symbol>
      <symbol id="sm-4e0">
         <name>xPortStartScheduler</name>
         <value>0x1e6d</value>
         <object_component_ref idref="oc-2eb"/>
      </symbol>
      <symbol id="sm-4e1">
         <name>vPortEnterCritical</name>
         <value>0x21d5</value>
         <object_component_ref idref="oc-142"/>
      </symbol>
      <symbol id="sm-4f0">
         <name>vPortStartFirstTask</name>
         <value>0xf49</value>
         <object_component_ref idref="oc-3c"/>
      </symbol>
      <symbol id="sm-4f1">
         <name>ulPortGetIPSR</name>
         <value>0xeb1</value>
         <object_component_ref idref="oc-3c"/>
      </symbol>
      <symbol id="sm-4f2">
         <name>vPortEnableVFP</name>
         <value>0xf65</value>
         <object_component_ref idref="oc-3c"/>
      </symbol>
      <symbol id="sm-4f3">
         <name>xPortPendSVHandler</name>
         <value>0xec9</value>
         <object_component_ref idref="oc-3c"/>
      </symbol>
      <symbol id="sm-4f4">
         <name>vPortSVCHandler</name>
         <value>0xf29</value>
         <object_component_ref idref="oc-3c"/>
      </symbol>
      <symbol id="sm-549">
         <name>pvPortMalloc</name>
         <value>0x1031</value>
         <object_component_ref idref="oc-346"/>
      </symbol>
      <symbol id="sm-54a">
         <name>vPortFree</name>
         <value>0x1de9</value>
         <object_component_ref idref="oc-41b"/>
      </symbol>
      <symbol id="sm-5b8">
         <name>UARTStdioConfig</name>
         <value>0x18e9</value>
         <object_component_ref idref="oc-292"/>
      </symbol>
      <symbol id="sm-5b9">
         <name>UARTwrite</name>
         <value>0x1c49</value>
         <object_component_ref idref="oc-4a9"/>
      </symbol>
      <symbol id="sm-5ba">
         <name>UARTprintf</name>
         <value>0x21f1</value>
         <object_component_ref idref="oc-36c"/>
      </symbol>
      <symbol id="sm-5bb">
         <name>UARTvprintf</name>
         <value>0x401</value>
         <object_component_ref idref="oc-43a"/>
      </symbol>
      <symbol id="sm-5d7">
         <name>memcpy</name>
         <value>0x122d</value>
         <object_component_ref idref="oc-61"/>
      </symbol>
      <symbol id="sm-5d8">
         <name>__aeabi_memcpy</name>
         <value>0x122d</value>
         <object_component_ref idref="oc-61"/>
      </symbol>
      <symbol id="sm-5d9">
         <name>__aeabi_memcpy8</name>
         <value>0x122d</value>
         <object_component_ref idref="oc-61"/>
      </symbol>
      <symbol id="sm-5da">
         <name>__aeabi_memcpy4</name>
         <value>0x122d</value>
         <object_component_ref idref="oc-61"/>
      </symbol>
      <symbol id="sm-5e9">
         <name>__aeabi_uidivmod</name>
         <value>0x1e2d</value>
         <object_component_ref idref="oc-4af"/>
      </symbol>
      <symbol id="sm-5ea">
         <name>__aeabi_uidiv</name>
         <value>0x1e2d</value>
         <object_component_ref idref="oc-4af"/>
      </symbol>
      <symbol id="sm-5f9">
         <name>__aeabi_memset</name>
         <value>0x14fb</value>
         <object_component_ref idref="oc-e0"/>
      </symbol>
      <symbol id="sm-5fa">
         <name>memset</name>
         <value>0x1501</value>
         <object_component_ref idref="oc-e0"/>
      </symbol>
      <symbol id="sm-5fb">
         <name>__aeabi_memset8</name>
         <value>0x14fb</value>
         <object_component_ref idref="oc-e0"/>
      </symbol>
      <symbol id="sm-5fc">
         <name>__aeabi_memset4</name>
         <value>0x14fb</value>
         <object_component_ref idref="oc-e0"/>
      </symbol>
      <symbol id="sm-5fd">
         <name>__aeabi_memclr8</name>
         <value>0x14f9</value>
         <object_component_ref idref="oc-e0"/>
      </symbol>
      <symbol id="sm-5fe">
         <name>__aeabi_memclr4</name>
         <value>0x14f9</value>
         <object_component_ref idref="oc-e0"/>
      </symbol>
      <symbol id="sm-5ff">
         <name>__aeabi_memclr</name>
         <value>0x14f9</value>
         <object_component_ref idref="oc-e0"/>
      </symbol>
      <symbol id="sm-611">
         <name>__TI_zero_init</name>
         <value>0x232f</value>
         <object_component_ref idref="oc-73"/>
      </symbol>
      <symbol id="sm-628">
         <name>__TI_decompress_none</name>
         <value>0x2321</value>
         <object_component_ref idref="oc-18"/>
      </symbol>
      <symbol id="sm-64b">
         <name>__TI_decompress_lzss</name>
         <value>0x17b9</value>
         <object_component_ref idref="oc-12"/>
      </symbol>
      <symbol id="sm-65e">
         <name>__stack</name>
         <value>0x20007708</value>
         <object_component_ref idref="oc-21"/>
      </symbol>
      <symbol id="sm-65f">
         <name>_c_int00_noargs</name>
         <value>0x1ffd</value>
         <object_component_ref idref="oc-7f"/>
      </symbol>
      <symbol id="sm-669">
         <name>__aeabi_idiv0</name>
         <value>0x18e7</value>
         <object_component_ref idref="oc-4df"/>
      </symbol>
      <symbol id="sm-66a">
         <name>__aeabi_ldiv0</name>
         <value>0x18e7</value>
         <object_component_ref idref="oc-4df"/>
      </symbol>
      <symbol id="sm-692">
         <name>__TI_auto_init_nobinit_nopinit</name>
         <value>0x1d61</value>
         <object_component_ref idref="oc-1eb"/>
      </symbol>
      <symbol id="sm-69c">
         <name>_system_pre_init</name>
         <value>0x2399</value>
         <object_component_ref idref="oc-e6"/>
      </symbol>
      <symbol id="sm-6a8">
         <name>C$$EXIT</name>
         <value>0x239d</value>
         <object_component_ref idref="oc-1df"/>
      </symbol>
      <symbol id="sm-6a9">
         <name>abort</name>
         <value>0x239d</value>
         <object_component_ref idref="oc-1df"/>
      </symbol>
      <symbol id="sm-6f2">
         <name>GPIOPinConfigure</name>
         <value>0x1c01</value>
         <object_component_ref idref="oc-2c2"/>
      </symbol>
      <symbol id="sm-6f3">
         <name>GPIOPinTypeI2CSCL</name>
         <value>0x22db</value>
         <object_component_ref idref="oc-2c8"/>
      </symbol>
      <symbol id="sm-6f4">
         <name>GPIOPinTypeI2C</name>
         <value>0x22c9</value>
         <object_component_ref idref="oc-2ce"/>
      </symbol>
      <symbol id="sm-6f5">
         <name>GPIODirModeSet</name>
         <value>0x208d</value>
         <object_component_ref idref="oc-39c"/>
      </symbol>
      <symbol id="sm-6f6">
         <name>GPIOPinWrite</name>
         <value>0x2377</value>
         <object_component_ref idref="oc-387"/>
      </symbol>
      <symbol id="sm-6f7">
         <name>GPIOPadConfigSet</name>
         <value>0x5eb</value>
         <object_component_ref idref="oc-3a2"/>
      </symbol>
      <symbol id="sm-738">
         <name>I2CMasterDataPut</name>
         <value>0x2391</value>
         <object_component_ref idref="oc-4bf"/>
      </symbol>
      <symbol id="sm-739">
         <name>I2CMasterInitExpClk</name>
         <value>0x1b69</value>
         <object_component_ref idref="oc-2d4"/>
      </symbol>
      <symbol id="sm-73a">
         <name>I2CMasterSlaveAddrSet</name>
         <value>0x2367</value>
         <object_component_ref idref="oc-4b9"/>
      </symbol>
      <symbol id="sm-73b">
         <name>I2CMasterDataGet</name>
         <value>0x238d</value>
         <object_component_ref idref="oc-4d1"/>
      </symbol>
      <symbol id="sm-73c">
         <name>I2CMasterControl</name>
         <value>0x2389</value>
         <object_component_ref idref="oc-4c5"/>
      </symbol>
      <symbol id="sm-73d">
         <name>I2CMasterBusy</name>
         <value>0x235f</value>
         <object_component_ref idref="oc-4cb"/>
      </symbol>
      <symbol id="sm-73e">
         <name>I2CMasterEnable</name>
         <value>0x2355</value>
         <object_component_ref idref="oc-3aa"/>
      </symbol>
      <symbol id="sm-7b9">
         <name>SysCtlPeripheralEnable</name>
         <value>0x1fc9</value>
         <object_component_ref idref="oc-2bc"/>
      </symbol>
      <symbol id="sm-7ba">
         <name>SysCtlPeripheralReady</name>
         <value>0x1f25</value>
         <object_component_ref idref="oc-2af"/>
      </symbol>
      <symbol id="sm-7bb">
         <name>SysCtlClockFreqSet</name>
         <value>0x201</value>
         <object_component_ref idref="oc-1b3"/>
      </symbol>
      <symbol id="sm-7c8">
         <name>TimerIntClear</name>
         <value>0x2395</value>
         <object_component_ref idref="oc-ab"/>
      </symbol>
      <symbol id="sm-7ca">
         <name>__TI_static_base__</name>
         <value>0x0</value>
      </symbol>
      <symbol id="sm-7cd">
         <name>__mpu_init</name>
         <value>0x0</value>
      </symbol>
      <symbol id="sm-7ce">
         <name>_system_post_cinit</name>
         <value>0x0</value>
      </symbol>
   </symbol_table>
   <title>Link successful</title>
</link_info>
