******************************************************************************
                  TI ARM Linker PC v18.12.1                    
******************************************************************************
>> Linked Thu Apr 18 15:34:22 2019

OUTPUT FILE NAME:   <Smart-Lighting-Solution.out>
ENTRY POINT SYMBOL: "_c_int00_noargs"  address: 00000e39


MEMORY CONFIGURATION

         name            origin    length      used     unused   attr    fill
----------------------  --------  ---------  --------  --------  ----  --------
  FLASH                 00000000   00100000  000013ec  000fec14  R  X
  SRAM                  20000000   00040000  00007934  000386cc  RW X


SEGMENT ALLOCATION MAP

run origin  load origin   length   init length attrs members
----------  ----------- ---------- ----------- ----- -------
00000000    00000000    000013f0   000013f0    r-x
  00000000    00000000    00000200   00000200    r-- .intvecs
  00000200    00000200    00000f44   00000f44    r-x .text
  00001144    00001144    00000270   00000270    r-- .const
  000013b8    000013b8    00000038   00000038    r-- .cinit
20000000    20000000    00007934   00000000    rw-
  20000000    20000000    000076f0   00000000    rw- .bss
  200076f0    200076f0    00000200   00000000    rw- .stack
  200078f0    200078f0    00000044   00000000    rw- .data


SECTION ALLOCATION MAP

 output                                  attributes/
section   page    origin      length       input sections
--------  ----  ----------  ----------   ----------------
.intvecs   0    00000000    00000200     
                  00000000    00000200     startup_ccs.obj (.intvecs)

.text      0    00000200    00000f44     
                  00000200    00000200     driverlib.lib : sysctl.obj (.text:SysCtlClockFreqSet)
                  00000400    00000104     tasks.obj (.text:xTaskIncrementTick)
                  00000504    00000100     tasks.obj (.text:xTaskGenericCreate)
                  00000604    000000e4     tasks.obj (.text:xTaskResumeAll)
                  000006e8    000000d2     portasm.obj (.text)
                  000007ba    00000002     log_task.obj (.text:DequeueFromLogTask)
                  000007bc    000000ac     heap_2.obj (.text:pvPortMalloc)
                  00000868    0000009c     rtsv7M4_T_le_v4SPD16_eabi.lib : memcpy_t2.asm.obj (.text)
                  00000904    0000008c     tasks.obj (.text:vTaskSwitchContext)
                  00000990    0000007a     rtsv7M4_T_le_v4SPD16_eabi.lib : memset_t2.asm.obj (.text)
                  00000a0a    00000068                                   : copy_decompress_lzss.c.obj (.text:decompress:lzss:__TI_decompress_lzss)
                  00000a72    00000002     startup_ccs.obj (.text:FaultISR)
                  00000a74    00000060     uartstdio.obj (.text:UARTStdioConfig)
                  00000ad4    00000060     tasks.obj (.text:prvInitialiseTaskLists)
                  00000b34    00000060     tasks.obj (.text:vTaskStartScheduler)
                  00000b94    0000005c     freertos_demo.obj (.text:ConfigureUART)
                  00000bf0    00000058     tasks.obj (.text:prvCheckTasksWaitingTermination)
                  00000c48    00000056     tasks.obj (.text:prvInitialiseTCBVariables)
                  00000c9e    00000002     startup_ccs.obj (.text:IntDefaultHandler)
                  00000ca0    0000004c     freertos_demo.obj (.text:main)
                  00000cec    00000048     driverlib.lib : sysctl.obj (.text:_SysCtlFrequencyGet)
                  00000d34    00000044     rtsv7M4_T_le_v4SPD16_eabi.lib : autoinit.c.obj (.text:__TI_auto_init_nobinit_nopinit:__TI_auto_init_nobinit_nopinit)
                  00000d78    00000044     heap_2.obj (.text:vPortFree)
                  00000dbc    00000040     port.obj (.text:xPortStartScheduler)
                  00000dfc    0000003a     tasks.obj (.text:prvAllocateTCBAndStack)
                  00000e36    00000002     startup_ccs.obj (.text:NmiSR)
                  00000e38    00000034     rtsv7M4_T_le_v4SPD16_eabi.lib : boot_cortex_m.c.obj (.text:_c_int00_noargs:_c_int00_noargs)
                  00000e6c    00000034     light_task.obj (.text:lightTaskInit)
                  00000ea0    00000034     log_task.obj (.text:logTaskInit)
                  00000ed4    00000034     lum_task.obj (.text:lumTaskInit)
                  00000f08    00000034     motor_task.obj (.text:motorTaskInit)
                  00000f3c    00000034     prox_task.obj (.text:proxTaskInit)
                  00000f70    00000030     heap_2.obj (.text:prvHeapInit)
                  00000fa0    0000002c     port.obj (.text:xPortSysTickHandler)
                  00000fcc    00000028     tasks.obj (.text:prvResetNextTaskUnblockTime)
                  00000ff4    00000028     port.obj (.text:pxPortInitialiseStack)
                  0000101c    00000020     driverlib.lib : sysctl.obj (.text:_SysCtlMemTimingGet)
                  0000103c    00000020     list.obj (.text:uxListRemove)
                  0000105c    0000001c     port.obj (.text:vPortEnterCritical)
                  00001078    00000018     list.obj (.text:vListInsertEnd)
                  00001090    00000018     port.obj (.text:vPortExitCritical)
                  000010a8    00000016     list.obj (.text:vListInitialise)
                  000010be    00000002     light_task.obj (.text:lightTask)
                  000010c0    00000014     port.obj (.text:vPortSetupTimerInterrupt)
                  000010d4    00000012     tasks.obj (.text:prvDeleteTCB)
                  000010e6    00000010     port.obj (.text:prvTaskExitError)
                  000010f6    00000002     lum_task.obj (.text:lumTask)
                  000010f8    00000010     tasks.obj (.text:vTaskSuspendAll)
                  00001108    0000000e     rtsv7M4_T_le_v4SPD16_eabi.lib : copy_decompress_none.c.obj (.text:decompress:none:__TI_decompress_none)
                  00001116    0000000c                                   : copy_zero_init.c.obj (.text:decompress:ZI:__TI_zero_init)
                  00001122    00000008     tasks.obj (.text:prvIdleTask)
                  0000112a    00000006     startup_ccs.obj (.text:ResetISR)
                  00001130    00000006     list.obj (.text:vListInitialiseItem)
                  00001136    00000004     rtsv7M4_T_le_v4SPD16_eabi.lib : pre_init.c.obj (.text:_system_pre_init)
                  0000113a    00000004                                   : exit.c.obj (.text:abort:abort)
                  0000113e    00000002     motor_task.obj (.text:motorTask)
                  00001140    00000002     prox_task.obj (.text:proxTask)
                  00001142    00000002     freertos_demo.obj (.text:vApplicationStackOverflowHook)

.const     0    00001144    00000270     
                  00001144    000001b0     driverlib.lib : sysctl.obj (.const:g_pppui32XTALtoVCO)
                  000012f4    0000006c                   : sysctl.obj (.const:g_pui32Xtals)
                  00001360    00000030                   : sysctl.obj (.const:g_sXTALtoMEMTIM)
                  00001390    0000000c     uartstdio.obj (.const:g_ui32UARTBase)
                  0000139c    0000000c     uartstdio.obj (.const:g_ui32UARTPeriph)
                  000013a8    00000008     driverlib.lib : sysctl.obj (.const)
                  000013b0    00000004     port.obj (.const)

.cinit     0    000013b8    00000038     
                  000013b8    0000000f     (.cinit..data.load) [load image, compression = lzss]
                  000013c7    00000001     --HOLE-- [fill = 0]
                  000013c8    0000000c     (__TI_handler_table)
                  000013d4    00000004     --HOLE-- [fill = 0]
                  000013d8    00000008     (.cinit..bss.load) [load image, compression = zero_init]
                  000013e0    00000010     (__TI_cinit_table)

.init_array 
*          0    00000000    00000000     UNINITIALIZED

.bss       0    20000000    000076f0     UNINITIALIZED
                  20000000    00007530     heap_2.obj (.bss:ucHeap)
                  20007530    00000140     tasks.obj (.bss:pxReadyTasksLists)
                  20007670    00000014     tasks.obj (.bss:xDelayedTaskList1)
                  20007684    00000014     tasks.obj (.bss:xDelayedTaskList2)
                  20007698    00000014     tasks.obj (.bss:xPendingReadyList)
                  200076ac    00000014     tasks.obj (.bss:xSuspendedTaskList)
                  200076c0    00000014     tasks.obj (.bss:xTasksWaitingTermination)
                  200076d4    00000008     tasks.obj (.bss)
                  200076dc    00000008     heap_2.obj (.bss:xEnd)
                  200076e4    00000008     heap_2.obj (.bss:xStart)
                  200076ec    00000004     (.common:g_ui32SysClock)

.data      0    200078f0    00000044     UNINITIALIZED
                  200078f0    00000030     tasks.obj (.data)
                  20007920    00000008     heap_2.obj (.data)
                  20007928    00000005     uartstdio.obj (.data)
                  2000792d    00000003     --HOLE--
                  20007930    00000004     port.obj (.data)

.stack     0    200076f0    00000200     UNINITIALIZED
                  200076f0    00000004     rtsv7M4_T_le_v4SPD16_eabi.lib : boot_cortex_m.c.obj (.stack)
                  200076f4    000001fc     --HOLE--

MODULE SUMMARY

       Module                       code   ro data   rw data
       ------                       ----   -------   -------
    .\
       startup_ccs.obj              12     512       0      
       freertos_demo.obj            170    0         0      
       light_task.obj               54     0         4      
       log_task.obj                 54     0         0      
       lum_task.obj                 54     0         0      
       motor_task.obj               54     0         0      
       prox_task.obj                54     0         0      
    +--+----------------------------+------+---------+---------+
       Total:                       452    512       4      
                                                            
    .\third_party\FreeRTOS\Source\
       tasks.obj                    1390   0         476    
       list.obj                     84     0         0      
    +--+----------------------------+------+---------+---------+
       Total:                       1474   0         476    
                                                            
    .\third_party\FreeRTOS\Source\portable\CCS\ARM_CM4F\
       port.obj                     236    4         4      
       portasm.obj                  210    0         0      
    +--+----------------------------+------+---------+---------+
       Total:                       446    4         4      
                                                            
    .\third_party\FreeRTOS\Source\portable\MemMang\
       heap_2.obj                   288    0         30024  
    +--+----------------------------+------+---------+---------+
       Total:                       288    0         30024  
                                                            
    .\utils\
       uartstdio.obj                96     24        5      
    +--+----------------------------+------+---------+---------+
       Total:                       96     24        5      
                                                            
    D:/Installed_Softwares/ti/TivaWare_C_Series-2.1.4.178/driverlib/ccs/Debug/driverlib.lib
       sysctl.obj                   616    596       0      
    +--+----------------------------+------+---------+---------+
       Total:                       616    596       0      
                                                            
    D:\Installed_Softwares\ti\ccs900\ccs\tools\compiler\ti-cgt-arm_18.12.1.LTS\lib\rtsv7M4_T_le_v4SPD16_eabi.lib
       memcpy_t2.asm.obj            156    0         0      
       memset_t2.asm.obj            122    0         0      
       copy_decompress_lzss.c.obj   104    0         0      
       autoinit.c.obj               68     0         0      
       boot_cortex_m.c.obj          52     0         0      
       copy_decompress_none.c.obj   14     0         0      
       copy_zero_init.c.obj         12     0         0      
       exit.c.obj                   4      0         0      
       pre_init.c.obj               4      0         0      
    +--+----------------------------+------+---------+---------+
       Total:                       536    0         0      
                                                            
       Stack:                       0      0         512    
       Linker Generated:            0      51        0      
    +--+----------------------------+------+---------+---------+
       Grand Total:                 3908   1187      31025  


LINKER GENERATED COPY TABLES

__TI_cinit_table @ 000013e0 records: 2, size/record: 8, table size: 16
	.data: load addr=000013b8, load size=0000000f bytes, run addr=200078f0, run size=00000044 bytes, compression=lzss
	.bss: load addr=000013d8, load size=00000008 bytes, run addr=20000000, run size=000076f0 bytes, compression=zero_init


LINKER GENERATED HANDLER TABLE

__TI_handler_table @ 000013c8 records: 3, size/record: 4, table size: 12
	index: 0, handler: __TI_decompress_lzss
	index: 1, handler: __TI_decompress_none
	index: 2, handler: __TI_zero_init


GLOBAL SYMBOLS: SORTED ALPHABETICALLY BY Name 

address   name                          
-------   ----                          
0000113b  C$$EXIT                       
00000b95  ConfigureUART                 
000007bb  DequeueFromLogTask            
0000112b  ResetISR                      
00000201  SysCtlClockFreqSet            
00000a75  UARTStdioConfig               
200078f0  __STACK_END                   
00000200  __STACK_SIZE                  
200078f0  __STACK_TOP                   
000013e0  __TI_CINIT_Base               
000013f0  __TI_CINIT_Limit              
000013c8  __TI_Handler_Table_Base       
000013d4  __TI_Handler_Table_Limit      
00000d35  __TI_auto_init_nobinit_nopinit
00000a0b  __TI_decompress_lzss          
00001109  __TI_decompress_none          
ffffffff  __TI_pprof_out_hndl           
ffffffff  __TI_prof_data_size           
ffffffff  __TI_prof_data_start          
00000000  __TI_static_base__            
00001117  __TI_zero_init                
00000991  __aeabi_memclr                
00000991  __aeabi_memclr4               
00000991  __aeabi_memclr8               
00000869  __aeabi_memcpy                
00000869  __aeabi_memcpy4               
00000869  __aeabi_memcpy8               
00000993  __aeabi_memset                
00000993  __aeabi_memset4               
00000993  __aeabi_memset8               
ffffffff  __binit__                     
ffffffff  __c_args__                    
UNDEFED   __mpu_init                    
200076f0  __stack                       
00000e39  _c_int00_noargs               
UNDEFED   _system_post_cinit            
00001137  _system_pre_init              
0000113b  abort                         
ffffffff  binit                         
00000000  g_pfnVectors                  
200076ec  g_ui32SysClock                
000010bf  lightTask                     
00000e6d  lightTaskInit                 
00000ea1  logTaskInit                   
000010f7  lumTask                       
00000ed5  lumTaskInit                   
00000ca1  main                          
00000869  memcpy                        
00000999  memset                        
0000113f  motorTask                     
00000f09  motorTaskInit                 
00001141  proxTask                      
00000f3d  proxTaskInit                  
000007bd  pvPortMalloc                  
200078f0  pxCurrentTCB                  
00000ff5  pxPortInitialiseStack         
000013b0  ulMaxSyscallInterruptPriority 
000006f9  ulPortGetIPSR                 
0000103d  uxListRemove                  
00001143  vApplicationStackOverflowHook 
000010a9  vListInitialise               
00001131  vListInitialiseItem           
00001079  vListInsertEnd                
000007ad  vPortEnableVFP                
0000105d  vPortEnterCritical            
00001091  vPortExitCritical             
00000d79  vPortFree                     
00000771  vPortSVCHandler               
000010c1  vPortSetupTimerInterrupt      
00000791  vPortStartFirstTask           
00000b35  vTaskStartScheduler           
000010f9  vTaskSuspendAll               
00000905  vTaskSwitchContext            
00000711  xPortPendSVHandler            
00000dbd  xPortStartScheduler           
00000fa1  xPortSysTickHandler           
00000505  xTaskGenericCreate            
00000401  xTaskIncrementTick            
00000605  xTaskResumeAll                


GLOBAL SYMBOLS: SORTED BY Symbol Address 

address   name                          
-------   ----                          
00000000  __TI_static_base__            
00000000  g_pfnVectors                  
00000200  __STACK_SIZE                  
00000201  SysCtlClockFreqSet            
00000401  xTaskIncrementTick            
00000505  xTaskGenericCreate            
00000605  xTaskResumeAll                
000006f9  ulPortGetIPSR                 
00000711  xPortPendSVHandler            
00000771  vPortSVCHandler               
00000791  vPortStartFirstTask           
000007ad  vPortEnableVFP                
000007bb  DequeueFromLogTask            
000007bd  pvPortMalloc                  
00000869  __aeabi_memcpy                
00000869  __aeabi_memcpy4               
00000869  __aeabi_memcpy8               
00000869  memcpy                        
00000905  vTaskSwitchContext            
00000991  __aeabi_memclr                
00000991  __aeabi_memclr4               
00000991  __aeabi_memclr8               
00000993  __aeabi_memset                
00000993  __aeabi_memset4               
00000993  __aeabi_memset8               
00000999  memset                        
00000a0b  __TI_decompress_lzss          
00000a75  UARTStdioConfig               
00000b35  vTaskStartScheduler           
00000b95  ConfigureUART                 
00000ca1  main                          
00000d35  __TI_auto_init_nobinit_nopinit
00000d79  vPortFree                     
00000dbd  xPortStartScheduler           
00000e39  _c_int00_noargs               
00000e6d  lightTaskInit                 
00000ea1  logTaskInit                   
00000ed5  lumTaskInit                   
00000f09  motorTaskInit                 
00000f3d  proxTaskInit                  
00000fa1  xPortSysTickHandler           
00000ff5  pxPortInitialiseStack         
0000103d  uxListRemove                  
0000105d  vPortEnterCritical            
00001079  vListInsertEnd                
00001091  vPortExitCritical             
000010a9  vListInitialise               
000010bf  lightTask                     
000010c1  vPortSetupTimerInterrupt      
000010f7  lumTask                       
000010f9  vTaskSuspendAll               
00001109  __TI_decompress_none          
00001117  __TI_zero_init                
0000112b  ResetISR                      
00001131  vListInitialiseItem           
00001137  _system_pre_init              
0000113b  C$$EXIT                       
0000113b  abort                         
0000113f  motorTask                     
00001141  proxTask                      
00001143  vApplicationStackOverflowHook 
000013b0  ulMaxSyscallInterruptPriority 
000013c8  __TI_Handler_Table_Base       
000013d4  __TI_Handler_Table_Limit      
000013e0  __TI_CINIT_Base               
000013f0  __TI_CINIT_Limit              
200076ec  g_ui32SysClock                
200076f0  __stack                       
200078f0  __STACK_END                   
200078f0  __STACK_TOP                   
200078f0  pxCurrentTCB                  
ffffffff  __TI_pprof_out_hndl           
ffffffff  __TI_prof_data_size           
ffffffff  __TI_prof_data_start          
ffffffff  __binit__                     
ffffffff  __c_args__                    
ffffffff  binit                         
UNDEFED   __mpu_init                    
UNDEFED   _system_post_cinit            

[79 symbols]
