******************************************************************************
                  TI ARM Linker PC v18.12.1                    
******************************************************************************
>> Linked Wed Apr 10 19:53:04 2019

OUTPUT FILE NAME:   <AESD_HW5.out>
ENTRY POINT SYMBOL: "_c_int00_noargs"  address: 00001ffd


MEMORY CONFIGURATION

         name            origin    length      used     unused   attr    fill
----------------------  --------  ---------  --------  --------  ----  --------
  FLASH                 00000000   00100000  000026e0  000fd920  R  X
  SRAM                  20000000   00040000  00007950  000386b0  RW X


SEGMENT ALLOCATION MAP

run origin  load origin   length   init length attrs members
----------  ----------- ---------- ----------- ----- -------
00000000    00000000    000026e0   000026e0    r-x
  00000000    00000000    00000200   00000200    r-- .intvecs
  00000200    00000200    000021a0   000021a0    r-x .text
  000023a0    000023a0    00000300   00000300    r-- .const
  000026a0    000026a0    00000040   00000040    r-- .cinit
20000000    20000000    00007954   00000000    rw-
  20000000    20000000    00007704   00000000    rw- .bss
  20007708    20007708    00000200   00000000    rw- .stack
  20007908    20007908    0000004c   00000000    rw- .data


SECTION ALLOCATION MAP

 output                                  attributes/
section   page    origin      length       input sections
--------  ----  ----------  ----------   ----------------
.intvecs   0    00000000    00000200     
                  00000000    00000200     startup_ccs.obj (.intvecs)

.text      0    00000200    000021a0     
                  00000200    00000200     driverlib.lib : sysctl.obj (.text:SysCtlClockFreqSet)
                  00000400    000001ea     uartstdio.obj (.text:UARTvprintf)
                  000005ea    00000132     driverlib.lib : gpio.obj (.text:GPIOPadConfigSet)
                  0000071c    00000118     queue.obj (.text:xQueueGenericReceive)
                  00000834    00000104     tasks.obj (.text:xTaskIncrementTick)
                  00000938    00000100     tasks.obj (.text:xTaskGenericCreate)
                  00000a38    000000f0     temp_task.obj (.text:TempTaskInit)
                  00000b28    000000e8     queue.obj (.text:xQueueGenericSend)
                  00000c10    000000e4     tasks.obj (.text:xTaskResumeAll)
                  00000cf4    000000d8     led_task.obj (.text:LEDTaskInit)
                  00000dcc    000000d4     log_task.obj (.text:DequeueFromLogTask)
                  00000ea0    000000d2     portasm.obj (.text)
                  00000f72    00000002     startup_ccs.obj (.text:FaultISR)
                  00000f74    000000bc     led_task.obj (.text:LEDTask)
                  00001030    000000ac     heap_2.obj (.text:pvPortMalloc)
                  000010dc    000000ac     tasks.obj (.text:xTaskGenericNotify)
                  00001188    000000a4     tasks.obj (.text:ulTaskNotifyTake)
                  0000122c    0000009c     rtsv7M4_T_le_v4SPD16_eabi.lib : memcpy_t2.asm.obj (.text)
                  000012c8    00000090     my_i2c.obj (.text:I2CGet2Bytes)
                  00001358    00000090     tasks.obj (.text:vTaskPriorityInherit)
                  000013e8    0000008c     tasks.obj (.text:vTaskSwitchContext)
                  00001474    00000084     queue.obj (.text:xQueueGenericReset)
                  000014f8    0000007a     rtsv7M4_T_le_v4SPD16_eabi.lib : memset_t2.asm.obj (.text)
                  00001572    00000002     startup_ccs.obj (.text:IntDefaultHandler)
                  00001574    00000078     tasks.obj (.text:xTaskPriorityDisinherit)
                  000015ec    00000074     temp_task.obj (.text:TempTask)
                  00001660    00000074     tasks.obj (.text:xTaskRemoveFromEventList)
                  000016d4    00000072     queue.obj (.text:prvCopyDataToQueue)
                  00001746    00000002     startup_ccs.obj (.text:NmiSR)
                  00001748    00000070     temp_task.obj (.text:readTemp)
                  000017b8    00000068     rtsv7M4_T_le_v4SPD16_eabi.lib : copy_decompress_lzss.c.obj (.text:decompress:lzss:__TI_decompress_lzss)
                  00001820    00000064     tasks.obj (.text:vTaskPlaceOnEventList)
                  00001884    00000062     queue.obj (.text:prvUnlockQueue)
                  000018e6    00000002     rtsv7M4_T_le_v4SPD16_eabi.lib : div0.asm.obj (.text)
                  000018e8    00000060     uartstdio.obj (.text:UARTStdioConfig)
                  00001948    00000060     tasks.obj (.text:prvInitialiseTaskLists)
                  000019a8    00000060     tasks.obj (.text:vTaskStartScheduler)
                  00001a08    0000005c     freertos_demo.obj (.text:ConfigureUART)
                  00001a64    00000058     tasks.obj (.text:prvCheckTasksWaitingTermination)
                  00001abc    00000056     tasks.obj (.text:prvInitialiseTCBVariables)
                  00001b12    00000002     freertos_demo.obj (.text:vApplicationStackOverflowHook)
                  00001b14    00000054     tasks.obj (.text:xTaskCheckForTimeOut)
                  00001b68    0000004c     driverlib.lib : i2c.obj (.text:I2CMasterInitExpClk)
                  00001bb4    0000004c     tasks.obj (.text:prvAddCurrentTaskToDelayedList)
                  00001c00    00000048     driverlib.lib : gpio.obj (.text:GPIOPinConfigure)
                  00001c48    00000048     uartstdio.obj (.text:UARTwrite)
                  00001c90    00000048     driverlib.lib : sysctl.obj (.text:_SysCtlFrequencyGet)
                  00001cd8    00000044     alert_task.obj (.text:AlertTask)
                  00001d1c    00000044     log_task.obj (.text:LogTaskInit)
                  00001d60    00000044     rtsv7M4_T_le_v4SPD16_eabi.lib : autoinit.c.obj (.text:__TI_auto_init_nobinit_nopinit:__TI_auto_init_nobinit_nopinit)
                  00001da4    00000044     freertos_demo.obj (.text:main)
                  00001de8    00000044     heap_2.obj (.text:vPortFree)
                  00001e2c    00000040     rtsv7M4_T_le_v4SPD16_eabi.lib : u_divt2.asm.obj (.text)
                  00001e6c    00000040     port.obj (.text:xPortStartScheduler)
                  00001eac    0000003c     queue.obj (.text:xQueueGenericCreate)
                  00001ee8    0000003a     tasks.obj (.text:prvAllocateTCBAndStack)
                  00001f22    00000002     --HOLE-- [fill = 0]
                  00001f24    00000038     driverlib.lib : sysctl.obj (.text:SysCtlPeripheralReady)
                  00001f5c    00000038     list.obj (.text:vListInsert)
                  00001f94    00000034     alert_task.obj (.text:AlertTaskInit)
                  00001fc8    00000034     driverlib.lib : sysctl.obj (.text:SysCtlPeripheralEnable)
                  00001ffc    00000034     rtsv7M4_T_le_v4SPD16_eabi.lib : boot_cortex_m.c.obj (.text:_c_int00_noargs:_c_int00_noargs)
                  00002030    00000030     heap_2.obj (.text:prvHeapInit)
                  00002060    0000002c     port.obj (.text:xPortSysTickHandler)
                  0000208c    0000002a     driverlib.lib : gpio.obj (.text:GPIODirModeSet)
                  000020b6    00000002     --HOLE-- [fill = 0]
                  000020b8    00000028     tasks.obj (.text:prvResetNextTaskUnblockTime)
                  000020e0    00000028     port.obj (.text:pxPortInitialiseStack)
                  00002108    00000026     queue.obj (.text:prvCopyDataFromQueue)
                  0000212e    00000002     --HOLE-- [fill = 0]
                  00002130    00000024     led_task.obj (.text:Timer0IntHandler)
                  00002154    00000024     temp_task.obj (.text:Timer1IntHandler)
                  00002178    00000020     driverlib.lib : sysctl.obj (.text:_SysCtlMemTimingGet)
                  00002198    00000020     list.obj (.text:uxListRemove)
                  000021b8    0000001c     queue.obj (.text:prvIsQueueFull)
                  000021d4    0000001c     port.obj (.text:vPortEnterCritical)
                  000021f0    0000001a     uartstdio.obj (.text:UARTprintf)
                  0000220a    0000001a     queue.obj (.text:prvIsQueueEmpty)
                  00002224    00000018     log_task.obj (.text:enqueueForLog)
                  0000223c    00000018     tasks.obj (.text:pvTaskIncrementMutexHeldCount)
                  00002254    00000018     list.obj (.text:vListInsertEnd)
                  0000226c    00000018     port.obj (.text:vPortExitCritical)
                  00002284    00000018     tasks.obj (.text:vTaskSetTimeOutState)
                  0000229c    00000016     list.obj (.text:vListInitialise)
                  000022b2    00000002     --HOLE-- [fill = 0]
                  000022b4    00000014     port.obj (.text:vPortSetupTimerInterrupt)
                  000022c8    00000012     driverlib.lib : gpio.obj (.text:GPIOPinTypeI2C)
                  000022da    00000012                   : gpio.obj (.text:GPIOPinTypeI2CSCL)
                  000022ec    00000012     tasks.obj (.text:prvDeleteTCB)
                  000022fe    00000010     port.obj (.text:prvTaskExitError)
                  0000230e    00000002     --HOLE-- [fill = 0]
                  00002310    00000010     tasks.obj (.text:vTaskSuspendAll)
                  00002320    0000000e     rtsv7M4_T_le_v4SPD16_eabi.lib : copy_decompress_none.c.obj (.text:decompress:none:__TI_decompress_none)
                  0000232e    0000000c                                   : copy_zero_init.c.obj (.text:decompress:ZI:__TI_zero_init)
                  0000233a    00000002     --HOLE-- [fill = 0]
                  0000233c    0000000c     tasks.obj (.text:vTaskMissedYield)
                  00002348    0000000c     tasks.obj (.text:xTaskGetTickCount)
                  00002354    0000000a     driverlib.lib : i2c.obj (.text:I2CMasterEnable)
                  0000235e    00000008                   : i2c.obj (.text:I2CMasterBusy)
                  00002366    00000008                   : i2c.obj (.text:I2CMasterSlaveAddrSet)
                  0000236e    00000008     tasks.obj (.text:prvIdleTask)
                  00002376    00000006     driverlib.lib : gpio.obj (.text:GPIOPinWrite)
                  0000237c    00000006     startup_ccs.obj (.text:ResetISR)
                  00002382    00000006     list.obj (.text:vListInitialiseItem)
                  00002388    00000004     driverlib.lib : i2c.obj (.text:I2CMasterControl)
                  0000238c    00000004                   : i2c.obj (.text:I2CMasterDataGet)
                  00002390    00000004                   : i2c.obj (.text:I2CMasterDataPut)
                  00002394    00000004                   : timer.obj (.text:TimerIntClear)
                  00002398    00000004     rtsv7M4_T_le_v4SPD16_eabi.lib : pre_init.c.obj (.text:_system_pre_init)
                  0000239c    00000004                                   : exit.c.obj (.text:abort:abort)

.const     0    000023a0    00000300     
                  000023a0    000001b0     driverlib.lib : sysctl.obj (.const:g_pppui32XTALtoVCO)
                  00002550    00000090                   : gpio.obj (.const:g_pui32GPIOBaseAddrs)
                  000025e0    0000006c                   : sysctl.obj (.const:g_pui32Xtals)
                  0000264c    00000030                   : sysctl.obj (.const:g_sXTALtoMEMTIM)
                  0000267c    0000000c     uartstdio.obj (.const:g_ui32UARTBase)
                  00002688    0000000c     uartstdio.obj (.const:g_ui32UARTPeriph)
                  00002694    00000008     driverlib.lib : sysctl.obj (.const)
                  0000269c    00000004     port.obj (.const)

.cinit     0    000026a0    00000040     
                  000026a0    00000015     (.cinit..data.load) [load image, compression = lzss]
                  000026b5    00000003     --HOLE-- [fill = 0]
                  000026b8    0000000c     (__TI_handler_table)
                  000026c4    00000004     --HOLE-- [fill = 0]
                  000026c8    00000008     (.cinit..bss.load) [load image, compression = zero_init]
                  000026d0    00000010     (__TI_cinit_table)

.init_array 
*          0    00000000    00000000     UNINITIALIZED

.bss       0    20000000    00007704     UNINITIALIZED
                  20000000    00007530     heap_2.obj (.bss:ucHeap)
                  20007530    00000140     tasks.obj (.bss:pxReadyTasksLists)
                  20007670    00000014     tasks.obj (.bss:xDelayedTaskList1)
                  20007684    00000014     tasks.obj (.bss:xDelayedTaskList2)
                  20007698    00000014     tasks.obj (.bss:xPendingReadyList)
                  200076ac    00000014     tasks.obj (.bss:xSuspendedTaskList)
                  200076c0    00000014     tasks.obj (.bss:xTasksWaitingTermination)
                  200076d4    00000008     tasks.obj (.bss)
                  200076dc    00000008     heap_2.obj (.bss:xEnd)
                  200076e4    00000008     heap_2.obj (.bss:xStart)
                  200076ec    00000004     led_task.obj (.bss)
                  200076f0    00000004     (.common:g_ui32Flags)
                  200076f4    00000004     (.common:g_ui32SysClock)
                  200076f8    00000004     (.common:xQueue)
                  200076fc    00000004     (.common:xSemaphoreLed)
                  20007700    00000004     (.common:xSemaphoreTemp)

.data      0    20007908    0000004c     UNINITIALIZED
                  20007908    00000030     tasks.obj (.data)
                  20007938    00000008     heap_2.obj (.data)
                  20007940    00000005     uartstdio.obj (.data)
                  20007945    00000003     --HOLE--
                  20007948    00000004     alert_task.obj (.data)
                  2000794c    00000004     port.obj (.data)
                  20007950    00000004     temp_task.obj (.data)

.stack     0    20007708    00000200     UNINITIALIZED
                  20007708    00000004     rtsv7M4_T_le_v4SPD16_eabi.lib : boot_cortex_m.c.obj (.stack)
                  2000770c    000001fc     --HOLE--

MODULE SUMMARY

       Module                       code   ro data   rw data
       ------                       ----   -------   -------
    .\
       startup_ccs.obj              12     512       0      
       temp_task.obj                504    0         8      
       led_task.obj                 440    0         12     
       log_task.obj                 304    0         4      
       freertos_demo.obj            162    0         0      
       my_i2c.obj                   144    0         0      
       alert_task.obj               120    0         8      
    +--+----------------------------+------+---------+---------+
       Total:                       1686   512       32     
                                                            
    .\third_party\FreeRTOS\Source\
       tasks.obj                    2438   0         476    
       queue.obj                    1008   0         0      
       list.obj                     140    0         0      
    +--+----------------------------+------+---------+---------+
       Total:                       3586   0         476    
                                                            
    .\third_party\FreeRTOS\Source\portable\CCS\ARM_CM4F\
       port.obj                     236    4         4      
       portasm.obj                  210    0         0      
    +--+----------------------------+------+---------+---------+
       Total:                       446    4         4      
                                                            
    .\third_party\FreeRTOS\Source\portable\MemMang\
       heap_2.obj                   288    0         30024  
    +--+----------------------------+------+---------+---------+
       Total:                       288    0         30024  
                                                            
    .\utils\
       uartstdio.obj                684    24        5      
    +--+----------------------------+------+---------+---------+
       Total:                       684    24        5      
                                                            
    D:/Installed_Softwares/ti/TivaWare_C_Series-2.1.4.178/driverlib/ccs/Debug/driverlib.lib
       sysctl.obj                   724    596       0      
       gpio.obj                     462    144       0      
       i2c.obj                      114    0         0      
       timer.obj                    4      0         0      
    +--+----------------------------+------+---------+---------+
       Total:                       1304   740       0      
                                                            
    D:\Installed_Softwares\ti\ccs900\ccs\tools\compiler\ti-cgt-arm_18.12.1.LTS\lib\rtsv7M4_T_le_v4SPD16_eabi.lib
       memcpy_t2.asm.obj            156    0         0      
       memset_t2.asm.obj            122    0         0      
       copy_decompress_lzss.c.obj   104    0         0      
       autoinit.c.obj               68     0         0      
       u_divt2.asm.obj              64     0         0      
       boot_cortex_m.c.obj          52     0         0      
       copy_decompress_none.c.obj   14     0         0      
       copy_zero_init.c.obj         12     0         0      
       exit.c.obj                   4      0         0      
       pre_init.c.obj               4      0         0      
       div0.asm.obj                 2      0         0      
    +--+----------------------------+------+---------+---------+
       Total:                       602    0         0      
                                                            
       Stack:                       0      0         512    
       Linker Generated:            0      57        0      
    +--+----------------------------+------+---------+---------+
       Grand Total:                 8596   1337      31053  


LINKER GENERATED COPY TABLES

__TI_cinit_table @ 000026d0 records: 2, size/record: 8, table size: 16
	.data: load addr=000026a0, load size=00000015 bytes, run addr=20007908, run size=0000004c bytes, compression=lzss
	.bss: load addr=000026c8, load size=00000008 bytes, run addr=20000000, run size=00007704 bytes, compression=zero_init


LINKER GENERATED HANDLER TABLE

__TI_handler_table @ 000026b8 records: 3, size/record: 4, table size: 12
	index: 0, handler: __TI_decompress_lzss
	index: 1, handler: __TI_decompress_none
	index: 2, handler: __TI_zero_init


GLOBAL SYMBOLS: SORTED ALPHABETICALLY BY Name 

address   name                          
-------   ----                          
00001f95  AlertTaskInit                 
0000239d  C$$EXIT                       
00001a09  ConfigureUART                 
00000dcd  DequeueFromLogTask            
0000208d  GPIODirModeSet                
000005eb  GPIOPadConfigSet              
00001c01  GPIOPinConfigure              
000022c9  GPIOPinTypeI2C                
000022db  GPIOPinTypeI2CSCL             
00002377  GPIOPinWrite                  
000012c9  I2CGet2Bytes                  
0000235f  I2CMasterBusy                 
00002389  I2CMasterControl              
0000238d  I2CMasterDataGet              
00002391  I2CMasterDataPut              
00002355  I2CMasterEnable               
00001b69  I2CMasterInitExpClk           
00002367  I2CMasterSlaveAddrSet         
00000cf5  LEDTaskInit                   
00001d1d  LogTaskInit                   
0000237d  ResetISR                      
00000201  SysCtlClockFreqSet            
00001fc9  SysCtlPeripheralEnable        
00001f25  SysCtlPeripheralReady         
00000a39  TempTaskInit                  
00002131  Timer0IntHandler              
00002155  Timer1IntHandler              
00002395  TimerIntClear                 
000018e9  UARTStdioConfig               
000021f1  UARTprintf                    
00000401  UARTvprintf                   
00001c49  UARTwrite                     
20007908  __STACK_END                   
00000200  __STACK_SIZE                  
20007908  __STACK_TOP                   
000026d0  __TI_CINIT_Base               
000026e0  __TI_CINIT_Limit              
000026b8  __TI_Handler_Table_Base       
000026c4  __TI_Handler_Table_Limit      
00001d61  __TI_auto_init_nobinit_nopinit
000017b9  __TI_decompress_lzss          
00002321  __TI_decompress_none          
ffffffff  __TI_pprof_out_hndl           
ffffffff  __TI_prof_data_size           
ffffffff  __TI_prof_data_start          
00000000  __TI_static_base__            
0000232f  __TI_zero_init                
000018e7  __aeabi_idiv0                 
000018e7  __aeabi_ldiv0                 
000014f9  __aeabi_memclr                
000014f9  __aeabi_memclr4               
000014f9  __aeabi_memclr8               
0000122d  __aeabi_memcpy                
0000122d  __aeabi_memcpy4               
0000122d  __aeabi_memcpy8               
000014fb  __aeabi_memset                
000014fb  __aeabi_memset4               
000014fb  __aeabi_memset8               
00001e2d  __aeabi_uidiv                 
00001e2d  __aeabi_uidivmod              
ffffffff  __binit__                     
ffffffff  __c_args__                    
UNDEFED   __mpu_init                    
20007708  __stack                       
00001ffd  _c_int00_noargs               
UNDEFED   _system_post_cinit            
00002399  _system_pre_init              
0000239d  abort                         
ffffffff  binit                         
20007951  configReg                     
00002225  enqueueForLog                 
00000000  g_pfnVectors                  
200076f0  g_ui32Flags                   
200076f4  g_ui32SysClock                
00001da5  main                          
0000122d  memcpy                        
00001501  memset                        
00001031  pvPortMalloc                  
0000223d  pvTaskIncrementMutexHeldCount 
20007908  pxCurrentTCB                  
000020e1  pxPortInitialiseStack         
20007950  tempReg                       
20007953  thighReg                      
20007952  tlowReg                       
0000269c  ulMaxSyscallInterruptPriority 
00000eb1  ulPortGetIPSR                 
00001189  ulTaskNotifyTake              
00002199  uxListRemove                  
00001b13  vApplicationStackOverflowHook 
0000229d  vListInitialise               
00002383  vListInitialiseItem           
00001f5d  vListInsert                   
00002255  vListInsertEnd                
00000f65  vPortEnableVFP                
000021d5  vPortEnterCritical            
0000226d  vPortExitCritical             
00001de9  vPortFree                     
00000f29  vPortSVCHandler               
000022b5  vPortSetupTimerInterrupt      
00000f49  vPortStartFirstTask           
0000233d  vTaskMissedYield              
00001821  vTaskPlaceOnEventList         
00001359  vTaskPriorityInherit          
00002285  vTaskSetTimeOutState          
000019a9  vTaskStartScheduler           
00002311  vTaskSuspendAll               
000013e9  vTaskSwitchContext            
20007948  xAlertTask                    
00000ec9  xPortPendSVHandler            
00001e6d  xPortStartScheduler           
00002061  xPortSysTickHandler           
200076f8  xQueue                        
00001ead  xQueueGenericCreate           
0000071d  xQueueGenericReceive          
00001475  xQueueGenericReset            
00000b29  xQueueGenericSend             
200076fc  xSemaphoreLed                 
20007700  xSemaphoreTemp                
00001b15  xTaskCheckForTimeOut          
00000939  xTaskGenericCreate            
000010dd  xTaskGenericNotify            
00002349  xTaskGetTickCount             
00000835  xTaskIncrementTick            
00001575  xTaskPriorityDisinherit       
00001661  xTaskRemoveFromEventList      
00000c11  xTaskResumeAll                


GLOBAL SYMBOLS: SORTED BY Symbol Address 

address   name                          
-------   ----                          
00000000  __TI_static_base__            
00000000  g_pfnVectors                  
00000200  __STACK_SIZE                  
00000201  SysCtlClockFreqSet            
00000401  UARTvprintf                   
000005eb  GPIOPadConfigSet              
0000071d  xQueueGenericReceive          
00000835  xTaskIncrementTick            
00000939  xTaskGenericCreate            
00000a39  TempTaskInit                  
00000b29  xQueueGenericSend             
00000c11  xTaskResumeAll                
00000cf5  LEDTaskInit                   
00000dcd  DequeueFromLogTask            
00000eb1  ulPortGetIPSR                 
00000ec9  xPortPendSVHandler            
00000f29  vPortSVCHandler               
00000f49  vPortStartFirstTask           
00000f65  vPortEnableVFP                
00001031  pvPortMalloc                  
000010dd  xTaskGenericNotify            
00001189  ulTaskNotifyTake              
0000122d  __aeabi_memcpy                
0000122d  __aeabi_memcpy4               
0000122d  __aeabi_memcpy8               
0000122d  memcpy                        
000012c9  I2CGet2Bytes                  
00001359  vTaskPriorityInherit          
000013e9  vTaskSwitchContext            
00001475  xQueueGenericReset            
000014f9  __aeabi_memclr                
000014f9  __aeabi_memclr4               
000014f9  __aeabi_memclr8               
000014fb  __aeabi_memset                
000014fb  __aeabi_memset4               
000014fb  __aeabi_memset8               
00001501  memset                        
00001575  xTaskPriorityDisinherit       
00001661  xTaskRemoveFromEventList      
000017b9  __TI_decompress_lzss          
00001821  vTaskPlaceOnEventList         
000018e7  __aeabi_idiv0                 
000018e7  __aeabi_ldiv0                 
000018e9  UARTStdioConfig               
000019a9  vTaskStartScheduler           
00001a09  ConfigureUART                 
00001b13  vApplicationStackOverflowHook 
00001b15  xTaskCheckForTimeOut          
00001b69  I2CMasterInitExpClk           
00001c01  GPIOPinConfigure              
00001c49  UARTwrite                     
00001d1d  LogTaskInit                   
00001d61  __TI_auto_init_nobinit_nopinit
00001da5  main                          
00001de9  vPortFree                     
00001e2d  __aeabi_uidiv                 
00001e2d  __aeabi_uidivmod              
00001e6d  xPortStartScheduler           
00001ead  xQueueGenericCreate           
00001f25  SysCtlPeripheralReady         
00001f5d  vListInsert                   
00001f95  AlertTaskInit                 
00001fc9  SysCtlPeripheralEnable        
00001ffd  _c_int00_noargs               
00002061  xPortSysTickHandler           
0000208d  GPIODirModeSet                
000020e1  pxPortInitialiseStack         
00002131  Timer0IntHandler              
00002155  Timer1IntHandler              
00002199  uxListRemove                  
000021d5  vPortEnterCritical            
000021f1  UARTprintf                    
00002225  enqueueForLog                 
0000223d  pvTaskIncrementMutexHeldCount 
00002255  vListInsertEnd                
0000226d  vPortExitCritical             
00002285  vTaskSetTimeOutState          
0000229d  vListInitialise               
000022b5  vPortSetupTimerInterrupt      
000022c9  GPIOPinTypeI2C                
000022db  GPIOPinTypeI2CSCL             
00002311  vTaskSuspendAll               
00002321  __TI_decompress_none          
0000232f  __TI_zero_init                
0000233d  vTaskMissedYield              
00002349  xTaskGetTickCount             
00002355  I2CMasterEnable               
0000235f  I2CMasterBusy                 
00002367  I2CMasterSlaveAddrSet         
00002377  GPIOPinWrite                  
0000237d  ResetISR                      
00002383  vListInitialiseItem           
00002389  I2CMasterControl              
0000238d  I2CMasterDataGet              
00002391  I2CMasterDataPut              
00002395  TimerIntClear                 
00002399  _system_pre_init              
0000239d  C$$EXIT                       
0000239d  abort                         
0000269c  ulMaxSyscallInterruptPriority 
000026b8  __TI_Handler_Table_Base       
000026c4  __TI_Handler_Table_Limit      
000026d0  __TI_CINIT_Base               
000026e0  __TI_CINIT_Limit              
200076f0  g_ui32Flags                   
200076f4  g_ui32SysClock                
200076f8  xQueue                        
200076fc  xSemaphoreLed                 
20007700  xSemaphoreTemp                
20007708  __stack                       
20007908  __STACK_END                   
20007908  __STACK_TOP                   
20007908  pxCurrentTCB                  
20007948  xAlertTask                    
20007950  tempReg                       
20007951  configReg                     
20007952  tlowReg                       
20007953  thighReg                      
ffffffff  __TI_pprof_out_hndl           
ffffffff  __TI_prof_data_size           
ffffffff  __TI_prof_data_start          
ffffffff  __binit__                     
ffffffff  __c_args__                    
ffffffff  binit                         
UNDEFED   __mpu_init                    
UNDEFED   _system_post_cinit            

[126 symbols]
