<?xml version="1.0" encoding="ISO-8859-1" ?>
<link_info>
   <banner>TI ARM Linker PC v18.12.1.LTS</banner>
   <copyright>Copyright (c) 1996-2018 Texas Instruments Incorporated</copyright>
   <link_time>0x5cc4a0d9</link_time>
   <link_errors>0x0</link_errors>
   <output_file>Smart-Lighting-Solution.out</output_file>
   <entry_point>
      <name>_c_int00_noargs</name>
      <address>0x2a1d</address>
   </entry_point>
   <input_file_list>
      <input_file id="fl-2">
         <path>.\</path>
         <kind>object</kind>
         <file>alert_task.obj</file>
         <name>alert_task.obj</name>
      </input_file>
      <input_file id="fl-3">
         <path>.\</path>
         <kind>object</kind>
         <file>apds9301.obj</file>
         <name>apds9301.obj</name>
      </input_file>
      <input_file id="fl-4">
         <path>.\</path>
         <kind>object</kind>
         <file>light_task.obj</file>
         <name>light_task.obj</name>
      </input_file>
      <input_file id="fl-5">
         <path>.\</path>
         <kind>object</kind>
         <file>log_task.obj</file>
         <name>log_task.obj</name>
      </input_file>
      <input_file id="fl-6">
         <path>.\</path>
         <kind>object</kind>
         <file>lum_task.obj</file>
         <name>lum_task.obj</name>
      </input_file>
      <input_file id="fl-7">
         <path>.\</path>
         <kind>object</kind>
         <file>main.obj</file>
         <name>main.obj</name>
      </input_file>
      <input_file id="fl-8">
         <path>.\</path>
         <kind>object</kind>
         <file>motor_task.obj</file>
         <name>motor_task.obj</name>
      </input_file>
      <input_file id="fl-9">
         <path>.\</path>
         <kind>object</kind>
         <file>my_i2c.obj</file>
         <name>my_i2c.obj</name>
      </input_file>
      <input_file id="fl-a">
         <path>.\</path>
         <kind>object</kind>
         <file>prox_task.obj</file>
         <name>prox_task.obj</name>
      </input_file>
      <input_file id="fl-b">
         <path>.\</path>
         <kind>object</kind>
         <file>startup_ccs.obj</file>
         <name>startup_ccs.obj</name>
      </input_file>
      <input_file id="fl-c">
         <path>.\third_party\FreeRTOS\Source\</path>
         <kind>object</kind>
         <file>list.obj</file>
         <name>list.obj</name>
      </input_file>
      <input_file id="fl-d">
         <path>.\third_party\FreeRTOS\Source\</path>
         <kind>object</kind>
         <file>queue.obj</file>
         <name>queue.obj</name>
      </input_file>
      <input_file id="fl-e">
         <path>.\third_party\FreeRTOS\Source\</path>
         <kind>object</kind>
         <file>tasks.obj</file>
         <name>tasks.obj</name>
      </input_file>
      <input_file id="fl-f">
         <path>.\third_party\FreeRTOS\Source\</path>
         <kind>object</kind>
         <file>timers.obj</file>
         <name>timers.obj</name>
      </input_file>
      <input_file id="fl-10">
         <path>.\third_party\FreeRTOS\Source\portable\CCS\ARM_CM4F\</path>
         <kind>object</kind>
         <file>port.obj</file>
         <name>port.obj</name>
      </input_file>
      <input_file id="fl-11">
         <path>.\third_party\FreeRTOS\Source\portable\CCS\ARM_CM4F\</path>
         <kind>object</kind>
         <file>portasm.obj</file>
         <name>portasm.obj</name>
      </input_file>
      <input_file id="fl-12">
         <path>.\third_party\FreeRTOS\Source\portable\MemMang\</path>
         <kind>object</kind>
         <file>heap_2.obj</file>
         <name>heap_2.obj</name>
      </input_file>
      <input_file id="fl-13">
         <path>.\utils\</path>
         <kind>object</kind>
         <file>uartstdio.obj</file>
         <name>uartstdio.obj</name>
      </input_file>
      <input_file id="fl-14">
         <path>.\utils\</path>
         <kind>object</kind>
         <file>ustdlib.obj</file>
         <name>ustdlib.obj</name>
      </input_file>
      <input_file id="fl-19">
         <kind>object</kind>
         <file>&lt;internal&gt;</file>
         <name>&lt;internal&gt;</name>
      </input_file>
      <input_file id="fl-cf">
         <path>D:\Installed_Softwares\ti\ccs900\ccs\tools\compiler\ti-cgt-arm_18.12.1.LTS\lib\</path>
         <kind>archive</kind>
         <file>rtsv7M4_T_le_v4SPD16_eabi.lib</file>
         <name>e_pow.c.obj</name>
      </input_file>
      <input_file id="fl-d0">
         <path>D:\Installed_Softwares\ti\ccs900\ccs\tools\compiler\ti-cgt-arm_18.12.1.LTS\lib\</path>
         <kind>archive</kind>
         <file>rtsv7M4_T_le_v4SPD16_eabi.lib</file>
         <name>e_sqrt.c.obj</name>
      </input_file>
      <input_file id="fl-d1">
         <path>D:\Installed_Softwares\ti\ccs900\ccs\tools\compiler\ti-cgt-arm_18.12.1.LTS\lib\</path>
         <kind>archive</kind>
         <file>rtsv7M4_T_le_v4SPD16_eabi.lib</file>
         <name>s_scalbn.c.obj</name>
      </input_file>
      <input_file id="fl-d2">
         <path>D:\Installed_Softwares\ti\ccs900\ccs\tools\compiler\ti-cgt-arm_18.12.1.LTS\lib\</path>
         <kind>archive</kind>
         <file>rtsv7M4_T_le_v4SPD16_eabi.lib</file>
         <name>s_copysign.c.obj</name>
      </input_file>
      <input_file id="fl-d3">
         <path>D:\Installed_Softwares\ti\ccs900\ccs\tools\compiler\ti-cgt-arm_18.12.1.LTS\lib\</path>
         <kind>archive</kind>
         <file>rtsv7M4_T_le_v4SPD16_eabi.lib</file>
         <name>fd_add_t2.asm.obj</name>
      </input_file>
      <input_file id="fl-d4">
         <path>D:\Installed_Softwares\ti\ccs900\ccs\tools\compiler\ti-cgt-arm_18.12.1.LTS\lib\</path>
         <kind>archive</kind>
         <file>rtsv7M4_T_le_v4SPD16_eabi.lib</file>
         <name>fd_cmp_t2.asm.obj</name>
      </input_file>
      <input_file id="fl-d5">
         <path>D:\Installed_Softwares\ti\ccs900\ccs\tools\compiler\ti-cgt-arm_18.12.1.LTS\lib\</path>
         <kind>archive</kind>
         <file>rtsv7M4_T_le_v4SPD16_eabi.lib</file>
         <name>fd_div_t2.asm.obj</name>
      </input_file>
      <input_file id="fl-d6">
         <path>D:\Installed_Softwares\ti\ccs900\ccs\tools\compiler\ti-cgt-arm_18.12.1.LTS\lib\</path>
         <kind>archive</kind>
         <file>rtsv7M4_T_le_v4SPD16_eabi.lib</file>
         <name>fd_mul_t2.asm.obj</name>
      </input_file>
      <input_file id="fl-d7">
         <path>D:\Installed_Softwares\ti\ccs900\ccs\tools\compiler\ti-cgt-arm_18.12.1.LTS\lib\</path>
         <kind>archive</kind>
         <file>rtsv7M4_T_le_v4SPD16_eabi.lib</file>
         <name>fd_tos_t2.asm.obj</name>
      </input_file>
      <input_file id="fl-d8">
         <path>D:\Installed_Softwares\ti\ccs900\ccs\tools\compiler\ti-cgt-arm_18.12.1.LTS\lib\</path>
         <kind>archive</kind>
         <file>rtsv7M4_T_le_v4SPD16_eabi.lib</file>
         <name>fd_tou_t2.asm.obj</name>
      </input_file>
      <input_file id="fl-d9">
         <path>D:\Installed_Softwares\ti\ccs900\ccs\tools\compiler\ti-cgt-arm_18.12.1.LTS\lib\</path>
         <kind>archive</kind>
         <file>rtsv7M4_T_le_v4SPD16_eabi.lib</file>
         <name>fs_tod_t2.asm.obj</name>
      </input_file>
      <input_file id="fl-da">
         <path>D:\Installed_Softwares\ti\ccs900\ccs\tools\compiler\ti-cgt-arm_18.12.1.LTS\lib\</path>
         <kind>archive</kind>
         <file>rtsv7M4_T_le_v4SPD16_eabi.lib</file>
         <name>i_tofd_t2.asm.obj</name>
      </input_file>
      <input_file id="fl-db">
         <path>D:\Installed_Softwares\ti\ccs900\ccs\tools\compiler\ti-cgt-arm_18.12.1.LTS\lib\</path>
         <kind>archive</kind>
         <file>rtsv7M4_T_le_v4SPD16_eabi.lib</file>
         <name>memcpy_t2.asm.obj</name>
      </input_file>
      <input_file id="fl-dc">
         <path>D:\Installed_Softwares\ti\ccs900\ccs\tools\compiler\ti-cgt-arm_18.12.1.LTS\lib\</path>
         <kind>archive</kind>
         <file>rtsv7M4_T_le_v4SPD16_eabi.lib</file>
         <name>u_tofd_t2.asm.obj</name>
      </input_file>
      <input_file id="fl-dd">
         <path>D:\Installed_Softwares\ti\ccs900\ccs\tools\compiler\ti-cgt-arm_18.12.1.LTS\lib\</path>
         <kind>archive</kind>
         <file>rtsv7M4_T_le_v4SPD16_eabi.lib</file>
         <name>u_divt2.asm.obj</name>
      </input_file>
      <input_file id="fl-de">
         <path>D:\Installed_Softwares\ti\ccs900\ccs\tools\compiler\ti-cgt-arm_18.12.1.LTS\lib\</path>
         <kind>archive</kind>
         <file>rtsv7M4_T_le_v4SPD16_eabi.lib</file>
         <name>memset_t2.asm.obj</name>
      </input_file>
      <input_file id="fl-df">
         <path>D:\Installed_Softwares\ti\ccs900\ccs\tools\compiler\ti-cgt-arm_18.12.1.LTS\lib\</path>
         <kind>archive</kind>
         <file>rtsv7M4_T_le_v4SPD16_eabi.lib</file>
         <name>copy_zero_init.c.obj</name>
      </input_file>
      <input_file id="fl-e0">
         <path>D:\Installed_Softwares\ti\ccs900\ccs\tools\compiler\ti-cgt-arm_18.12.1.LTS\lib\</path>
         <kind>archive</kind>
         <file>rtsv7M4_T_le_v4SPD16_eabi.lib</file>
         <name>copy_decompress_none.c.obj</name>
      </input_file>
      <input_file id="fl-e1">
         <path>D:\Installed_Softwares\ti\ccs900\ccs\tools\compiler\ti-cgt-arm_18.12.1.LTS\lib\</path>
         <kind>archive</kind>
         <file>rtsv7M4_T_le_v4SPD16_eabi.lib</file>
         <name>copy_decompress_lzss.c.obj</name>
      </input_file>
      <input_file id="fl-e2">
         <path>D:\Installed_Softwares\ti\ccs900\ccs\tools\compiler\ti-cgt-arm_18.12.1.LTS\lib\</path>
         <kind>archive</kind>
         <file>rtsv7M4_T_le_v4SPD16_eabi.lib</file>
         <name>errno.c.obj</name>
      </input_file>
      <input_file id="fl-e3">
         <path>D:\Installed_Softwares\ti\ccs900\ccs\tools\compiler\ti-cgt-arm_18.12.1.LTS\lib\</path>
         <kind>archive</kind>
         <file>rtsv7M4_T_le_v4SPD16_eabi.lib</file>
         <name>boot_cortex_m.c.obj</name>
      </input_file>
      <input_file id="fl-e4">
         <path>D:\Installed_Softwares\ti\ccs900\ccs\tools\compiler\ti-cgt-arm_18.12.1.LTS\lib\</path>
         <kind>archive</kind>
         <file>rtsv7M4_T_le_v4SPD16_eabi.lib</file>
         <name>div0.asm.obj</name>
      </input_file>
      <input_file id="fl-e5">
         <path>D:\Installed_Softwares\ti\ccs900\ccs\tools\compiler\ti-cgt-arm_18.12.1.LTS\lib\</path>
         <kind>archive</kind>
         <file>rtsv7M4_T_le_v4SPD16_eabi.lib</file>
         <name>autoinit.c.obj</name>
      </input_file>
      <input_file id="fl-e6">
         <path>D:\Installed_Softwares\ti\ccs900\ccs\tools\compiler\ti-cgt-arm_18.12.1.LTS\lib\</path>
         <kind>archive</kind>
         <file>rtsv7M4_T_le_v4SPD16_eabi.lib</file>
         <name>pre_init.c.obj</name>
      </input_file>
      <input_file id="fl-e7">
         <path>D:\Installed_Softwares\ti\ccs900\ccs\tools\compiler\ti-cgt-arm_18.12.1.LTS\lib\</path>
         <kind>archive</kind>
         <file>rtsv7M4_T_le_v4SPD16_eabi.lib</file>
         <name>cpy_tbl.c.obj</name>
      </input_file>
      <input_file id="fl-e8">
         <path>D:\Installed_Softwares\ti\ccs900\ccs\tools\compiler\ti-cgt-arm_18.12.1.LTS\lib\</path>
         <kind>archive</kind>
         <file>rtsv7M4_T_le_v4SPD16_eabi.lib</file>
         <name>exit.c.obj</name>
      </input_file>
      <input_file id="fl-e9">
         <path>D:\Installed_Softwares\ti\ccs900\ccs\tools\compiler\ti-cgt-arm_18.12.1.LTS\lib\</path>
         <kind>archive</kind>
         <file>rtsv7M4_T_le_v4SPD16_eabi.lib</file>
         <name>_lock.c.obj</name>
      </input_file>
      <input_file id="fl-ea">
         <path>D:\Installed_Softwares\ti\ccs900\ccs\tools\compiler\ti-cgt-arm_18.12.1.LTS\lib\</path>
         <kind>archive</kind>
         <file>rtsv7M4_T_le_v4SPD16_eabi.lib</file>
         <name>args_main.c.obj</name>
      </input_file>
      <input_file id="fl-eb">
         <path>D:\Installed_Softwares\ti\TivaWare_C_Series-2.1.4.178\driverlib\ccs\Debug\</path>
         <kind>archive</kind>
         <file>driverlib.lib</file>
         <name>gpio.obj</name>
      </input_file>
      <input_file id="fl-ec">
         <path>D:\Installed_Softwares\ti\TivaWare_C_Series-2.1.4.178\driverlib\ccs\Debug\</path>
         <kind>archive</kind>
         <file>driverlib.lib</file>
         <name>i2c.obj</name>
      </input_file>
      <input_file id="fl-ed">
         <path>D:\Installed_Softwares\ti\TivaWare_C_Series-2.1.4.178\driverlib\ccs\Debug\</path>
         <kind>archive</kind>
         <file>driverlib.lib</file>
         <name>interrupt.obj</name>
      </input_file>
      <input_file id="fl-ee">
         <path>D:\Installed_Softwares\ti\TivaWare_C_Series-2.1.4.178\driverlib\ccs\Debug\</path>
         <kind>archive</kind>
         <file>driverlib.lib</file>
         <name>sysctl.obj</name>
      </input_file>
      <input_file id="fl-ef">
         <path>D:\Installed_Softwares\ti\TivaWare_C_Series-2.1.4.178\driverlib\ccs\Debug\</path>
         <kind>archive</kind>
         <file>driverlib.lib</file>
         <name>timer.obj</name>
      </input_file>
      <input_file id="fl-f0">
         <path>D:\Installed_Softwares\ti\TivaWare_C_Series-2.1.4.178\driverlib\ccs\Debug\</path>
         <kind>archive</kind>
         <file>driverlib.lib</file>
         <name>cpu.obj</name>
      </input_file>
   </input_file_list>
   <object_component_list>
      <object_component id="oc-f">
         <name>.intvecs</name>
         <load_address>0x0</load_address>
         <run_address>0x0</run_address>
         <size>0x200</size>
         <input_file_ref idref="fl-b"/>
      </object_component>
      <object_component id="oc-36f">
         <name>.text:UARTvprintf</name>
         <load_address>0x200</load_address>
         <run_address>0x200</run_address>
         <size>0x30c</size>
         <input_file_ref idref="fl-13"/>
      </object_component>
      <object_component id="oc-120">
         <name>.text:SysCtlClockFreqSet</name>
         <load_address>0x50c</load_address>
         <run_address>0x50c</run_address>
         <size>0x200</size>
         <input_file_ref idref="fl-ee"/>
      </object_component>
      <object_component id="oc-2dc">
         <name>.text:xQueueGenericReceive</name>
         <load_address>0x70c</load_address>
         <run_address>0x70c</run_address>
         <size>0x16c</size>
         <input_file_ref idref="fl-d"/>
      </object_component>
      <object_component id="oc-1eb">
         <name>.text:xTaskGenericCreate</name>
         <load_address>0x878</load_address>
         <run_address>0x878</run_address>
         <size>0x138</size>
         <input_file_ref idref="fl-e"/>
      </object_component>
      <object_component id="oc-98">
         <name>.text:xTaskIncrementTick</name>
         <load_address>0x9b0</load_address>
         <run_address>0x9b0</run_address>
         <size>0x134</size>
         <input_file_ref idref="fl-e"/>
      </object_component>
      <object_component id="oc-280">
         <name>.text:GPIOPadConfigSet</name>
         <load_address>0xae4</load_address>
         <run_address>0xae4</run_address>
         <size>0x132</size>
         <input_file_ref idref="fl-eb"/>
      </object_component>
      <object_component id="oc-30">
         <name>.text:FaultISR</name>
         <load_address>0xc16</load_address>
         <run_address>0xc16</run_address>
         <size>0x2</size>
         <input_file_ref idref="fl-b"/>
      </object_component>
      <object_component id="oc-382">
         <name>.text:xQueueGenericSend</name>
         <load_address>0xc18</load_address>
         <run_address>0xc18</run_address>
         <size>0x128</size>
         <input_file_ref idref="fl-d"/>
      </object_component>
      <object_component id="oc-2e8">
         <name>.text:SysCtlClockGet</name>
         <load_address>0xd40</load_address>
         <run_address>0xd40</run_address>
         <size>0x110</size>
         <input_file_ref idref="fl-ee"/>
      </object_component>
      <object_component id="oc-2a8">
         <name>.text:pvPortMalloc</name>
         <load_address>0xe50</load_address>
         <run_address>0xe50</run_address>
         <size>0x108</size>
         <input_file_ref idref="fl-12"/>
      </object_component>
      <object_component id="oc-300">
         <name>.text</name>
         <load_address>0xf58</load_address>
         <run_address>0xf58</run_address>
         <size>0xfc</size>
         <input_file_ref idref="fl-d6"/>
      </object_component>
      <object_component id="oc-3a1">
         <name>.text:xTaskResumeAll</name>
         <load_address>0x1054</load_address>
         <run_address>0x1054</run_address>
         <size>0xfc</size>
         <input_file_ref idref="fl-e"/>
      </object_component>
      <object_component id="oc-440">
         <name>.text:prvProcessReceivedCommands</name>
         <load_address>0x1150</load_address>
         <run_address>0x1150</run_address>
         <size>0xe8</size>
         <input_file_ref idref="fl-f"/>
      </object_component>
      <object_component id="oc-1f2">
         <name>.text:proxTask</name>
         <load_address>0x1238</load_address>
         <run_address>0x1238</run_address>
         <size>0xd8</size>
         <input_file_ref idref="fl-a"/>
      </object_component>
      <object_component id="oc-3c">
         <name>.text</name>
         <load_address>0x1310</load_address>
         <run_address>0x1310</run_address>
         <size>0xd2</size>
         <input_file_ref idref="fl-11"/>
      </object_component>
      <object_component id="oc-36">
         <name>.text:IntDefaultHandler</name>
         <load_address>0x13e2</load_address>
         <run_address>0x13e2</run_address>
         <size>0x2</size>
         <input_file_ref idref="fl-b"/>
      </object_component>
      <object_component id="oc-405">
         <name>.text:vTaskPriorityInherit</name>
         <load_address>0x13e4</load_address>
         <run_address>0x13e4</run_address>
         <size>0xc8</size>
         <input_file_ref idref="fl-e"/>
      </object_component>
      <object_component id="oc-478">
         <name>.text:prvCopyDataToQueue</name>
         <load_address>0x14ac</load_address>
         <run_address>0x14ac</run_address>
         <size>0xbc</size>
         <input_file_ref idref="fl-d"/>
      </object_component>
      <object_component id="oc-91">
         <name>.text:vTaskSwitchContext</name>
         <load_address>0x1568</load_address>
         <run_address>0x1568</run_address>
         <size>0xb8</size>
         <input_file_ref idref="fl-e"/>
      </object_component>
      <object_component id="oc-4ed">
         <name>.text:xTaskPriorityDisinherit</name>
         <load_address>0x1620</load_address>
         <run_address>0x1620</run_address>
         <size>0xa8</size>
         <input_file_ref idref="fl-e"/>
      </object_component>
      <object_component id="oc-4fa">
         <name>.text:prvSwitchTimerLists</name>
         <load_address>0x16c8</load_address>
         <run_address>0x16c8</run_address>
         <size>0xa4</size>
         <input_file_ref idref="fl-f"/>
      </object_component>
      <object_component id="oc-2ae">
         <name>.text:xQueueGenericReset</name>
         <load_address>0x176c</load_address>
         <run_address>0x176c</run_address>
         <size>0xa0</size>
         <input_file_ref idref="fl-d"/>
      </object_component>
      <object_component id="oc-55">
         <name>.text</name>
         <load_address>0x180c</load_address>
         <run_address>0x180c</run_address>
         <size>0x9c</size>
         <input_file_ref idref="fl-db"/>
      </object_component>
      <object_component id="oc-2bd">
         <name>.text:prvInitialiseTCBVariables</name>
         <load_address>0x18a8</load_address>
         <run_address>0x18a8</run_address>
         <size>0x9a</size>
         <input_file_ref idref="fl-e"/>
      </object_component>
      <object_component id="oc-2a">
         <name>.text:NmiSR</name>
         <load_address>0x1942</load_address>
         <run_address>0x1942</run_address>
         <size>0x2</size>
         <input_file_ref idref="fl-b"/>
      </object_component>
      <object_component id="oc-3b2">
         <name>.text:xTaskRemoveFromEventList</name>
         <load_address>0x1944</load_address>
         <run_address>0x1944</run_address>
         <size>0x90</size>
         <input_file_ref idref="fl-e"/>
      </object_component>
      <object_component id="oc-1d9">
         <name>.text:enableTaskTimer</name>
         <load_address>0x19d4</load_address>
         <run_address>0x19d4</run_address>
         <size>0x8c</size>
         <input_file_ref idref="fl-a"/>
      </object_component>
      <object_component id="oc-388">
         <name>.text:xQueueGenericSendFromISR</name>
         <load_address>0x1a60</load_address>
         <run_address>0x1a60</run_address>
         <size>0x8c</size>
         <input_file_ref idref="fl-d"/>
      </object_component>
      <object_component id="oc-43a">
         <name>.text:prvProcessTimerOrBlockTask</name>
         <load_address>0x1aec</load_address>
         <run_address>0x1aec</run_address>
         <size>0x84</size>
         <input_file_ref idref="fl-f"/>
      </object_component>
      <object_component id="oc-3f9">
         <name>.text:xTaskCheckForTimeOut</name>
         <load_address>0x1b70</load_address>
         <run_address>0x1b70</run_address>
         <size>0x84</size>
         <input_file_ref idref="fl-e"/>
      </object_component>
      <object_component id="oc-411">
         <name>.text:prvUnlockQueue</name>
         <load_address>0x1bf4</load_address>
         <run_address>0x1bf4</run_address>
         <size>0x82</size>
         <input_file_ref idref="fl-d"/>
      </object_component>
      <object_component id="oc-4e4">
         <name>.text</name>
         <load_address>0x1c76</load_address>
         <run_address>0x1c76</run_address>
         <size>0x2</size>
         <input_file_ref idref="fl-e4"/>
      </object_component>
      <object_component id="oc-132">
         <name>.text:vTaskStartScheduler</name>
         <load_address>0x1c78</load_address>
         <run_address>0x1c78</run_address>
         <size>0x7c</size>
         <input_file_ref idref="fl-e"/>
      </object_component>
      <object_component id="oc-c0">
         <name>.text</name>
         <load_address>0x1cf4</load_address>
         <run_address>0x1cf4</run_address>
         <size>0x7a</size>
         <input_file_ref idref="fl-de"/>
      </object_component>
      <object_component id="oc-4db">
         <name>.text:prvInsertTimerInActiveList</name>
         <load_address>0x1d70</load_address>
         <run_address>0x1d70</run_address>
         <size>0x78</size>
         <input_file_ref idref="fl-f"/>
      </object_component>
      <object_component id="oc-1cc">
         <name>.text:UARTStdioConfig</name>
         <load_address>0x1de8</load_address>
         <run_address>0x1de8</run_address>
         <size>0x74</size>
         <input_file_ref idref="fl-13"/>
      </object_component>
      <object_component id="oc-2cf">
         <name>.text:prvInitialiseTaskLists</name>
         <load_address>0x1e5c</load_address>
         <run_address>0x1e5c</run_address>
         <size>0x74</size>
         <input_file_ref idref="fl-e"/>
      </object_component>
      <object_component id="oc-501">
         <name>.text:vTaskPlaceOnEventListRestricted</name>
         <load_address>0x1ed0</load_address>
         <run_address>0x1ed0</run_address>
         <size>0x70</size>
         <input_file_ref idref="fl-e"/>
      </object_component>
      <object_component id="oc-1e5">
         <name>.text:xQueueGenericCreate</name>
         <load_address>0x1f40</load_address>
         <run_address>0x1f40</run_address>
         <size>0x70</size>
         <input_file_ref idref="fl-d"/>
      </object_component>
      <object_component id="oc-299">
         <name>.text:xTimerGenericCommand</name>
         <load_address>0x1fb0</load_address>
         <run_address>0x1fb0</run_address>
         <size>0x70</size>
         <input_file_ref idref="fl-f"/>
      </object_component>
      <object_component id="oc-126">
         <name>.text:ConfigureUART</name>
         <load_address>0x2020</load_address>
         <run_address>0x2020</run_address>
         <size>0x68</size>
         <input_file_ref idref="fl-7"/>
      </object_component>
      <object_component id="oc-12">
         <name>.text:decompress:lzss:__TI_decompress_lzss</name>
         <load_address>0x2088</load_address>
         <run_address>0x2088</run_address>
         <size>0x68</size>
         <input_file_ref idref="fl-e1"/>
      </object_component>
      <object_component id="oc-30b">
         <name>.text:prvCheckForValidListAndQueue</name>
         <load_address>0x20f0</load_address>
         <run_address>0x20f0</run_address>
         <size>0x68</size>
         <input_file_ref idref="fl-f"/>
      </object_component>
      <object_component id="oc-328">
         <name>.text:prvCheckTasksWaitingTermination</name>
         <load_address>0x2158</load_address>
         <run_address>0x2158</run_address>
         <size>0x68</size>
         <input_file_ref idref="fl-e"/>
      </object_component>
      <object_component id="oc-3c6">
         <name>.text:vPortFree</name>
         <load_address>0x21c0</load_address>
         <run_address>0x21c0</run_address>
         <size>0x68</size>
         <input_file_ref idref="fl-12"/>
      </object_component>
      <object_component id="oc-40b">
         <name>.text:vTaskPlaceOnEventList</name>
         <load_address>0x2228</load_address>
         <run_address>0x2228</run_address>
         <size>0x68</size>
         <input_file_ref idref="fl-e"/>
      </object_component>
      <object_component id="oc-4ad">
         <name>.text:vListInsert</name>
         <load_address>0x2290</load_address>
         <run_address>0x2290</run_address>
         <size>0x66</size>
         <input_file_ref idref="fl-c"/>
      </object_component>
      <object_component id="oc-4ce">
         <name>.text:prvProcessExpiredTimer</name>
         <load_address>0x22f8</load_address>
         <run_address>0x22f8</run_address>
         <size>0x60</size>
         <input_file_ref idref="fl-f"/>
      </object_component>
      <object_component id="oc-2b7">
         <name>.text:prvAllocateTCBAndStack</name>
         <load_address>0x2358</load_address>
         <run_address>0x2358</run_address>
         <size>0x5e</size>
         <input_file_ref idref="fl-e"/>
      </object_component>
      <object_component id="oc-468">
         <name>.text:UARTwrite</name>
         <load_address>0x23b8</load_address>
         <run_address>0x23b8</run_address>
         <size>0x5c</size>
         <input_file_ref idref="fl-13"/>
      </object_component>
      <object_component id="oc-12c">
         <name>.text:proxTaskInit</name>
         <load_address>0x2414</load_address>
         <run_address>0x2414</run_address>
         <size>0x5c</size>
         <input_file_ref idref="fl-a"/>
      </object_component>
      <object_component id="oc-4b3">
         <name>.text:prvAddCurrentTaskToDelayedList</name>
         <load_address>0x2470</load_address>
         <run_address>0x2470</run_address>
         <size>0x5c</size>
         <input_file_ref idref="fl-e"/>
      </object_component>
      <object_component id="oc-2c3">
         <name>.text:pxPortInitialiseStack</name>
         <load_address>0x24cc</load_address>
         <run_address>0x24cc</run_address>
         <size>0x5c</size>
         <input_file_ref idref="fl-10"/>
      </object_component>
      <object_component id="oc-4d4">
         <name>.text:vQueueWaitForMessageRestricted</name>
         <load_address>0x2528</load_address>
         <run_address>0x2528</run_address>
         <size>0x54</size>
         <input_file_ref idref="fl-d"/>
      </object_component>
      <object_component id="oc-287">
         <name>.text:xTimerCreate</name>
         <load_address>0x257c</load_address>
         <run_address>0x257c</run_address>
         <size>0x54</size>
         <input_file_ref idref="fl-f"/>
      </object_component>
      <object_component id="oc-39b">
         <name>.text:prvHeapInit</name>
         <load_address>0x25d0</load_address>
         <run_address>0x25d0</run_address>
         <size>0x50</size>
         <input_file_ref idref="fl-12"/>
      </object_component>
      <object_component id="oc-420">
         <name>.text:vQueueAddToRegistry</name>
         <load_address>0x2620</load_address>
         <run_address>0x2620</run_address>
         <size>0x4c</size>
         <input_file_ref idref="fl-d"/>
      </object_component>
      <object_component id="oc-1b6">
         <name>.text:_SysCtlFrequencyGet</name>
         <load_address>0x266c</load_address>
         <run_address>0x266c</run_address>
         <size>0x48</size>
         <input_file_ref idref="fl-ee"/>
      </object_component>
      <object_component id="oc-f9">
         <name>.text:uxListRemove</name>
         <load_address>0x26b4</load_address>
         <run_address>0x26b4</run_address>
         <size>0x48</size>
         <input_file_ref idref="fl-c"/>
      </object_component>
      <object_component id="oc-1f9">
         <name>.text:xTimerCreateTimerTask</name>
         <load_address>0x26fc</load_address>
         <run_address>0x26fc</run_address>
         <size>0x48</size>
         <input_file_ref idref="fl-f"/>
      </object_component>
      <object_component id="oc-150">
         <name>.text:__TI_auto_init_nobinit_nopinit:__TI_auto_init_nobinit_nopinit</name>
         <load_address>0x2744</load_address>
         <run_address>0x2744</run_address>
         <size>0x44</size>
         <input_file_ref idref="fl-e5"/>
      </object_component>
      <object_component id="oc-305">
         <name>.text</name>
         <load_address>0x2788</load_address>
         <run_address>0x2788</run_address>
         <size>0x44</size>
         <input_file_ref idref="fl-d8"/>
      </object_component>
      <object_component id="oc-1ff">
         <name>.text:xPortStartScheduler</name>
         <load_address>0x27cc</load_address>
         <run_address>0x27cc</run_address>
         <size>0x44</size>
         <input_file_ref idref="fl-10"/>
      </object_component>
      <object_component id="oc-46e">
         <name>.text</name>
         <load_address>0x2810</load_address>
         <run_address>0x2810</run_address>
         <size>0x40</size>
         <input_file_ref idref="fl-dd"/>
      </object_component>
      <object_component id="oc-1df">
         <name>.text:captureInit</name>
         <load_address>0x2850</load_address>
         <run_address>0x2850</run_address>
         <size>0x3c</size>
         <input_file_ref idref="fl-a"/>
      </object_component>
      <object_component id="oc-3e7">
         <name>.text:prvCopyDataFromQueue</name>
         <load_address>0x288c</load_address>
         <run_address>0x288c</run_address>
         <size>0x3c</size>
         <input_file_ref idref="fl-d"/>
      </object_component>
      <object_component id="oc-f3">
         <name>.text:prvResetNextTaskUnblockTime</name>
         <load_address>0x28c8</load_address>
         <run_address>0x28c8</run_address>
         <size>0x3c</size>
         <input_file_ref idref="fl-e"/>
      </object_component>
      <object_component id="oc-ff">
         <name>.text:vListInsertEnd</name>
         <load_address>0x2904</load_address>
         <run_address>0x2904</run_address>
         <size>0x3c</size>
         <input_file_ref idref="fl-c"/>
      </object_component>
      <object_component id="oc-26e">
         <name>.text:SysCtlPeripheralReady</name>
         <load_address>0x2940</load_address>
         <run_address>0x2940</run_address>
         <size>0x38</size>
         <input_file_ref idref="fl-ee"/>
      </object_component>
      <object_component id="oc-1d3">
         <name>.text:initProxSensor</name>
         <load_address>0x2978</load_address>
         <run_address>0x2978</run_address>
         <size>0x38</size>
         <input_file_ref idref="fl-a"/>
      </object_component>
      <object_component id="oc-434">
         <name>.text:prvGetNextExpireTime</name>
         <load_address>0x29b0</load_address>
         <run_address>0x29b0</run_address>
         <size>0x38</size>
         <input_file_ref idref="fl-f"/>
      </object_component>
      <object_component id="oc-268">
         <name>.text:SysCtlPeripheralEnable</name>
         <load_address>0x29e8</load_address>
         <run_address>0x29e8</run_address>
         <size>0x34</size>
         <input_file_ref idref="fl-ee"/>
      </object_component>
      <object_component id="oc-73">
         <name>.text:_c_int00_noargs:_c_int00_noargs</name>
         <load_address>0x2a1c</load_address>
         <run_address>0x2a1c</run_address>
         <size>0x34</size>
         <input_file_ref idref="fl-e3"/>
      </object_component>
      <object_component id="oc-4cc">
         <name>.text:prvSampleTimeNow</name>
         <load_address>0x2a50</load_address>
         <run_address>0x2a50</run_address>
         <size>0x34</size>
         <input_file_ref idref="fl-f"/>
      </object_component>
      <object_component id="oc-3b8">
         <name>.text:vListInitialise</name>
         <load_address>0x2a84</load_address>
         <run_address>0x2a84</run_address>
         <size>0x30</size>
         <input_file_ref idref="fl-c"/>
      </object_component>
      <object_component id="oc-37c">
         <name>.text:xTaskGetSchedulerState</name>
         <load_address>0x2ab4</load_address>
         <run_address>0x2ab4</run_address>
         <size>0x30</size>
         <input_file_ref idref="fl-e"/>
      </object_component>
      <object_component id="oc-cc">
         <name>.text:main</name>
         <load_address>0x2ae4</load_address>
         <run_address>0x2ae4</run_address>
         <size>0x2c</size>
         <input_file_ref idref="fl-7"/>
      </object_component>
      <object_component id="oc-41">
         <name>.text:xPortSysTickHandler</name>
         <load_address>0x2b10</load_address>
         <run_address>0x2b10</run_address>
         <size>0x2c</size>
         <input_file_ref idref="fl-10"/>
      </object_component>
      <object_component id="oc-35d">
         <name>.text:GPIODirModeSet</name>
         <load_address>0x2b3c</load_address>
         <run_address>0x2b3c</run_address>
         <size>0x2a</size>
         <input_file_ref idref="fl-eb"/>
      </object_component>
      <object_component id="oc-47e">
         <name>.text:prvIsQueueFull</name>
         <load_address>0x2b66</load_address>
         <run_address>0x2b66</run_address>
         <size>0x26</size>
         <input_file_ref idref="fl-d"/>
      </object_component>
      <object_component id="oc-28d">
         <name>.text:UARTprintf</name>
         <load_address>0x2b8c</load_address>
         <run_address>0x2b8c</run_address>
         <size>0x24</size>
         <input_file_ref idref="fl-13"/>
      </object_component>
      <object_component id="oc-2c9">
         <name>.text:vPortEnterCritical</name>
         <load_address>0x2bb0</load_address>
         <run_address>0x2bb0</run_address>
         <size>0x24</size>
         <input_file_ref idref="fl-10"/>
      </object_component>
      <object_component id="oc-3f3">
         <name>.text:vTaskSetTimeOutState</name>
         <load_address>0x2bd4</load_address>
         <run_address>0x2bd4</run_address>
         <size>0x24</size>
         <input_file_ref idref="fl-e"/>
      </object_component>
      <object_component id="oc-1b0">
         <name>.text:_SysCtlMemTimingGet</name>
         <load_address>0x2bf8</load_address>
         <run_address>0x2bf8</run_address>
         <size>0x20</size>
         <input_file_ref idref="fl-ee"/>
      </object_component>
      <object_component id="oc-3ff">
         <name>.text:prvIsQueueEmpty</name>
         <load_address>0x2c18</load_address>
         <run_address>0x2c18</run_address>
         <size>0x20</size>
         <input_file_ref idref="fl-d"/>
      </object_component>
      <object_component id="oc-2fb">
         <name>.text</name>
         <load_address>0x2c38</load_address>
         <run_address>0x2c38</run_address>
         <size>0x20</size>
         <input_file_ref idref="fl-dc"/>
      </object_component>
      <object_component id="oc-3ed">
         <name>.text:pvTaskIncrementMutexHeldCount</name>
         <load_address>0x2c58</load_address>
         <run_address>0x2c58</run_address>
         <size>0x1c</size>
         <input_file_ref idref="fl-e"/>
      </object_component>
      <object_component id="oc-2d5">
         <name>.text:vPortExitCritical</name>
         <load_address>0x2c74</load_address>
         <run_address>0x2c74</run_address>
         <size>0x1c</size>
         <input_file_ref idref="fl-10"/>
      </object_component>
      <object_component id="oc-317">
         <name>.text:prvTimerTask</name>
         <load_address>0x2c90</load_address>
         <run_address>0x2c90</run_address>
         <size>0x1a</size>
         <input_file_ref idref="fl-f"/>
      </object_component>
      <object_component id="oc-274">
         <name>.text:GPIOPinTypeGPIOOutput</name>
         <load_address>0x2caa</load_address>
         <run_address>0x2caa</run_address>
         <size>0x18</size>
         <input_file_ref idref="fl-eb"/>
      </object_component>
      <object_component id="oc-31e">
         <name>.text:vPortSetupTimerInterrupt</name>
         <load_address>0x2cc4</load_address>
         <run_address>0x2cc4</run_address>
         <size>0x18</size>
         <input_file_ref idref="fl-10"/>
      </object_component>
      <object_component id="oc-2a0">
         <name>.text:vProxTimerCallback</name>
         <load_address>0x2cdc</load_address>
         <run_address>0x2cdc</run_address>
         <size>0x18</size>
         <input_file_ref idref="fl-a"/>
      </object_component>
      <object_component id="oc-44a">
         <name>.text:prvDeleteTCB</name>
         <load_address>0x2cf4</load_address>
         <run_address>0x2cf4</run_address>
         <size>0x14</size>
         <input_file_ref idref="fl-e"/>
      </object_component>
      <object_component id="oc-293">
         <name>.text:xTaskGetTickCount</name>
         <load_address>0x2d08</load_address>
         <run_address>0x2d08</run_address>
         <size>0x14</size>
         <input_file_ref idref="fl-e"/>
      </object_component>
      <object_component id="oc-27a">
         <name>.text:GPIOPinTypeGPIOInput</name>
         <load_address>0x2d1c</load_address>
         <run_address>0x2d1c</run_address>
         <size>0x12</size>
         <input_file_ref idref="fl-eb"/>
      </object_component>
      <object_component id="oc-3ce">
         <name>.text:prvTaskExitError</name>
         <load_address>0x2d2e</load_address>
         <run_address>0x2d2e</run_address>
         <size>0x10</size>
         <input_file_ref idref="fl-10"/>
      </object_component>
      <object_component id="oc-367">
         <name>.text:vListInitialiseItem</name>
         <load_address>0x2d3e</load_address>
         <run_address>0x2d3e</run_address>
         <size>0x10</size>
         <input_file_ref idref="fl-c"/>
      </object_component>
      <object_component id="oc-395">
         <name>.text:vTaskSuspendAll</name>
         <load_address>0x2d50</load_address>
         <run_address>0x2d50</run_address>
         <size>0x10</size>
         <input_file_ref idref="fl-e"/>
      </object_component>
      <object_component id="oc-18">
         <name>.text:decompress:none:__TI_decompress_none</name>
         <load_address>0x2d60</load_address>
         <run_address>0x2d60</run_address>
         <size>0xe</size>
         <input_file_ref idref="fl-e0"/>
      </object_component>
      <object_component id="oc-67">
         <name>.text:decompress:ZI:__TI_zero_init</name>
         <load_address>0x2d6e</load_address>
         <run_address>0x2d6e</run_address>
         <size>0xc</size>
         <input_file_ref idref="fl-df"/>
      </object_component>
      <object_component id="oc-4ba">
         <name>.text:vTaskMissedYield</name>
         <load_address>0x2d7c</load_address>
         <run_address>0x2d7c</run_address>
         <size>0xc</size>
         <input_file_ref idref="fl-e"/>
      </object_component>
      <object_component id="oc-2f5">
         <name>.text:TimerValueGet</name>
         <load_address>0x2d88</load_address>
         <run_address>0x2d88</run_address>
         <size>0xa</size>
         <input_file_ref idref="fl-ef"/>
      </object_component>
      <object_component id="oc-205">
         <name>.text:prvIdleTask</name>
         <load_address>0x2d92</load_address>
         <run_address>0x2d92</run_address>
         <size>0xa</size>
         <input_file_ref idref="fl-e"/>
      </object_component>
      <object_component id="oc-e9">
         <name>.text:vApplicationStackOverflowHook</name>
         <load_address>0x2d9c</load_address>
         <run_address>0x2d9c</run_address>
         <size>0xa</size>
         <input_file_ref idref="fl-7"/>
      </object_component>
      <object_component id="oc-2ef">
         <name>.text:GPIOPinRead</name>
         <load_address>0x2da6</load_address>
         <run_address>0x2da6</run_address>
         <size>0x6</size>
         <input_file_ref idref="fl-eb"/>
      </object_component>
      <object_component id="oc-2e2">
         <name>.text:GPIOPinWrite</name>
         <load_address>0x2dac</load_address>
         <run_address>0x2dac</run_address>
         <size>0x6</size>
         <input_file_ref idref="fl-eb"/>
      </object_component>
      <object_component id="oc-24">
         <name>.text:ResetISR</name>
         <load_address>0x2db2</load_address>
         <run_address>0x2db2</run_address>
         <size>0x6</size>
         <input_file_ref idref="fl-b"/>
      </object_component>
      <object_component id="oc-2ee">
         <name>.text:SysCtlDelay</name>
         <load_address>0x2db8</load_address>
         <run_address>0x2db8</run_address>
         <size>0x6</size>
         <input_file_ref idref="fl-ee"/>
      </object_component>
      <object_component id="oc-c6">
         <name>.text:_system_pre_init</name>
         <load_address>0x2dbe</load_address>
         <run_address>0x2dbe</run_address>
         <size>0x4</size>
         <input_file_ref idref="fl-e6"/>
      </object_component>
      <object_component id="oc-144">
         <name>.text:abort:abort</name>
         <load_address>0x2dc2</load_address>
         <run_address>0x2dc2</run_address>
         <size>0x4</size>
         <input_file_ref idref="fl-e8"/>
      </object_component>
      <object_component id="oc-1bf">
         <name>.const:g_pppui32XTALtoVCO</name>
         <load_address>0x2dc8</load_address>
         <run_address>0x2dc8</run_address>
         <size>0x1b0</size>
         <input_file_ref idref="fl-ee"/>
      </object_component>
      <object_component id="oc-1bc">
         <name>.const:g_pui32Xtals</name>
         <load_address>0x2f78</load_address>
         <run_address>0x2f78</run_address>
         <size>0x6c</size>
         <input_file_ref idref="fl-ee"/>
      </object_component>
      <object_component id="oc-249">
         <name>.const:g_sXTALtoMEMTIM</name>
         <load_address>0x2fe4</load_address>
         <run_address>0x2fe4</run_address>
         <size>0x30</size>
         <input_file_ref idref="fl-ee"/>
      </object_component>
      <object_component id="oc-4ea">
         <name>.const:.string</name>
         <load_address>0x3014</load_address>
         <run_address>0x3014</run_address>
         <size>0x12</size>
         <input_file_ref idref="fl-13"/>
      </object_component>
      <object_component id="oc-264">
         <name>.const:g_ui32UARTBase</name>
         <load_address>0x3028</load_address>
         <run_address>0x3028</run_address>
         <size>0xc</size>
         <input_file_ref idref="fl-13"/>
      </object_component>
      <object_component id="oc-25b">
         <name>.const:g_ui32UARTPeriph</name>
         <load_address>0x3034</load_address>
         <run_address>0x3034</run_address>
         <size>0xc</size>
         <input_file_ref idref="fl-13"/>
      </object_component>
      <object_component id="oc-1c2">
         <name>.const</name>
         <load_address>0x3040</load_address>
         <run_address>0x3040</run_address>
         <size>0x8</size>
         <input_file_ref idref="fl-ee"/>
      </object_component>
      <object_component id="oc-8e">
         <name>.const</name>
         <load_address>0x3048</load_address>
         <run_address>0x3048</run_address>
         <size>0x4</size>
         <input_file_ref idref="fl-10"/>
      </object_component>
      <object_component id="oc-473">
         <name>.const</name>
         <load_address>0x304c</load_address>
         <run_address>0x304c</run_address>
         <size>0x4</size>
         <input_file_ref idref="fl-13"/>
      </object_component>
      <object_component id="oc-536">
         <name>.cinit..data.load</name>
         <load_address>0x3050</load_address>
         <run_address>0x3050</run_address>
         <size>0x10</size>
      </object_component>
      <object_component id="oc-534">
         <name>__TI_handler_table</name>
         <load_address>0x3060</load_address>
         <run_address>0x3060</run_address>
         <size>0xc</size>
      </object_component>
      <object_component id="oc-537">
         <name>.cinit..bss.load</name>
         <load_address>0x3070</load_address>
         <run_address>0x3070</run_address>
         <size>0x8</size>
      </object_component>
      <object_component id="oc-535">
         <name>__TI_cinit_table</name>
         <load_address>0x3078</load_address>
         <run_address>0x3078</run_address>
         <size>0x10</size>
      </object_component>
      <object_component id="oc-8b">
         <name>.data</name>
         <load_address>0x20007978</load_address>
         <run_address>0x20007978</run_address>
         <size>0x30</size>
         <input_file_ref idref="fl-e"/>
      </object_component>
      <object_component id="oc-311">
         <name>.data</name>
         <load_address>0x200079b0</load_address>
         <run_address>0x200079b0</run_address>
         <size>0x8</size>
         <input_file_ref idref="fl-f"/>
      </object_component>
      <object_component id="oc-324">
         <name>.data</name>
         <load_address>0x200079c0</load_address>
         <run_address>0x200079c0</run_address>
         <size>0x4</size>
         <input_file_ref idref="fl-10"/>
      </object_component>
      <object_component id="oc-3a7">
         <name>.data</name>
         <load_address>0x200079a8</load_address>
         <run_address>0x200079a8</run_address>
         <size>0x8</size>
         <input_file_ref idref="fl-12"/>
      </object_component>
      <object_component id="oc-25e">
         <name>.data</name>
         <load_address>0x200079b8</load_address>
         <run_address>0x200079b8</run_address>
         <size>0x5</size>
         <input_file_ref idref="fl-13"/>
      </object_component>
      <object_component id="oc-ef">
         <name>.bss:pxReadyTasksLists</name>
         <uninitialized>true</uninitialized>
         <run_address>0x20007530</run_address>
         <size>0x140</size>
         <input_file_ref idref="fl-e"/>
      </object_component>
      <object_component id="oc-3d6">
         <name>.bss:xDelayedTaskList1</name>
         <uninitialized>true</uninitialized>
         <run_address>0x200076e8</run_address>
         <size>0x14</size>
         <input_file_ref idref="fl-e"/>
      </object_component>
      <object_component id="oc-3d9">
         <name>.bss:xDelayedTaskList2</name>
         <uninitialized>true</uninitialized>
         <run_address>0x200076fc</run_address>
         <size>0x14</size>
         <input_file_ref idref="fl-e"/>
      </object_component>
      <object_component id="oc-105">
         <name>.bss</name>
         <uninitialized>true</uninitialized>
         <run_address>0x2000774c</run_address>
         <size>0x8</size>
         <input_file_ref idref="fl-e"/>
      </object_component>
      <object_component id="oc-3dc">
         <name>.bss:xPendingReadyList</name>
         <uninitialized>true</uninitialized>
         <run_address>0x20007710</run_address>
         <size>0x14</size>
         <input_file_ref idref="fl-e"/>
      </object_component>
      <object_component id="oc-3df">
         <name>.bss:xTasksWaitingTermination</name>
         <uninitialized>true</uninitialized>
         <run_address>0x20007738</run_address>
         <size>0x14</size>
         <input_file_ref idref="fl-e"/>
      </object_component>
      <object_component id="oc-3e2">
         <name>.bss:xSuspendedTaskList</name>
         <uninitialized>true</uninitialized>
         <run_address>0x20007724</run_address>
         <size>0x14</size>
         <input_file_ref idref="fl-e"/>
      </object_component>
      <object_component id="oc-426">
         <name>.bss:xActiveTimerList1</name>
         <uninitialized>true</uninitialized>
         <run_address>0x200076c0</run_address>
         <size>0x14</size>
         <input_file_ref idref="fl-f"/>
      </object_component>
      <object_component id="oc-429">
         <name>.bss:xActiveTimerList2</name>
         <uninitialized>true</uninitialized>
         <run_address>0x200076d4</run_address>
         <size>0x14</size>
         <input_file_ref idref="fl-f"/>
      </object_component>
      <object_component id="oc-42c">
         <name>.bss</name>
         <uninitialized>true</uninitialized>
         <run_address>0x20007754</run_address>
         <size>0x8</size>
         <input_file_ref idref="fl-f"/>
      </object_component>
      <object_component id="oc-487">
         <name>.bss:ucHeap</name>
         <uninitialized>true</uninitialized>
         <run_address>0x20000000</run_address>
         <size>0x7530</size>
         <input_file_ref idref="fl-12"/>
      </object_component>
      <object_component id="oc-3aa">
         <name>.bss:xStart</name>
         <uninitialized>true</uninitialized>
         <run_address>0x20007764</run_address>
         <size>0x8</size>
         <input_file_ref idref="fl-12"/>
      </object_component>
      <object_component id="oc-3ad">
         <name>.bss:xEnd</name>
         <uninitialized>true</uninitialized>
         <run_address>0x2000775c</run_address>
         <size>0x8</size>
         <input_file_ref idref="fl-12"/>
      </object_component>
      <object_component id="oc-138">
         <name>.common:g_ui32SysClock</name>
         <uninitialized>true</uninitialized>
         <run_address>0x2000776c</run_address>
         <size>0x4</size>
      </object_component>
      <object_component id="oc-1f1">
         <name>.common:xSemaphoreProx</name>
         <uninitialized>true</uninitialized>
         <run_address>0x20007774</run_address>
         <size>0x4</size>
      </object_component>
      <object_component id="oc-29f">
         <name>.common:xProxTimer</name>
         <uninitialized>true</uninitialized>
         <run_address>0x20007770</run_address>
         <size>0x4</size>
      </object_component>
      <object_component id="oc-4c3">
         <name>.common:xQueueRegistry</name>
         <uninitialized>true</uninitialized>
         <run_address>0x20007670</run_address>
         <size>0x50</size>
      </object_component>
      <object_component id="oc-21">
         <name>.stack</name>
         <uninitialized>true</uninitialized>
         <run_address>0x20007778</run_address>
         <size>0x4</size>
         <input_file_ref idref="fl-e3"/>
      </object_component>
      <object_component id="oc-538">
         <name>.stack</name>
         <uninitialized>true</uninitialized>
         <run_address>0x20007778</run_address>
         <size>0x0</size>
      </object_component>
      <object_component id="oc-10e">
         <name>.debug_info</name>
         <load_address>0x0</load_address>
         <run_address>0x0</run_address>
         <size>0x409</size>
         <input_file_ref idref="fl-2"/>
      </object_component>
      <object_component id="oc-189">
         <name>.debug_info</name>
         <load_address>0x409</load_address>
         <run_address>0x409</run_address>
         <size>0x2ef</size>
         <input_file_ref idref="fl-2"/>
      </object_component>
      <object_component id="oc-a1">
         <name>.debug_info</name>
         <load_address>0x6f8</load_address>
         <run_address>0x6f8</run_address>
         <size>0x26b</size>
         <input_file_ref idref="fl-2"/>
      </object_component>
      <object_component id="oc-50">
         <name>.debug_info</name>
         <load_address>0x963</load_address>
         <run_address>0x963</run_address>
         <size>0x84</size>
         <input_file_ref idref="fl-2"/>
      </object_component>
      <object_component id="oc-19d">
         <name>.debug_info</name>
         <load_address>0x9e7</load_address>
         <run_address>0x9e7</run_address>
         <size>0x2c</size>
         <input_file_ref idref="fl-2"/>
      </object_component>
      <object_component id="oc-109">
         <name>.debug_info</name>
         <load_address>0xa13</load_address>
         <run_address>0xa13</run_address>
         <size>0x297</size>
         <input_file_ref idref="fl-2"/>
      </object_component>
      <object_component id="oc-a6">
         <name>.debug_info</name>
         <load_address>0xcaa</load_address>
         <run_address>0xcaa</run_address>
         <size>0xbb</size>
         <input_file_ref idref="fl-2"/>
      </object_component>
      <object_component id="oc-e1">
         <name>.debug_info</name>
         <load_address>0xd65</load_address>
         <run_address>0xd65</run_address>
         <size>0x53</size>
         <input_file_ref idref="fl-2"/>
      </object_component>
      <object_component id="oc-376">
         <name>.debug_info</name>
         <load_address>0xdb8</load_address>
         <run_address>0xdb8</run_address>
         <size>0x2c</size>
         <input_file_ref idref="fl-2"/>
      </object_component>
      <object_component id="oc-193">
         <name>.debug_info</name>
         <load_address>0xde4</load_address>
         <run_address>0xde4</run_address>
         <size>0x14c</size>
         <input_file_ref idref="fl-2"/>
      </object_component>
      <object_component id="oc-117">
         <name>.debug_info</name>
         <load_address>0xf30</load_address>
         <run_address>0xf30</run_address>
         <size>0x2c</size>
         <input_file_ref idref="fl-3"/>
      </object_component>
      <object_component id="oc-139">
         <name>.debug_info</name>
         <load_address>0xf5c</load_address>
         <run_address>0xf5c</run_address>
         <size>0x583</size>
         <input_file_ref idref="fl-4"/>
      </object_component>
      <object_component id="oc-215">
         <name>.debug_info</name>
         <load_address>0x14df</load_address>
         <run_address>0x14df</run_address>
         <size>0x46</size>
         <input_file_ref idref="fl-4"/>
      </object_component>
      <object_component id="oc-210">
         <name>.debug_info</name>
         <load_address>0x1525</load_address>
         <run_address>0x1525</run_address>
         <size>0x2c</size>
         <input_file_ref idref="fl-4"/>
      </object_component>
      <object_component id="oc-13b">
         <name>.debug_info</name>
         <load_address>0x1551</load_address>
         <run_address>0x1551</run_address>
         <size>0x661</size>
         <input_file_ref idref="fl-6"/>
      </object_component>
      <object_component id="oc-18e">
         <name>.debug_info</name>
         <load_address>0x1bb2</load_address>
         <run_address>0x1bb2</run_address>
         <size>0x46</size>
         <input_file_ref idref="fl-6"/>
      </object_component>
      <object_component id="oc-1a5">
         <name>.debug_info</name>
         <load_address>0x1bf8</load_address>
         <run_address>0x1bf8</run_address>
         <size>0x41a</size>
         <input_file_ref idref="fl-7"/>
      </object_component>
      <object_component id="oc-ea">
         <name>.debug_info</name>
         <load_address>0x2012</load_address>
         <run_address>0x2012</run_address>
         <size>0x187</size>
         <input_file_ref idref="fl-7"/>
      </object_component>
      <object_component id="oc-127">
         <name>.debug_info</name>
         <load_address>0x2199</load_address>
         <run_address>0x2199</run_address>
         <size>0x140</size>
         <input_file_ref idref="fl-7"/>
      </object_component>
      <object_component id="oc-cd">
         <name>.debug_info</name>
         <load_address>0x22d9</load_address>
         <run_address>0x22d9</run_address>
         <size>0x14e</size>
         <input_file_ref idref="fl-7"/>
      </object_component>
      <object_component id="oc-13d">
         <name>.debug_info</name>
         <load_address>0x2427</load_address>
         <run_address>0x2427</run_address>
         <size>0x37d</size>
         <input_file_ref idref="fl-8"/>
      </object_component>
      <object_component id="oc-13f">
         <name>.debug_info</name>
         <load_address>0x27a4</load_address>
         <run_address>0x27a4</run_address>
         <size>0x4d2</size>
         <input_file_ref idref="fl-9"/>
      </object_component>
      <object_component id="oc-21e">
         <name>.debug_info</name>
         <load_address>0x2c76</load_address>
         <run_address>0x2c76</run_address>
         <size>0x8b</size>
         <input_file_ref idref="fl-9"/>
      </object_component>
      <object_component id="oc-141">
         <name>.debug_info</name>
         <load_address>0x2d01</load_address>
         <run_address>0x2d01</run_address>
         <size>0x827</size>
         <input_file_ref idref="fl-a"/>
      </object_component>
      <object_component id="oc-2a2">
         <name>.debug_info</name>
         <load_address>0x3528</load_address>
         <run_address>0x3528</run_address>
         <size>0x163</size>
         <input_file_ref idref="fl-a"/>
      </object_component>
      <object_component id="oc-1da">
         <name>.debug_info</name>
         <load_address>0x368b</load_address>
         <run_address>0x368b</run_address>
         <size>0x181</size>
         <input_file_ref idref="fl-a"/>
      </object_component>
      <object_component id="oc-1d4">
         <name>.debug_info</name>
         <load_address>0x380c</load_address>
         <run_address>0x380c</run_address>
         <size>0x19e</size>
         <input_file_ref idref="fl-a"/>
      </object_component>
      <object_component id="oc-1e1">
         <name>.debug_info</name>
         <load_address>0x39aa</load_address>
         <run_address>0x39aa</run_address>
         <size>0x126</size>
         <input_file_ref idref="fl-a"/>
      </object_component>
      <object_component id="oc-1f3">
         <name>.debug_info</name>
         <load_address>0x3ad0</load_address>
         <run_address>0x3ad0</run_address>
         <size>0x284</size>
         <input_file_ref idref="fl-a"/>
      </object_component>
      <object_component id="oc-12d">
         <name>.debug_info</name>
         <load_address>0x3d54</load_address>
         <run_address>0x3d54</run_address>
         <size>0x188</size>
         <input_file_ref idref="fl-a"/>
      </object_component>
      <object_component id="oc-49">
         <name>.debug_info</name>
         <load_address>0x3edc</load_address>
         <run_address>0x3edc</run_address>
         <size>0x323</size>
         <input_file_ref idref="fl-b"/>
      </object_component>
      <object_component id="oc-10">
         <name>.debug_info</name>
         <load_address>0x41ff</load_address>
         <run_address>0x41ff</run_address>
         <size>0xe2</size>
         <input_file_ref idref="fl-b"/>
      </object_component>
      <object_component id="oc-26">
         <name>.debug_info</name>
         <load_address>0x42e1</load_address>
         <run_address>0x42e1</run_address>
         <size>0x112</size>
         <input_file_ref idref="fl-b"/>
      </object_component>
      <object_component id="oc-2b">
         <name>.debug_info</name>
         <load_address>0x43f3</load_address>
         <run_address>0x43f3</run_address>
         <size>0x100</size>
         <input_file_ref idref="fl-b"/>
      </object_component>
      <object_component id="oc-31">
         <name>.debug_info</name>
         <load_address>0x44f3</load_address>
         <run_address>0x44f3</run_address>
         <size>0x107</size>
         <input_file_ref idref="fl-b"/>
      </object_component>
      <object_component id="oc-37">
         <name>.debug_info</name>
         <load_address>0x45fa</load_address>
         <run_address>0x45fa</run_address>
         <size>0x11b</size>
         <input_file_ref idref="fl-b"/>
      </object_component>
      <object_component id="oc-1aa">
         <name>.debug_info</name>
         <load_address>0x4715</load_address>
         <run_address>0x4715</run_address>
         <size>0x314</size>
         <input_file_ref idref="fl-c"/>
      </object_component>
      <object_component id="oc-3bc">
         <name>.debug_info</name>
         <load_address>0x4a29</load_address>
         <run_address>0x4a29</run_address>
         <size>0x223</size>
         <input_file_ref idref="fl-c"/>
      </object_component>
      <object_component id="oc-36a">
         <name>.debug_info</name>
         <load_address>0x4c4c</load_address>
         <run_address>0x4c4c</run_address>
         <size>0x22b</size>
         <input_file_ref idref="fl-c"/>
      </object_component>
      <object_component id="oc-102">
         <name>.debug_info</name>
         <load_address>0x4e77</load_address>
         <run_address>0x4e77</run_address>
         <size>0x280</size>
         <input_file_ref idref="fl-c"/>
      </object_component>
      <object_component id="oc-4b0">
         <name>.debug_info</name>
         <load_address>0x50f7</load_address>
         <run_address>0x50f7</run_address>
         <size>0x2ac</size>
         <input_file_ref idref="fl-c"/>
      </object_component>
      <object_component id="oc-fc">
         <name>.debug_info</name>
         <load_address>0x53a3</load_address>
         <run_address>0x53a3</run_address>
         <size>0x257</size>
         <input_file_ref idref="fl-c"/>
      </object_component>
      <object_component id="oc-198">
         <name>.debug_info</name>
         <load_address>0x55fa</load_address>
         <run_address>0x55fa</run_address>
         <size>0x110</size>
         <input_file_ref idref="fl-c"/>
      </object_component>
      <object_component id="oc-2b5">
         <name>.debug_info</name>
         <load_address>0x570a</load_address>
         <run_address>0x570a</run_address>
         <size>0x7ba</size>
         <input_file_ref idref="fl-d"/>
      </object_component>
      <object_component id="oc-2af">
         <name>.debug_info</name>
         <load_address>0x5ec4</load_address>
         <run_address>0x5ec4</run_address>
         <size>0x2fe</size>
         <input_file_ref idref="fl-d"/>
      </object_component>
      <object_component id="oc-1e6">
         <name>.debug_info</name>
         <load_address>0x61c2</load_address>
         <run_address>0x61c2</run_address>
         <size>0x359</size>
         <input_file_ref idref="fl-d"/>
      </object_component>
      <object_component id="oc-383">
         <name>.debug_info</name>
         <load_address>0x651b</load_address>
         <run_address>0x651b</run_address>
         <size>0x543</size>
         <input_file_ref idref="fl-d"/>
      </object_component>
      <object_component id="oc-389">
         <name>.debug_info</name>
         <load_address>0x6a5e</load_address>
         <run_address>0x6a5e</run_address>
         <size>0x3e2</size>
         <input_file_ref idref="fl-d"/>
      </object_component>
      <object_component id="oc-2dd">
         <name>.debug_info</name>
         <load_address>0x6e40</load_address>
         <run_address>0x6e40</run_address>
         <size>0x5d3</size>
         <input_file_ref idref="fl-d"/>
      </object_component>
      <object_component id="oc-479">
         <name>.debug_info</name>
         <load_address>0x7413</load_address>
         <run_address>0x7413</run_address>
         <size>0x304</size>
         <input_file_ref idref="fl-d"/>
      </object_component>
      <object_component id="oc-3e8">
         <name>.debug_info</name>
         <load_address>0x7717</load_address>
         <run_address>0x7717</run_address>
         <size>0x276</size>
         <input_file_ref idref="fl-d"/>
      </object_component>
      <object_component id="oc-412">
         <name>.debug_info</name>
         <load_address>0x798d</load_address>
         <run_address>0x798d</run_address>
         <size>0x2f8</size>
         <input_file_ref idref="fl-d"/>
      </object_component>
      <object_component id="oc-400">
         <name>.debug_info</name>
         <load_address>0x7c85</load_address>
         <run_address>0x7c85</run_address>
         <size>0x279</size>
         <input_file_ref idref="fl-d"/>
      </object_component>
      <object_component id="oc-47f">
         <name>.debug_info</name>
         <load_address>0x7efe</load_address>
         <run_address>0x7efe</run_address>
         <size>0x277</size>
         <input_file_ref idref="fl-d"/>
      </object_component>
      <object_component id="oc-421">
         <name>.debug_info</name>
         <load_address>0x8175</load_address>
         <run_address>0x8175</run_address>
         <size>0x27e</size>
         <input_file_ref idref="fl-d"/>
      </object_component>
      <object_component id="oc-4d5">
         <name>.debug_info</name>
         <load_address>0x83f3</load_address>
         <run_address>0x83f3</run_address>
         <size>0x365</size>
         <input_file_ref idref="fl-d"/>
      </object_component>
      <object_component id="oc-3c1">
         <name>.debug_info</name>
         <load_address>0x8758</load_address>
         <run_address>0x8758</run_address>
         <size>0x1cd</size>
         <input_file_ref idref="fl-d"/>
      </object_component>
      <object_component id="oc-e0">
         <name>.debug_info</name>
         <load_address>0x8925</load_address>
         <run_address>0x8925</run_address>
         <size>0x783</size>
         <input_file_ref idref="fl-e"/>
      </object_component>
      <object_component id="oc-8c">
         <name>.debug_info</name>
         <load_address>0x90a8</load_address>
         <run_address>0x90a8</run_address>
         <size>0x338</size>
         <input_file_ref idref="fl-e"/>
      </object_component>
      <object_component id="oc-f0">
         <name>.debug_info</name>
         <load_address>0x93e0</load_address>
         <run_address>0x93e0</run_address>
         <size>0x134</size>
         <input_file_ref idref="fl-e"/>
      </object_component>
      <object_component id="oc-3d7">
         <name>.debug_info</name>
         <load_address>0x9514</load_address>
         <run_address>0x9514</run_address>
         <size>0x134</size>
         <input_file_ref idref="fl-e"/>
      </object_component>
      <object_component id="oc-3da">
         <name>.debug_info</name>
         <load_address>0x9648</load_address>
         <run_address>0x9648</run_address>
         <size>0x134</size>
         <input_file_ref idref="fl-e"/>
      </object_component>
      <object_component id="oc-106">
         <name>.debug_info</name>
         <load_address>0x977c</load_address>
         <run_address>0x977c</run_address>
         <size>0x176</size>
         <input_file_ref idref="fl-e"/>
      </object_component>
      <object_component id="oc-3dd">
         <name>.debug_info</name>
         <load_address>0x98f2</load_address>
         <run_address>0x98f2</run_address>
         <size>0x134</size>
         <input_file_ref idref="fl-e"/>
      </object_component>
      <object_component id="oc-3e0">
         <name>.debug_info</name>
         <load_address>0x9a26</load_address>
         <run_address>0x9a26</run_address>
         <size>0x142</size>
         <input_file_ref idref="fl-e"/>
      </object_component>
      <object_component id="oc-3e3">
         <name>.debug_info</name>
         <load_address>0x9b68</load_address>
         <run_address>0x9b68</run_address>
         <size>0x136</size>
         <input_file_ref idref="fl-e"/>
      </object_component>
      <object_component id="oc-1ec">
         <name>.debug_info</name>
         <load_address>0x9c9e</load_address>
         <run_address>0x9c9e</run_address>
         <size>0x486</size>
         <input_file_ref idref="fl-e"/>
      </object_component>
      <object_component id="oc-133">
         <name>.debug_info</name>
         <load_address>0xa124</load_address>
         <run_address>0xa124</run_address>
         <size>0x26d</size>
         <input_file_ref idref="fl-e"/>
      </object_component>
      <object_component id="oc-396">
         <name>.debug_info</name>
         <load_address>0xa391</load_address>
         <run_address>0xa391</run_address>
         <size>0x1fe</size>
         <input_file_ref idref="fl-e"/>
      </object_component>
      <object_component id="oc-3a2">
         <name>.debug_info</name>
         <load_address>0xa58f</load_address>
         <run_address>0xa58f</run_address>
         <size>0x2c1</size>
         <input_file_ref idref="fl-e"/>
      </object_component>
      <object_component id="oc-294">
         <name>.debug_info</name>
         <load_address>0xa850</load_address>
         <run_address>0xa850</run_address>
         <size>0x21c</size>
         <input_file_ref idref="fl-e"/>
      </object_component>
      <object_component id="oc-99">
         <name>.debug_info</name>
         <load_address>0xaa6c</load_address>
         <run_address>0xaa6c</run_address>
         <size>0x335</size>
         <input_file_ref idref="fl-e"/>
      </object_component>
      <object_component id="oc-92">
         <name>.debug_info</name>
         <load_address>0xada1</load_address>
         <run_address>0xada1</run_address>
         <size>0x2e0</size>
         <input_file_ref idref="fl-e"/>
      </object_component>
      <object_component id="oc-40c">
         <name>.debug_info</name>
         <load_address>0xb081</load_address>
         <run_address>0xb081</run_address>
         <size>0x30b</size>
         <input_file_ref idref="fl-e"/>
      </object_component>
      <object_component id="oc-502">
         <name>.debug_info</name>
         <load_address>0xb38c</load_address>
         <run_address>0xb38c</run_address>
         <size>0x379</size>
         <input_file_ref idref="fl-e"/>
      </object_component>
      <object_component id="oc-3b3">
         <name>.debug_info</name>
         <load_address>0xb705</load_address>
         <run_address>0xb705</run_address>
         <size>0x2e1</size>
         <input_file_ref idref="fl-e"/>
      </object_component>
      <object_component id="oc-3f4">
         <name>.debug_info</name>
         <load_address>0xb9e6</load_address>
         <run_address>0xb9e6</run_address>
         <size>0x23f</size>
         <input_file_ref idref="fl-e"/>
      </object_component>
      <object_component id="oc-3fa">
         <name>.debug_info</name>
         <load_address>0xbc25</load_address>
         <run_address>0xbc25</run_address>
         <size>0x324</size>
         <input_file_ref idref="fl-e"/>
      </object_component>
      <object_component id="oc-4bb">
         <name>.debug_info</name>
         <load_address>0xbf49</load_address>
         <run_address>0xbf49</run_address>
         <size>0x200</size>
         <input_file_ref idref="fl-e"/>
      </object_component>
      <object_component id="oc-206">
         <name>.debug_info</name>
         <load_address>0xc149</load_address>
         <run_address>0xc149</run_address>
         <size>0x258</size>
         <input_file_ref idref="fl-e"/>
      </object_component>
      <object_component id="oc-2be">
         <name>.debug_info</name>
         <load_address>0xc3a1</load_address>
         <run_address>0xc3a1</run_address>
         <size>0x333</size>
         <input_file_ref idref="fl-e"/>
      </object_component>
      <object_component id="oc-2d0">
         <name>.debug_info</name>
         <load_address>0xc6d4</load_address>
         <run_address>0xc6d4</run_address>
         <size>0x2ad</size>
         <input_file_ref idref="fl-e"/>
      </object_component>
      <object_component id="oc-329">
         <name>.debug_info</name>
         <load_address>0xc981</load_address>
         <run_address>0xc981</run_address>
         <size>0x2ff</size>
         <input_file_ref idref="fl-e"/>
      </object_component>
      <object_component id="oc-4b4">
         <name>.debug_info</name>
         <load_address>0xcc80</load_address>
         <run_address>0xcc80</run_address>
         <size>0x27e</size>
         <input_file_ref idref="fl-e"/>
      </object_component>
      <object_component id="oc-2b8">
         <name>.debug_info</name>
         <load_address>0xcefe</load_address>
         <run_address>0xcefe</run_address>
         <size>0x320</size>
         <input_file_ref idref="fl-e"/>
      </object_component>
      <object_component id="oc-44b">
         <name>.debug_info</name>
         <load_address>0xd21e</load_address>
         <run_address>0xd21e</run_address>
         <size>0x23e</size>
         <input_file_ref idref="fl-e"/>
      </object_component>
      <object_component id="oc-f4">
         <name>.debug_info</name>
         <load_address>0xd45c</load_address>
         <run_address>0xd45c</run_address>
         <size>0x229</size>
         <input_file_ref idref="fl-e"/>
      </object_component>
      <object_component id="oc-37d">
         <name>.debug_info</name>
         <load_address>0xd685</load_address>
         <run_address>0xd685</run_address>
         <size>0x228</size>
         <input_file_ref idref="fl-e"/>
      </object_component>
      <object_component id="oc-406">
         <name>.debug_info</name>
         <load_address>0xd8ad</load_address>
         <run_address>0xd8ad</run_address>
         <size>0x28b</size>
         <input_file_ref idref="fl-e"/>
      </object_component>
      <object_component id="oc-4ee">
         <name>.debug_info</name>
         <load_address>0xdb38</load_address>
         <run_address>0xdb38</run_address>
         <size>0x2ad</size>
         <input_file_ref idref="fl-e"/>
      </object_component>
      <object_component id="oc-3ee">
         <name>.debug_info</name>
         <load_address>0xdde5</load_address>
         <run_address>0xdde5</run_address>
         <size>0x21e</size>
         <input_file_ref idref="fl-e"/>
      </object_component>
      <object_component id="oc-184">
         <name>.debug_info</name>
         <load_address>0xe003</load_address>
         <run_address>0xe003</run_address>
         <size>0x169</size>
         <input_file_ref idref="fl-e"/>
      </object_component>
      <object_component id="oc-36e">
         <name>.debug_info</name>
         <load_address>0xe16c</load_address>
         <run_address>0xe16c</run_address>
         <size>0x7ee</size>
         <input_file_ref idref="fl-f"/>
      </object_component>
      <object_component id="oc-427">
         <name>.debug_info</name>
         <load_address>0xe95a</load_address>
         <run_address>0xe95a</run_address>
         <size>0x102</size>
         <input_file_ref idref="fl-f"/>
      </object_component>
      <object_component id="oc-42a">
         <name>.debug_info</name>
         <load_address>0xea5c</load_address>
         <run_address>0xea5c</run_address>
         <size>0x102</size>
         <input_file_ref idref="fl-f"/>
      </object_component>
      <object_component id="oc-42d">
         <name>.debug_info</name>
         <load_address>0xeb5e</load_address>
         <run_address>0xeb5e</run_address>
         <size>0x13a</size>
         <input_file_ref idref="fl-f"/>
      </object_component>
      <object_component id="oc-312">
         <name>.debug_info</name>
         <load_address>0xec98</load_address>
         <run_address>0xec98</run_address>
         <size>0xf6</size>
         <input_file_ref idref="fl-f"/>
      </object_component>
      <object_component id="oc-1fa">
         <name>.debug_info</name>
         <load_address>0xed8e</load_address>
         <run_address>0xed8e</run_address>
         <size>0x1ca</size>
         <input_file_ref idref="fl-f"/>
      </object_component>
      <object_component id="oc-288">
         <name>.debug_info</name>
         <load_address>0xef58</load_address>
         <run_address>0xef58</run_address>
         <size>0x31a</size>
         <input_file_ref idref="fl-f"/>
      </object_component>
      <object_component id="oc-29a">
         <name>.debug_info</name>
         <load_address>0xf272</load_address>
         <run_address>0xf272</run_address>
         <size>0x35e</size>
         <input_file_ref idref="fl-f"/>
      </object_component>
      <object_component id="oc-4cf">
         <name>.debug_info</name>
         <load_address>0xf5d0</load_address>
         <run_address>0xf5d0</run_address>
         <size>0x27d</size>
         <input_file_ref idref="fl-f"/>
      </object_component>
      <object_component id="oc-318">
         <name>.debug_info</name>
         <load_address>0xf84d</load_address>
         <run_address>0xf84d</run_address>
         <size>0x247</size>
         <input_file_ref idref="fl-f"/>
      </object_component>
      <object_component id="oc-43b">
         <name>.debug_info</name>
         <load_address>0xfa94</load_address>
         <run_address>0xfa94</run_address>
         <size>0x313</size>
         <input_file_ref idref="fl-f"/>
      </object_component>
      <object_component id="oc-435">
         <name>.debug_info</name>
         <load_address>0xfda7</load_address>
         <run_address>0xfda7</run_address>
         <size>0x1e8</size>
         <input_file_ref idref="fl-f"/>
      </object_component>
      <object_component id="oc-314">
         <name>.debug_info</name>
         <load_address>0xff8f</load_address>
         <run_address>0xff8f</run_address>
         <size>0x24d</size>
         <input_file_ref idref="fl-f"/>
      </object_component>
      <object_component id="oc-4dc">
         <name>.debug_info</name>
         <load_address>0x101dc</load_address>
         <run_address>0x101dc</run_address>
         <size>0x2c3</size>
         <input_file_ref idref="fl-f"/>
      </object_component>
      <object_component id="oc-441">
         <name>.debug_info</name>
         <load_address>0x1049f</load_address>
         <run_address>0x1049f</run_address>
         <size>0x2d2</size>
         <input_file_ref idref="fl-f"/>
      </object_component>
      <object_component id="oc-4fb">
         <name>.debug_info</name>
         <load_address>0x10771</load_address>
         <run_address>0x10771</run_address>
         <size>0x244</size>
         <input_file_ref idref="fl-f"/>
      </object_component>
      <object_component id="oc-30c">
         <name>.debug_info</name>
         <load_address>0x109b5</load_address>
         <run_address>0x109b5</run_address>
         <size>0x212</size>
         <input_file_ref idref="fl-f"/>
      </object_component>
      <object_component id="oc-38f">
         <name>.debug_info</name>
         <load_address>0x10bc7</load_address>
         <run_address>0x10bc7</run_address>
         <size>0x1ce</size>
         <input_file_ref idref="fl-f"/>
      </object_component>
      <object_component id="oc-e8">
         <name>.debug_info</name>
         <load_address>0x10d95</load_address>
         <run_address>0x10d95</run_address>
         <size>0x3a9</size>
         <input_file_ref idref="fl-10"/>
      </object_component>
      <object_component id="oc-8f">
         <name>.debug_info</name>
         <load_address>0x1113e</load_address>
         <run_address>0x1113e</run_address>
[...]
            <allocated_space>
               <start_address>0x20000000</start_address>
               <size>0x7778</size>
               <logical_group_ref idref="lg-b"/>
            </allocated_space>
            <allocated_space>
               <start_address>0x20007778</start_address>
               <size>0x200</size>
               <logical_group_ref idref="lg-d"/>
            </allocated_space>
            <allocated_space>
               <start_address>0x20007978</start_address>
               <size>0x4c</size>
               <logical_group_ref idref="lg-a"/>
            </allocated_space>
            <available_space>
               <start_address>0x200079c4</start_address>
               <size>0x3863c</size>
            </available_space>
         </usage_details>
      </memory_area>
   </placement_map>
   <cptbl_list>
      <cptbl>
         <name>__TI_cinit_table</name>
         <cprec>
            <name>.data</name>
            <load_address>0x3050</load_address>
            <load_size>0x10</load_size>
            <run_address>0x20007978</run_address>
            <run_size>0x4c</run_size>
            <compression>lzss</compression>
         </cprec>
         <cprec>
            <name>.bss</name>
            <load_address>0x3070</load_address>
            <load_size>0x8</load_size>
            <run_address>0x20000000</run_address>
            <run_size>0x7778</run_size>
            <compression>zero_init</compression>
         </cprec>
      </cptbl>
   </cptbl_list>
   <handler_table>
      <handler_table_name>__TI_handler_table</handler_table_name>
      <handler>
         <index>0x0</index>
         <name>__TI_decompress_lzss</name>
      </handler>
      <handler>
         <index>0x1</index>
         <name>__TI_decompress_none</name>
      </handler>
      <handler>
         <index>0x2</index>
         <name>__TI_zero_init</name>
      </handler>
   </handler_table>
   <symbol_table>
      <symbol id="sm-1">
         <name>__STACK_TOP</name>
         <value>0x20007978</value>
      </symbol>
      <symbol id="sm-2">
         <name>__TI_CINIT_Base</name>
         <value>0x3078</value>
      </symbol>
      <symbol id="sm-3">
         <name>__TI_CINIT_Limit</name>
         <value>0x3088</value>
      </symbol>
      <symbol id="sm-4">
         <name>__TI_Handler_Table_Base</name>
         <value>0x3060</value>
      </symbol>
      <symbol id="sm-5">
         <name>__TI_Handler_Table_Limit</name>
         <value>0x306c</value>
      </symbol>
      <symbol id="sm-6">
         <name>binit</name>
         <value>0xffffffff</value>
      </symbol>
      <symbol id="sm-7">
         <name>__binit__</name>
         <value>0xffffffff</value>
      </symbol>
      <symbol id="sm-8">
         <name>__STACK_SIZE</name>
         <value>0x200</value>
      </symbol>
      <symbol id="sm-9">
         <name>__STACK_END</name>
         <value>0x20007978</value>
      </symbol>
      <symbol id="sm-a">
         <name>__c_args__</name>
         <value>0xffffffff</value>
      </symbol>
      <symbol id="sm-b">
         <name>__TI_pprof_out_hndl</name>
         <value>0xffffffff</value>
      </symbol>
      <symbol id="sm-c">
         <name>__TI_prof_data_start</name>
         <value>0xffffffff</value>
      </symbol>
      <symbol id="sm-d">
         <name>__TI_prof_data_size</name>
         <value>0xffffffff</value>
      </symbol>
      <symbol id="sm-55">
         <name>g_ui32SysClock</name>
         <value>0x2000776c</value>
      </symbol>
      <symbol id="sm-a0">
         <name>vApplicationStackOverflowHook</name>
         <value>0x2d9d</value>
         <object_component_ref idref="oc-e9"/>
      </symbol>
      <symbol id="sm-a1">
         <name>main</name>
         <value>0x2ae5</value>
         <object_component_ref idref="oc-cc"/>
      </symbol>
      <symbol id="sm-a2">
         <name>ConfigureUART</name>
         <value>0x2021</value>
         <object_component_ref idref="oc-126"/>
      </symbol>
      <symbol id="sm-111">
         <name>xSemaphoreProx</name>
         <value>0x20007774</value>
      </symbol>
      <symbol id="sm-112">
         <name>xProxTimer</name>
         <value>0x20007770</value>
      </symbol>
      <symbol id="sm-113">
         <name>vProxTimerCallback</name>
         <value>0x2cdd</value>
         <object_component_ref idref="oc-2a0"/>
      </symbol>
      <symbol id="sm-114">
         <name>proxTaskInit</name>
         <value>0x2415</value>
         <object_component_ref idref="oc-12c"/>
      </symbol>
      <symbol id="sm-115">
         <name>proxTask</name>
         <value>0x1239</value>
         <object_component_ref idref="oc-1f2"/>
      </symbol>
      <symbol id="sm-146">
         <name>ResetISR</name>
         <value>0x2db3</value>
         <object_component_ref idref="oc-24"/>
      </symbol>
      <symbol id="sm-147">
         <name>g_pfnVectors</name>
         <value>0x0</value>
         <object_component_ref idref="oc-f"/>
      </symbol>
      <symbol id="sm-17e">
         <name>uxListRemove</name>
         <value>0x26b5</value>
         <object_component_ref idref="oc-f9"/>
      </symbol>
      <symbol id="sm-17f">
         <name>vListInsert</name>
         <value>0x2291</value>
         <object_component_ref idref="oc-4ad"/>
      </symbol>
      <symbol id="sm-180">
         <name>vListInitialiseItem</name>
         <value>0x2d3f</value>
         <object_component_ref idref="oc-367"/>
      </symbol>
      <symbol id="sm-181">
         <name>vListInsertEnd</name>
         <value>0x2905</value>
         <object_component_ref idref="oc-ff"/>
      </symbol>
      <symbol id="sm-182">
         <name>vListInitialise</name>
         <value>0x2a85</value>
         <object_component_ref idref="oc-3b8"/>
      </symbol>
      <symbol id="sm-23f">
         <name>xQueueRegistry</name>
         <value>0x20007670</value>
      </symbol>
      <symbol id="sm-240">
         <name>xQueueGenericSendFromISR</name>
         <value>0x1a61</value>
         <object_component_ref idref="oc-388"/>
      </symbol>
      <symbol id="sm-241">
         <name>vQueueAddToRegistry</name>
         <value>0x2621</value>
         <object_component_ref idref="oc-420"/>
      </symbol>
      <symbol id="sm-242">
         <name>xQueueGenericCreate</name>
         <value>0x1f41</value>
         <object_component_ref idref="oc-1e5"/>
      </symbol>
      <symbol id="sm-243">
         <name>xQueueGenericSend</name>
         <value>0xc19</value>
         <object_component_ref idref="oc-382"/>
      </symbol>
      <symbol id="sm-244">
         <name>xQueueGenericReset</name>
         <value>0x176d</value>
         <object_component_ref idref="oc-2ae"/>
      </symbol>
      <symbol id="sm-245">
         <name>xQueueGenericReceive</name>
         <value>0x70d</value>
         <object_component_ref idref="oc-2dc"/>
      </symbol>
      <symbol id="sm-246">
         <name>vQueueWaitForMessageRestricted</name>
         <value>0x2529</value>
         <object_component_ref idref="oc-4d4"/>
      </symbol>
      <symbol id="sm-420">
         <name>vTaskSuspendAll</name>
         <value>0x2d51</value>
         <object_component_ref idref="oc-395"/>
      </symbol>
      <symbol id="sm-421">
         <name>vTaskPriorityInherit</name>
         <value>0x13e5</value>
         <object_component_ref idref="oc-405"/>
      </symbol>
      <symbol id="sm-422">
         <name>vTaskPlaceOnEventList</name>
         <value>0x2229</value>
         <object_component_ref idref="oc-40b"/>
      </symbol>
      <symbol id="sm-423">
         <name>xTaskCheckForTimeOut</name>
         <value>0x1b71</value>
         <object_component_ref idref="oc-3f9"/>
      </symbol>
      <symbol id="sm-424">
         <name>xTaskPriorityDisinherit</name>
         <value>0x1621</value>
         <object_component_ref idref="oc-4ed"/>
      </symbol>
      <symbol id="sm-425">
         <name>vTaskStartScheduler</name>
         <value>0x1c79</value>
         <object_component_ref idref="oc-132"/>
      </symbol>
      <symbol id="sm-426">
         <name>pvTaskIncrementMutexHeldCount</name>
         <value>0x2c59</value>
         <object_component_ref idref="oc-3ed"/>
      </symbol>
      <symbol id="sm-427">
         <name>vTaskMissedYield</name>
         <value>0x2d7d</value>
         <object_component_ref idref="oc-4ba"/>
      </symbol>
      <symbol id="sm-428">
         <name>xTaskResumeAll</name>
         <value>0x1055</value>
         <object_component_ref idref="oc-3a1"/>
      </symbol>
      <symbol id="sm-429">
         <name>xTaskGetTickCount</name>
         <value>0x2d09</value>
         <object_component_ref idref="oc-293"/>
      </symbol>
      <symbol id="sm-42a">
         <name>xTaskGenericCreate</name>
         <value>0x879</value>
         <object_component_ref idref="oc-1eb"/>
      </symbol>
      <symbol id="sm-42b">
         <name>pxCurrentTCB</name>
         <value>0x20007978</value>
         <object_component_ref idref="oc-8b"/>
      </symbol>
      <symbol id="sm-42c">
         <name>vTaskPlaceOnEventListRestricted</name>
         <value>0x1ed1</value>
         <object_component_ref idref="oc-501"/>
      </symbol>
      <symbol id="sm-42d">
         <name>vTaskSetTimeOutState</name>
         <value>0x2bd5</value>
         <object_component_ref idref="oc-3f3"/>
      </symbol>
      <symbol id="sm-42e">
         <name>xTaskIncrementTick</name>
         <value>0x9b1</value>
         <object_component_ref idref="oc-98"/>
      </symbol>
      <symbol id="sm-42f">
         <name>vTaskSwitchContext</name>
         <value>0x1569</value>
         <object_component_ref idref="oc-91"/>
      </symbol>
      <symbol id="sm-430">
         <name>xTaskGetSchedulerState</name>
         <value>0x2ab5</value>
         <object_component_ref idref="oc-37c"/>
      </symbol>
      <symbol id="sm-431">
         <name>xTaskRemoveFromEventList</name>
         <value>0x1945</value>
         <object_component_ref idref="oc-3b2"/>
      </symbol>
      <symbol id="sm-507">
         <name>xTimerCreateTimerTask</name>
         <value>0x26fd</value>
         <object_component_ref idref="oc-1f9"/>
      </symbol>
      <symbol id="sm-508">
         <name>xTimerCreate</name>
         <value>0x257d</value>
         <object_component_ref idref="oc-287"/>
      </symbol>
      <symbol id="sm-509">
         <name>xTimerGenericCommand</name>
         <value>0x1fb1</value>
         <object_component_ref idref="oc-299"/>
      </symbol>
      <symbol id="sm-567">
         <name>ulMaxSyscallInterruptPriority</name>
         <value>0x3048</value>
         <object_component_ref idref="oc-8e"/>
      </symbol>
      <symbol id="sm-568">
         <name>vPortSetupTimerInterrupt</name>
         <value>0x2cc5</value>
         <object_component_ref idref="oc-31e"/>
      </symbol>
      <symbol id="sm-569">
         <name>xPortSysTickHandler</name>
         <value>0x2b11</value>
         <object_component_ref idref="oc-41"/>
      </symbol>
      <symbol id="sm-56a">
         <name>pxPortInitialiseStack</name>
         <value>0x24cd</value>
         <object_component_ref idref="oc-2c3"/>
      </symbol>
      <symbol id="sm-56b">
         <name>vPortExitCritical</name>
         <value>0x2c75</value>
         <object_component_ref idref="oc-2d5"/>
      </symbol>
      <symbol id="sm-56c">
         <name>xPortStartScheduler</name>
         <value>0x27cd</value>
         <object_component_ref idref="oc-1ff"/>
      </symbol>
      <symbol id="sm-56d">
         <name>vPortEnterCritical</name>
         <value>0x2bb1</value>
         <object_component_ref idref="oc-2c9"/>
      </symbol>
      <symbol id="sm-57c">
         <name>vPortStartFirstTask</name>
         <value>0x13b9</value>
         <object_component_ref idref="oc-3c"/>
      </symbol>
      <symbol id="sm-57d">
         <name>ulPortGetIPSR</name>
         <value>0x1321</value>
         <object_component_ref idref="oc-3c"/>
      </symbol>
      <symbol id="sm-57e">
         <name>vPortEnableVFP</name>
         <value>0x13d5</value>
         <object_component_ref idref="oc-3c"/>
      </symbol>
      <symbol id="sm-57f">
         <name>xPortPendSVHandler</name>
         <value>0x1339</value>
         <object_component_ref idref="oc-3c"/>
      </symbol>
      <symbol id="sm-580">
         <name>vPortSVCHandler</name>
         <value>0x1399</value>
         <object_component_ref idref="oc-3c"/>
      </symbol>
      <symbol id="sm-5d9">
         <name>pvPortMalloc</name>
         <value>0xe51</value>
         <object_component_ref idref="oc-2a8"/>
      </symbol>
      <symbol id="sm-5da">
         <name>vPortFree</name>
         <value>0x21c1</value>
         <object_component_ref idref="oc-3c6"/>
      </symbol>
      <symbol id="sm-65c">
         <name>UARTStdioConfig</name>
         <value>0x1de9</value>
         <object_component_ref idref="oc-1cc"/>
      </symbol>
      <symbol id="sm-65d">
         <name>UARTwrite</name>
         <value>0x23b9</value>
         <object_component_ref idref="oc-468"/>
      </symbol>
      <symbol id="sm-65e">
         <name>UARTprintf</name>
         <value>0x2b8d</value>
         <object_component_ref idref="oc-28d"/>
      </symbol>
      <symbol id="sm-65f">
         <name>UARTvprintf</name>
         <value>0x201</value>
         <object_component_ref idref="oc-36f"/>
      </symbol>
      <symbol id="sm-672">
         <name>__aeabi_dmul</name>
         <value>0xf59</value>
         <object_component_ref idref="oc-300"/>
      </symbol>
      <symbol id="sm-67d">
         <name>__aeabi_d2uiz</name>
         <value>0x2789</value>
         <object_component_ref idref="oc-305"/>
      </symbol>
      <symbol id="sm-69a">
         <name>memcpy</name>
         <value>0x180d</value>
         <object_component_ref idref="oc-55"/>
      </symbol>
      <symbol id="sm-69b">
         <name>__aeabi_memcpy</name>
         <value>0x180d</value>
         <object_component_ref idref="oc-55"/>
      </symbol>
      <symbol id="sm-69c">
         <name>__aeabi_memcpy8</name>
         <value>0x180d</value>
         <object_component_ref idref="oc-55"/>
      </symbol>
      <symbol id="sm-69d">
         <name>__aeabi_memcpy4</name>
         <value>0x180d</value>
         <object_component_ref idref="oc-55"/>
      </symbol>
      <symbol id="sm-6a7">
         <name>__aeabi_ui2d</name>
         <value>0x2c39</value>
         <object_component_ref idref="oc-2fb"/>
      </symbol>
      <symbol id="sm-6b6">
         <name>__aeabi_uidivmod</name>
         <value>0x2811</value>
         <object_component_ref idref="oc-46e"/>
      </symbol>
      <symbol id="sm-6b7">
         <name>__aeabi_uidiv</name>
         <value>0x2811</value>
         <object_component_ref idref="oc-46e"/>
      </symbol>
      <symbol id="sm-6c6">
         <name>__aeabi_memset</name>
         <value>0x1cf7</value>
         <object_component_ref idref="oc-c0"/>
      </symbol>
      <symbol id="sm-6c7">
         <name>memset</name>
         <value>0x1cfd</value>
         <object_component_ref idref="oc-c0"/>
      </symbol>
      <symbol id="sm-6c8">
         <name>__aeabi_memset8</name>
         <value>0x1cf7</value>
         <object_component_ref idref="oc-c0"/>
      </symbol>
      <symbol id="sm-6c9">
         <name>__aeabi_memset4</name>
         <value>0x1cf7</value>
         <object_component_ref idref="oc-c0"/>
      </symbol>
      <symbol id="sm-6ca">
         <name>__aeabi_memclr8</name>
         <value>0x1cf5</value>
         <object_component_ref idref="oc-c0"/>
      </symbol>
      <symbol id="sm-6cb">
         <name>__aeabi_memclr4</name>
         <value>0x1cf5</value>
         <object_component_ref idref="oc-c0"/>
      </symbol>
      <symbol id="sm-6cc">
         <name>__aeabi_memclr</name>
         <value>0x1cf5</value>
         <object_component_ref idref="oc-c0"/>
      </symbol>
      <symbol id="sm-6de">
         <name>__TI_zero_init</name>
         <value>0x2d6f</value>
         <object_component_ref idref="oc-67"/>
      </symbol>
      <symbol id="sm-6f5">
         <name>__TI_decompress_none</name>
         <value>0x2d61</value>
         <object_component_ref idref="oc-18"/>
      </symbol>
      <symbol id="sm-718">
         <name>__TI_decompress_lzss</name>
         <value>0x2089</value>
         <object_component_ref idref="oc-12"/>
      </symbol>
      <symbol id="sm-72c">
         <name>__stack</name>
         <value>0x20007778</value>
         <object_component_ref idref="oc-21"/>
      </symbol>
      <symbol id="sm-72d">
         <name>_c_int00_noargs</name>
         <value>0x2a1d</value>
         <object_component_ref idref="oc-73"/>
      </symbol>
      <symbol id="sm-737">
         <name>__aeabi_idiv0</name>
         <value>0x1c77</value>
         <object_component_ref idref="oc-4e4"/>
      </symbol>
      <symbol id="sm-738">
         <name>__aeabi_ldiv0</name>
         <value>0x1c77</value>
         <object_component_ref idref="oc-4e4"/>
      </symbol>
      <symbol id="sm-760">
         <name>__TI_auto_init_nobinit_nopinit</name>
         <value>0x2745</value>
         <object_component_ref idref="oc-150"/>
      </symbol>
      <symbol id="sm-76a">
         <name>_system_pre_init</name>
         <value>0x2dbf</value>
         <object_component_ref idref="oc-c6"/>
      </symbol>
      <symbol id="sm-776">
         <name>C$$EXIT</name>
         <value>0x2dc3</value>
         <object_component_ref idref="oc-144"/>
      </symbol>
      <symbol id="sm-777">
         <name>abort</name>
         <value>0x2dc3</value>
         <object_component_ref idref="oc-144"/>
      </symbol>
      <symbol id="sm-7b5">
         <name>GPIOPinTypeGPIOInput</name>
         <value>0x2d1d</value>
         <object_component_ref idref="oc-27a"/>
      </symbol>
      <symbol id="sm-7b6">
         <name>GPIOPinTypeGPIOOutput</name>
         <value>0x2cab</value>
         <object_component_ref idref="oc-274"/>
      </symbol>
      <symbol id="sm-7b7">
         <name>GPIOPinRead</name>
         <value>0x2da7</value>
         <object_component_ref idref="oc-2ef"/>
      </symbol>
      <symbol id="sm-7b8">
         <name>GPIODirModeSet</name>
         <value>0x2b3d</value>
         <object_component_ref idref="oc-35d"/>
      </symbol>
      <symbol id="sm-7b9">
         <name>GPIOPinWrite</name>
         <value>0x2dad</value>
         <object_component_ref idref="oc-2e2"/>
      </symbol>
      <symbol id="sm-7ba">
         <name>GPIOPadConfigSet</name>
         <value>0xae5</value>
         <object_component_ref idref="oc-280"/>
      </symbol>
      <symbol id="sm-857">
         <name>SysCtlDelay</name>
         <value>0x2db9</value>
         <object_component_ref idref="oc-2ee"/>
      </symbol>
      <symbol id="sm-858">
         <name>SysCtlPeripheralEnable</name>
         <value>0x29e9</value>
         <object_component_ref idref="oc-268"/>
      </symbol>
      <symbol id="sm-859">
         <name>SysCtlClockGet</name>
         <value>0xd41</value>
         <object_component_ref idref="oc-2e8"/>
      </symbol>
      <symbol id="sm-85a">
         <name>SysCtlPeripheralReady</name>
         <value>0x2941</value>
         <object_component_ref idref="oc-26e"/>
      </symbol>
      <symbol id="sm-85b">
         <name>SysCtlClockFreqSet</name>
         <value>0x50d</value>
         <object_component_ref idref="oc-120"/>
      </symbol>
      <symbol id="sm-868">
         <name>TimerValueGet</name>
         <value>0x2d89</value>
         <object_component_ref idref="oc-2f5"/>
      </symbol>
      <symbol id="sm-86a">
         <name>__TI_static_base__</name>
         <value>0x0</value>
      </symbol>
      <symbol id="sm-86d">
         <name>__mpu_init</name>
         <value>0x0</value>
      </symbol>
      <symbol id="sm-86e">
         <name>_system_post_cinit</name>
         <value>0x0</value>
      </symbol>
   </symbol_table>
   <title>Link successful</title>
</link_info>
