<?xml version="1.0" encoding="ISO-8859-1" ?>
<link_info>
   <banner>TI ARM Linker PC v18.12.1.LTS</banner>
   <copyright>Copyright (c) 1996-2018 Texas Instruments Incorporated</copyright>
   <link_time>0x5cc10617</link_time>
   <link_errors>0x0</link_errors>
   <output_file>Smart-Lighting-Solution.out</output_file>
   <entry_point>
      <name>_c_int00_noargs</name>
      <address>0x3d19</address>
   </entry_point>
   <input_file_list>
      <input_file id="fl-2">
         <path>.\</path>
         <kind>object</kind>
         <file>apds9301.obj</file>
         <name>apds9301.obj</name>
      </input_file>
      <input_file id="fl-3">
         <path>.\</path>
         <kind>object</kind>
         <file>freertos_demo.obj</file>
         <name>freertos_demo.obj</name>
      </input_file>
      <input_file id="fl-4">
         <path>.\</path>
         <kind>object</kind>
         <file>light_task.obj</file>
         <name>light_task.obj</name>
      </input_file>
      <input_file id="fl-5">
         <path>.\</path>
         <kind>object</kind>
         <file>log_task.obj</file>
         <name>log_task.obj</name>
      </input_file>
      <input_file id="fl-6">
         <path>.\</path>
         <kind>object</kind>
         <file>lum_task.obj</file>
         <name>lum_task.obj</name>
      </input_file>
      <input_file id="fl-7">
         <path>.\</path>
         <kind>object</kind>
         <file>motor_task.obj</file>
         <name>motor_task.obj</name>
      </input_file>
      <input_file id="fl-8">
         <path>.\</path>
         <kind>object</kind>
         <file>my_i2c.obj</file>
         <name>my_i2c.obj</name>
      </input_file>
      <input_file id="fl-9">
         <path>.\</path>
         <kind>object</kind>
         <file>prox_task.obj</file>
         <name>prox_task.obj</name>
      </input_file>
      <input_file id="fl-a">
         <path>.\</path>
         <kind>object</kind>
         <file>startup_ccs.obj</file>
         <name>startup_ccs.obj</name>
      </input_file>
      <input_file id="fl-b">
         <path>.\third_party\FreeRTOS\Source\</path>
         <kind>object</kind>
         <file>list.obj</file>
         <name>list.obj</name>
      </input_file>
      <input_file id="fl-c">
         <path>.\third_party\FreeRTOS\Source\</path>
         <kind>object</kind>
         <file>queue.obj</file>
         <name>queue.obj</name>
      </input_file>
      <input_file id="fl-d">
         <path>.\third_party\FreeRTOS\Source\</path>
         <kind>object</kind>
         <file>tasks.obj</file>
         <name>tasks.obj</name>
      </input_file>
      <input_file id="fl-e">
         <path>.\third_party\FreeRTOS\Source\portable\CCS\ARM_CM4F\</path>
         <kind>object</kind>
         <file>port.obj</file>
         <name>port.obj</name>
      </input_file>
      <input_file id="fl-f">
         <path>.\third_party\FreeRTOS\Source\portable\CCS\ARM_CM4F\</path>
         <kind>object</kind>
         <file>portasm.obj</file>
         <name>portasm.obj</name>
      </input_file>
      <input_file id="fl-10">
         <path>.\third_party\FreeRTOS\Source\portable\MemMang\</path>
         <kind>object</kind>
         <file>heap_2.obj</file>
         <name>heap_2.obj</name>
      </input_file>
      <input_file id="fl-11">
         <path>.\utils\</path>
         <kind>object</kind>
         <file>uartstdio.obj</file>
         <name>uartstdio.obj</name>
      </input_file>
      <input_file id="fl-12">
         <path>.\utils\</path>
         <kind>object</kind>
         <file>ustdlib.obj</file>
         <name>ustdlib.obj</name>
      </input_file>
      <input_file id="fl-17">
         <kind>object</kind>
         <file>&lt;internal&gt;</file>
         <name>&lt;internal&gt;</name>
      </input_file>
      <input_file id="fl-cd">
         <path>D:\Installed_Softwares\ti\ccs900\ccs\tools\compiler\ti-cgt-arm_18.12.1.LTS\lib\</path>
         <kind>archive</kind>
         <file>rtsv7M4_T_le_v4SPD16_eabi.lib</file>
         <name>e_pow.c.obj</name>
      </input_file>
      <input_file id="fl-ce">
         <path>D:\Installed_Softwares\ti\ccs900\ccs\tools\compiler\ti-cgt-arm_18.12.1.LTS\lib\</path>
         <kind>archive</kind>
         <file>rtsv7M4_T_le_v4SPD16_eabi.lib</file>
         <name>e_sqrt.c.obj</name>
      </input_file>
      <input_file id="fl-cf">
         <path>D:\Installed_Softwares\ti\ccs900\ccs\tools\compiler\ti-cgt-arm_18.12.1.LTS\lib\</path>
         <kind>archive</kind>
         <file>rtsv7M4_T_le_v4SPD16_eabi.lib</file>
         <name>s_scalbn.c.obj</name>
      </input_file>
      <input_file id="fl-d0">
         <path>D:\Installed_Softwares\ti\ccs900\ccs\tools\compiler\ti-cgt-arm_18.12.1.LTS\lib\</path>
         <kind>archive</kind>
         <file>rtsv7M4_T_le_v4SPD16_eabi.lib</file>
         <name>s_copysign.c.obj</name>
      </input_file>
      <input_file id="fl-d1">
         <path>D:\Installed_Softwares\ti\ccs900\ccs\tools\compiler\ti-cgt-arm_18.12.1.LTS\lib\</path>
         <kind>archive</kind>
         <file>rtsv7M4_T_le_v4SPD16_eabi.lib</file>
         <name>fd_add_t2.asm.obj</name>
      </input_file>
      <input_file id="fl-d2">
         <path>D:\Installed_Softwares\ti\ccs900\ccs\tools\compiler\ti-cgt-arm_18.12.1.LTS\lib\</path>
         <kind>archive</kind>
         <file>rtsv7M4_T_le_v4SPD16_eabi.lib</file>
         <name>fd_cmp_t2.asm.obj</name>
      </input_file>
      <input_file id="fl-d3">
         <path>D:\Installed_Softwares\ti\ccs900\ccs\tools\compiler\ti-cgt-arm_18.12.1.LTS\lib\</path>
         <kind>archive</kind>
         <file>rtsv7M4_T_le_v4SPD16_eabi.lib</file>
         <name>fd_div_t2.asm.obj</name>
      </input_file>
      <input_file id="fl-d4">
         <path>D:\Installed_Softwares\ti\ccs900\ccs\tools\compiler\ti-cgt-arm_18.12.1.LTS\lib\</path>
         <kind>archive</kind>
         <file>rtsv7M4_T_le_v4SPD16_eabi.lib</file>
         <name>fd_mul_t2.asm.obj</name>
      </input_file>
      <input_file id="fl-d5">
         <path>D:\Installed_Softwares\ti\ccs900\ccs\tools\compiler\ti-cgt-arm_18.12.1.LTS\lib\</path>
         <kind>archive</kind>
         <file>rtsv7M4_T_le_v4SPD16_eabi.lib</file>
         <name>fd_tos_t2.asm.obj</name>
      </input_file>
      <input_file id="fl-d6">
         <path>D:\Installed_Softwares\ti\ccs900\ccs\tools\compiler\ti-cgt-arm_18.12.1.LTS\lib\</path>
         <kind>archive</kind>
         <file>rtsv7M4_T_le_v4SPD16_eabi.lib</file>
         <name>fd_tou_t2.asm.obj</name>
      </input_file>
      <input_file id="fl-d7">
         <path>D:\Installed_Softwares\ti\ccs900\ccs\tools\compiler\ti-cgt-arm_18.12.1.LTS\lib\</path>
         <kind>archive</kind>
         <file>rtsv7M4_T_le_v4SPD16_eabi.lib</file>
         <name>fs_tod_t2.asm.obj</name>
      </input_file>
      <input_file id="fl-d8">
         <path>D:\Installed_Softwares\ti\ccs900\ccs\tools\compiler\ti-cgt-arm_18.12.1.LTS\lib\</path>
         <kind>archive</kind>
         <file>rtsv7M4_T_le_v4SPD16_eabi.lib</file>
         <name>i_tofd_t2.asm.obj</name>
      </input_file>
      <input_file id="fl-d9">
         <path>D:\Installed_Softwares\ti\ccs900\ccs\tools\compiler\ti-cgt-arm_18.12.1.LTS\lib\</path>
         <kind>archive</kind>
         <file>rtsv7M4_T_le_v4SPD16_eabi.lib</file>
         <name>memcpy_t2.asm.obj</name>
      </input_file>
      <input_file id="fl-da">
         <path>D:\Installed_Softwares\ti\ccs900\ccs\tools\compiler\ti-cgt-arm_18.12.1.LTS\lib\</path>
         <kind>archive</kind>
         <file>rtsv7M4_T_le_v4SPD16_eabi.lib</file>
         <name>u_tofd_t2.asm.obj</name>
      </input_file>
      <input_file id="fl-db">
         <path>D:\Installed_Softwares\ti\ccs900\ccs\tools\compiler\ti-cgt-arm_18.12.1.LTS\lib\</path>
         <kind>archive</kind>
         <file>rtsv7M4_T_le_v4SPD16_eabi.lib</file>
         <name>u_divt2.asm.obj</name>
      </input_file>
      <input_file id="fl-dc">
         <path>D:\Installed_Softwares\ti\ccs900\ccs\tools\compiler\ti-cgt-arm_18.12.1.LTS\lib\</path>
         <kind>archive</kind>
         <file>rtsv7M4_T_le_v4SPD16_eabi.lib</file>
         <name>memset_t2.asm.obj</name>
      </input_file>
      <input_file id="fl-dd">
         <path>D:\Installed_Softwares\ti\ccs900\ccs\tools\compiler\ti-cgt-arm_18.12.1.LTS\lib\</path>
         <kind>archive</kind>
         <file>rtsv7M4_T_le_v4SPD16_eabi.lib</file>
         <name>copy_zero_init.c.obj</name>
      </input_file>
      <input_file id="fl-de">
         <path>D:\Installed_Softwares\ti\ccs900\ccs\tools\compiler\ti-cgt-arm_18.12.1.LTS\lib\</path>
         <kind>archive</kind>
         <file>rtsv7M4_T_le_v4SPD16_eabi.lib</file>
         <name>copy_decompress_none.c.obj</name>
      </input_file>
      <input_file id="fl-df">
         <path>D:\Installed_Softwares\ti\ccs900\ccs\tools\compiler\ti-cgt-arm_18.12.1.LTS\lib\</path>
         <kind>archive</kind>
         <file>rtsv7M4_T_le_v4SPD16_eabi.lib</file>
         <name>copy_decompress_lzss.c.obj</name>
      </input_file>
      <input_file id="fl-e0">
         <path>D:\Installed_Softwares\ti\ccs900\ccs\tools\compiler\ti-cgt-arm_18.12.1.LTS\lib\</path>
         <kind>archive</kind>
         <file>rtsv7M4_T_le_v4SPD16_eabi.lib</file>
         <name>errno.c.obj</name>
      </input_file>
      <input_file id="fl-e1">
         <path>D:\Installed_Softwares\ti\ccs900\ccs\tools\compiler\ti-cgt-arm_18.12.1.LTS\lib\</path>
         <kind>archive</kind>
         <file>rtsv7M4_T_le_v4SPD16_eabi.lib</file>
         <name>boot_cortex_m.c.obj</name>
      </input_file>
      <input_file id="fl-e2">
         <path>D:\Installed_Softwares\ti\ccs900\ccs\tools\compiler\ti-cgt-arm_18.12.1.LTS\lib\</path>
         <kind>archive</kind>
         <file>rtsv7M4_T_le_v4SPD16_eabi.lib</file>
         <name>div0.asm.obj</name>
      </input_file>
      <input_file id="fl-e3">
         <path>D:\Installed_Softwares\ti\ccs900\ccs\tools\compiler\ti-cgt-arm_18.12.1.LTS\lib\</path>
         <kind>archive</kind>
         <file>rtsv7M4_T_le_v4SPD16_eabi.lib</file>
         <name>autoinit.c.obj</name>
      </input_file>
      <input_file id="fl-e4">
         <path>D:\Installed_Softwares\ti\ccs900\ccs\tools\compiler\ti-cgt-arm_18.12.1.LTS\lib\</path>
         <kind>archive</kind>
         <file>rtsv7M4_T_le_v4SPD16_eabi.lib</file>
         <name>pre_init.c.obj</name>
      </input_file>
      <input_file id="fl-e5">
         <path>D:\Installed_Softwares\ti\ccs900\ccs\tools\compiler\ti-cgt-arm_18.12.1.LTS\lib\</path>
         <kind>archive</kind>
         <file>rtsv7M4_T_le_v4SPD16_eabi.lib</file>
         <name>cpy_tbl.c.obj</name>
      </input_file>
      <input_file id="fl-e6">
         <path>D:\Installed_Softwares\ti\ccs900\ccs\tools\compiler\ti-cgt-arm_18.12.1.LTS\lib\</path>
         <kind>archive</kind>
         <file>rtsv7M4_T_le_v4SPD16_eabi.lib</file>
         <name>exit.c.obj</name>
      </input_file>
      <input_file id="fl-e7">
         <path>D:\Installed_Softwares\ti\ccs900\ccs\tools\compiler\ti-cgt-arm_18.12.1.LTS\lib\</path>
         <kind>archive</kind>
         <file>rtsv7M4_T_le_v4SPD16_eabi.lib</file>
         <name>_lock.c.obj</name>
      </input_file>
      <input_file id="fl-e8">
         <path>D:\Installed_Softwares\ti\ccs900\ccs\tools\compiler\ti-cgt-arm_18.12.1.LTS\lib\</path>
         <kind>archive</kind>
         <file>rtsv7M4_T_le_v4SPD16_eabi.lib</file>
         <name>args_main.c.obj</name>
      </input_file>
      <input_file id="fl-e9">
         <path>D:\Installed_Softwares\ti\TivaWare_C_Series-2.1.4.178\driverlib\ccs\Debug\</path>
         <kind>archive</kind>
         <file>driverlib.lib</file>
         <name>gpio.obj</name>
      </input_file>
      <input_file id="fl-ea">
         <path>D:\Installed_Softwares\ti\TivaWare_C_Series-2.1.4.178\driverlib\ccs\Debug\</path>
         <kind>archive</kind>
         <file>driverlib.lib</file>
         <name>i2c.obj</name>
      </input_file>
      <input_file id="fl-eb">
         <path>D:\Installed_Softwares\ti\TivaWare_C_Series-2.1.4.178\driverlib\ccs\Debug\</path>
         <kind>archive</kind>
         <file>driverlib.lib</file>
         <name>interrupt.obj</name>
      </input_file>
      <input_file id="fl-ec">
         <path>D:\Installed_Softwares\ti\TivaWare_C_Series-2.1.4.178\driverlib\ccs\Debug\</path>
         <kind>archive</kind>
         <file>driverlib.lib</file>
         <name>sysctl.obj</name>
      </input_file>
      <input_file id="fl-ed">
         <path>D:\Installed_Softwares\ti\TivaWare_C_Series-2.1.4.178\driverlib\ccs\Debug\</path>
         <kind>archive</kind>
         <file>driverlib.lib</file>
         <name>timer.obj</name>
      </input_file>
      <input_file id="fl-ee">
         <path>D:\Installed_Softwares\ti\TivaWare_C_Series-2.1.4.178\driverlib\ccs\Debug\</path>
         <kind>archive</kind>
         <file>driverlib.lib</file>
         <name>cpu.obj</name>
      </input_file>
   </input_file_list>
   <object_component_list>
      <object_component id="oc-f">
         <name>.intvecs</name>
         <load_address>0x0</load_address>
         <run_address>0x0</run_address>
         <size>0x200</size>
         <input_file_ref idref="fl-a"/>
      </object_component>
      <object_component id="oc-4cf">
         <name>.text:pow</name>
         <load_address>0x200</load_address>
         <run_address>0x200</run_address>
         <size>0x9c0</size>
         <input_file_ref idref="fl-cd"/>
      </object_component>
      <object_component id="oc-136">
         <name>.text:UARTvprintf</name>
         <load_address>0xbc0</load_address>
         <run_address>0xbc0</run_address>
         <size>0x30c</size>
         <input_file_ref idref="fl-11"/>
      </object_component>
      <object_component id="oc-3ed">
         <name>.text:getLum</name>
         <load_address>0xecc</load_address>
         <run_address>0xecc</run_address>
         <size>0x260</size>
         <input_file_ref idref="fl-2"/>
      </object_component>
      <object_component id="oc-1c1">
         <name>.text:SysCtlClockFreqSet</name>
         <load_address>0x112c</load_address>
         <run_address>0x112c</run_address>
         <size>0x200</size>
         <input_file_ref idref="fl-ec"/>
      </object_component>
      <object_component id="oc-4d5">
         <name>.text</name>
         <load_address>0x132c</load_address>
         <run_address>0x132c</run_address>
         <size>0x1b6</size>
         <input_file_ref idref="fl-d1"/>
      </object_component>
      <object_component id="oc-30">
         <name>.text:FaultISR</name>
         <load_address>0x14e2</load_address>
         <run_address>0x14e2</run_address>
         <size>0x2</size>
         <input_file_ref idref="fl-a"/>
      </object_component>
      <object_component id="oc-2d9">
         <name>.text:initLumSensor</name>
         <load_address>0x14e4</load_address>
         <run_address>0x14e4</run_address>
         <size>0x1a0</size>
         <input_file_ref idref="fl-2"/>
      </object_component>
      <object_component id="oc-397">
         <name>.text:xQueueGenericReceive</name>
         <load_address>0x1684</load_address>
         <run_address>0x1684</run_address>
         <size>0x16c</size>
         <input_file_ref idref="fl-c"/>
      </object_component>
      <object_component id="oc-52f">
         <name>.text:sqrt</name>
         <load_address>0x17f0</load_address>
         <run_address>0x17f0</run_address>
         <size>0x158</size>
         <input_file_ref idref="fl-ce"/>
      </object_component>
      <object_component id="oc-2c0">
         <name>.text:xTaskGenericCreate</name>
         <load_address>0x1948</load_address>
         <run_address>0x1948</run_address>
         <size>0x138</size>
         <input_file_ref idref="fl-d"/>
      </object_component>
      <object_component id="oc-52a">
         <name>.text</name>
         <load_address>0x1a80</load_address>
         <run_address>0x1a80</run_address>
         <size>0x136</size>
         <input_file_ref idref="fl-d3"/>
      </object_component>
      <object_component id="oc-36">
         <name>.text:IntDefaultHandler</name>
         <load_address>0x1bb6</load_address>
         <run_address>0x1bb6</run_address>
         <size>0x2</size>
         <input_file_ref idref="fl-a"/>
      </object_component>
      <object_component id="oc-a4">
         <name>.text:xTaskIncrementTick</name>
         <load_address>0x1bb8</load_address>
         <run_address>0x1bb8</run_address>
         <size>0x134</size>
         <input_file_ref idref="fl-d"/>
      </object_component>
      <object_component id="oc-368">
         <name>.text:GPIOPadConfigSet</name>
         <load_address>0x1cec</load_address>
         <run_address>0x1cec</run_address>
         <size>0x132</size>
         <input_file_ref idref="fl-e9"/>
      </object_component>
      <object_component id="oc-2a">
         <name>.text:NmiSR</name>
         <load_address>0x1e1e</load_address>
         <run_address>0x1e1e</run_address>
         <size>0x2</size>
         <input_file_ref idref="fl-a"/>
      </object_component>
      <object_component id="oc-b7">
         <name>.text:xQueueGenericSend</name>
         <load_address>0x1e20</load_address>
         <run_address>0x1e20</run_address>
         <size>0x128</size>
         <input_file_ref idref="fl-c"/>
      </object_component>
      <object_component id="oc-3a3">
         <name>.text:SysCtlClockGet</name>
         <load_address>0x1f48</load_address>
         <run_address>0x1f48</run_address>
         <size>0x110</size>
         <input_file_ref idref="fl-ec"/>
      </object_component>
      <object_component id="oc-548">
         <name>.text:scalbn</name>
         <load_address>0x2058</load_address>
         <run_address>0x2058</run_address>
         <size>0x110</size>
         <input_file_ref idref="fl-cf"/>
      </object_component>
      <object_component id="oc-371">
         <name>.text:pvPortMalloc</name>
         <load_address>0x2168</load_address>
         <run_address>0x2168</run_address>
         <size>0x108</size>
         <input_file_ref idref="fl-10"/>
      </object_component>
      <object_component id="oc-3bb">
         <name>.text</name>
         <load_address>0x2270</load_address>
         <run_address>0x2270</run_address>
         <size>0xfc</size>
         <input_file_ref idref="fl-d4"/>
      </object_component>
      <object_component id="oc-17f">
         <name>.text:xTaskResumeAll</name>
         <load_address>0x236c</load_address>
         <run_address>0x236c</run_address>
         <size>0xfc</size>
         <input_file_ref idref="fl-d"/>
      </object_component>
      <object_component id="oc-2c6">
         <name>.text:proxTask</name>
         <load_address>0x2468</load_address>
         <run_address>0x2468</run_address>
         <size>0xd8</size>
         <input_file_ref idref="fl-9"/>
      </object_component>
      <object_component id="oc-3c">
         <name>.text</name>
         <load_address>0x2540</load_address>
         <run_address>0x2540</run_address>
         <size>0xd2</size>
         <input_file_ref idref="fl-f"/>
      </object_component>
      <object_component id="oc-324">
         <name>.text</name>
         <load_address>0x2612</load_address>
         <run_address>0x2612</run_address>
         <size>0x2</size>
         <input_file_ref idref="fl-e2"/>
      </object_component>
      <object_component id="oc-488">
         <name>.text:vTaskPriorityInherit</name>
         <load_address>0x2614</load_address>
         <run_address>0x2614</run_address>
         <size>0xc8</size>
         <input_file_ref idref="fl-d"/>
      </object_component>
      <object_component id="oc-149">
         <name>.text:prvCopyDataToQueue</name>
         <load_address>0x26dc</load_address>
         <run_address>0x26dc</run_address>
         <size>0xbc</size>
         <input_file_ref idref="fl-c"/>
      </object_component>
      <object_component id="oc-9d">
         <name>.text:vTaskSwitchContext</name>
         <load_address>0x2798</load_address>
         <run_address>0x2798</run_address>
         <size>0xb8</size>
         <input_file_ref idref="fl-d"/>
      </object_component>
      <object_component id="oc-4c4">
         <name>.text:I2CGet2Bytes</name>
         <load_address>0x2850</load_address>
         <run_address>0x2850</run_address>
         <size>0xb0</size>
         <input_file_ref idref="fl-8"/>
      </object_component>
      <object_component id="oc-259">
         <name>.text:xTaskPriorityDisinherit</name>
         <load_address>0x2900</load_address>
         <run_address>0x2900</run_address>
         <size>0xa8</size>
         <input_file_ref idref="fl-d"/>
      </object_component>
      <object_component id="oc-377">
         <name>.text:xQueueGenericReset</name>
         <load_address>0x29a8</load_address>
         <run_address>0x29a8</run_address>
         <size>0xa0</size>
         <input_file_ref idref="fl-c"/>
      </object_component>
      <object_component id="oc-61">
         <name>.text</name>
         <load_address>0x2a48</load_address>
         <run_address>0x2a48</run_address>
         <size>0x9c</size>
         <input_file_ref idref="fl-d9"/>
      </object_component>
      <object_component id="oc-384">
         <name>.text:prvInitialiseTCBVariables</name>
         <load_address>0x2ae4</load_address>
         <run_address>0x2ae4</run_address>
         <size>0x9a</size>
         <input_file_ref idref="fl-d"/>
      </object_component>
      <object_component id="oc-14f">
         <name>.text:xTaskRemoveFromEventList</name>
         <load_address>0x2b80</load_address>
         <run_address>0x2b80</run_address>
         <size>0x90</size>
         <input_file_ref idref="fl-d"/>
      </object_component>
      <object_component id="oc-2df">
         <name>.text:lumTask</name>
         <load_address>0x2c10</load_address>
         <run_address>0x2c10</run_address>
         <size>0x8c</size>
         <input_file_ref idref="fl-6"/>
      </object_component>
      <object_component id="oc-4df">
         <name>.text:__aeabi_cdcmple</name>
         <load_address>0x2c9c</load_address>
         <run_address>0x2c9c</run_address>
         <size>0x86</size>
         <input_file_ref idref="fl-d2"/>
      </object_component>
      <object_component id="oc-543">
         <name>.text:__aeabi_cdrcmple</name>
         <load_address>0x2d22</load_address>
         <run_address>0x2d22</run_address>
         <size>0x86</size>
         <input_file_ref idref="fl-d2"/>
      </object_component>
      <object_component id="oc-167">
         <name>.text:xTaskCheckForTimeOut</name>
         <load_address>0x2da8</load_address>
         <run_address>0x2da8</run_address>
         <size>0x84</size>
         <input_file_ref idref="fl-d"/>
      </object_component>
      <object_component id="oc-179">
         <name>.text:prvUnlockQueue</name>
         <load_address>0x2e2c</load_address>
         <run_address>0x2e2c</run_address>
         <size>0x82</size>
         <input_file_ref idref="fl-c"/>
      </object_component>
      <object_component id="oc-2d3">
         <name>.text:enableTaskTimer</name>
         <load_address>0x2eb0</load_address>
         <run_address>0x2eb0</run_address>
         <size>0x7c</size>
         <input_file_ref idref="fl-6"/>
      </object_component>
      <object_component id="oc-2ae">
         <name>.text:enableTaskTimer</name>
         <load_address>0x2f2c</load_address>
         <run_address>0x2f2c</run_address>
         <size>0x7c</size>
         <input_file_ref idref="fl-9"/>
      </object_component>
      <object_component id="oc-e6">
         <name>.text</name>
         <load_address>0x2fa8</load_address>
         <run_address>0x2fa8</run_address>
         <size>0x7a</size>
         <input_file_ref idref="fl-dc"/>
      </object_component>
      <object_component id="oc-3e6">
         <name>.text:I2CGetByte</name>
         <load_address>0x3024</load_address>
         <run_address>0x3024</run_address>
         <size>0x74</size>
         <input_file_ref idref="fl-8"/>
      </object_component>
      <object_component id="oc-2a1">
         <name>.text:UARTStdioConfig</name>
         <load_address>0x3098</load_address>
         <run_address>0x3098</run_address>
         <size>0x74</size>
         <input_file_ref idref="fl-11"/>
      </object_component>
      <object_component id="oc-390">
         <name>.text:prvInitialiseTaskLists</name>
         <load_address>0x310c</load_address>
         <run_address>0x310c</run_address>
         <size>0x74</size>
         <input_file_ref idref="fl-d"/>
      </object_component>
      <object_component id="oc-1d9">
         <name>.text:vTaskStartScheduler</name>
         <load_address>0x3180</load_address>
         <run_address>0x3180</run_address>
         <size>0x70</size>
         <input_file_ref idref="fl-d"/>
      </object_component>
      <object_component id="oc-2ba">
         <name>.text:xQueueGenericCreate</name>
         <load_address>0x31f0</load_address>
         <run_address>0x31f0</run_address>
         <size>0x70</size>
         <input_file_ref idref="fl-c"/>
      </object_component>
      <object_component id="oc-4da">
         <name>.text</name>
         <load_address>0x3260</load_address>
         <run_address>0x3260</run_address>
         <size>0x6e</size>
         <input_file_ref idref="fl-d5"/>
      </object_component>
      <object_component id="oc-3e0">
         <name>.text:I2CSendByte</name>
         <load_address>0x32d0</load_address>
         <run_address>0x32d0</run_address>
         <size>0x6c</size>
         <input_file_ref idref="fl-8"/>
      </object_component>
      <object_component id="oc-1c7">
         <name>.text:ConfigureUART</name>
         <load_address>0x333c</load_address>
         <run_address>0x333c</run_address>
         <size>0x68</size>
         <input_file_ref idref="fl-3"/>
      </object_component>
      <object_component id="oc-12">
         <name>.text:decompress:lzss:__TI_decompress_lzss</name>
         <load_address>0x33a4</load_address>
         <run_address>0x33a4</run_address>
         <size>0x68</size>
         <input_file_ref idref="fl-df"/>
      </object_component>
      <object_component id="oc-400">
         <name>.text:prvCheckTasksWaitingTermination</name>
         <load_address>0x340c</load_address>
         <run_address>0x340c</run_address>
         <size>0x68</size>
         <input_file_ref idref="fl-d"/>
      </object_component>
      <object_component id="oc-457">
         <name>.text:vPortFree</name>
         <load_address>0x3474</load_address>
         <run_address>0x3474</run_address>
         <size>0x68</size>
         <input_file_ref idref="fl-10"/>
      </object_component>
      <object_component id="oc-173">
         <name>.text:vTaskPlaceOnEventList</name>
         <load_address>0x34dc</load_address>
         <run_address>0x34dc</run_address>
         <size>0x68</size>
         <input_file_ref idref="fl-d"/>
      </object_component>
      <object_component id="oc-269">
         <name>.text:vListInsert</name>
         <load_address>0x3544</load_address>
         <run_address>0x3544</run_address>
         <size>0x66</size>
         <input_file_ref idref="fl-b"/>
      </object_component>
      <object_component id="oc-2cd">
         <name>.text:I2CInit</name>
         <load_address>0x35ac</load_address>
         <run_address>0x35ac</run_address>
         <size>0x60</size>
         <input_file_ref idref="fl-8"/>
      </object_component>
      <object_component id="oc-37e">
         <name>.text:prvAllocateTCBAndStack</name>
         <load_address>0x360c</load_address>
         <run_address>0x360c</run_address>
         <size>0x5e</size>
         <input_file_ref idref="fl-d"/>
      </object_component>
      <object_component id="oc-244">
         <name>.text:UARTwrite</name>
         <load_address>0x366c</load_address>
         <run_address>0x366c</run_address>
         <size>0x5c</size>
         <input_file_ref idref="fl-11"/>
      </object_component>
      <object_component id="oc-1d3">
         <name>.text:lumTaskInit</name>
         <load_address>0x36c8</load_address>
         <run_address>0x36c8</run_address>
         <size>0x5c</size>
         <input_file_ref idref="fl-6"/>
      </object_component>
      <object_component id="oc-1cd">
         <name>.text:proxTaskInit</name>
         <load_address>0x3724</load_address>
         <run_address>0x3724</run_address>
         <size>0x5c</size>
         <input_file_ref idref="fl-9"/>
      </object_component>
      <object_component id="oc-26f">
         <name>.text:prvAddCurrentTaskToDelayedList</name>
         <load_address>0x3780</load_address>
         <run_address>0x3780</run_address>
         <size>0x5c</size>
         <input_file_ref idref="fl-d"/>
      </object_component>
      <object_component id="oc-38a">
         <name>.text:pxPortInitialiseStack</name>
         <load_address>0x37dc</load_address>
         <run_address>0x37dc</run_address>
         <size>0x5c</size>
         <input_file_ref idref="fl-e"/>
      </object_component>
      <object_component id="oc-43f">
         <name>.text:prvHeapInit</name>
         <load_address>0x3838</load_address>
         <run_address>0x3838</run_address>
         <size>0x50</size>
         <input_file_ref idref="fl-10"/>
      </object_component>
      <object_component id="oc-3d8">
         <name>.text:I2CMasterInitExpClk</name>
         <load_address>0x3888</load_address>
         <run_address>0x3888</run_address>
         <size>0x4c</size>
         <input_file_ref idref="fl-ea"/>
      </object_component>
      <object_component id="oc-4d">
         <name>.text:Timer1IntHandler</name>
         <load_address>0x38d4</load_address>
         <run_address>0x38d4</run_address>
         <size>0x4c</size>
         <input_file_ref idref="fl-9"/>
      </object_component>
      <object_component id="oc-3c6">
         <name>.text:GPIOPinConfigure</name>
         <load_address>0x3920</load_address>
         <run_address>0x3920</run_address>
         <size>0x48</size>
         <input_file_ref idref="fl-e9"/>
      </object_component>
      <object_component id="oc-47">
         <name>.text:Timer0IntHandler</name>
         <load_address>0x3968</load_address>
         <run_address>0x3968</run_address>
         <size>0x48</size>
         <input_file_ref idref="fl-6"/>
      </object_component>
      <object_component id="oc-290">
         <name>.text:_SysCtlFrequencyGet</name>
         <load_address>0x39b0</load_address>
         <run_address>0x39b0</run_address>
         <size>0x48</size>
         <input_file_ref idref="fl-ec"/>
      </object_component>
      <object_component id="oc-11f">
         <name>.text:uxListRemove</name>
         <load_address>0x39f8</load_address>
         <run_address>0x39f8</run_address>
         <size>0x48</size>
         <input_file_ref idref="fl-b"/>
      </object_component>
      <object_component id="oc-1f3">
         <name>.text:__TI_auto_init_nobinit_nopinit:__TI_auto_init_nobinit_nopinit</name>
         <load_address>0x3a40</load_address>
         <run_address>0x3a40</run_address>
         <size>0x44</size>
         <input_file_ref idref="fl-e3"/>
      </object_component>
      <object_component id="oc-3c0">
         <name>.text</name>
         <load_address>0x3a84</load_address>
         <run_address>0x3a84</run_address>
         <size>0x44</size>
         <input_file_ref idref="fl-d6"/>
      </object_component>
      <object_component id="oc-2e6">
         <name>.text:xPortStartScheduler</name>
         <load_address>0x3ac8</load_address>
         <run_address>0x3ac8</run_address>
         <size>0x44</size>
         <input_file_ref idref="fl-e"/>
      </object_component>
      <object_component id="oc-24a">
         <name>.text</name>
         <load_address>0x3b0c</load_address>
         <run_address>0x3b0c</run_address>
         <size>0x40</size>
         <input_file_ref idref="fl-db"/>
      </object_component>
      <object_component id="oc-2b4">
         <name>.text:captureInit</name>
         <load_address>0x3b4c</load_address>
         <run_address>0x3b4c</run_address>
         <size>0x3c</size>
         <input_file_ref idref="fl-9"/>
      </object_component>
      <object_component id="oc-476">
         <name>.text:prvCopyDataFromQueue</name>
         <load_address>0x3b88</load_address>
         <run_address>0x3b88</run_address>
         <size>0x3c</size>
         <input_file_ref idref="fl-c"/>
      </object_component>
      <object_component id="oc-119">
         <name>.text:prvResetNextTaskUnblockTime</name>
         <load_address>0x3bc4</load_address>
         <run_address>0x3bc4</run_address>
         <size>0x3c</size>
         <input_file_ref idref="fl-d"/>
      </object_component>
      <object_component id="oc-125">
         <name>.text:vListInsertEnd</name>
         <load_address>0x3c00</load_address>
         <run_address>0x3c00</run_address>
         <size>0x3c</size>
         <input_file_ref idref="fl-b"/>
      </object_component>
      <object_component id="oc-356">
         <name>.text:SysCtlPeripheralReady</name>
         <load_address>0x3c3c</load_address>
         <run_address>0x3c3c</run_address>
         <size>0x38</size>
         <input_file_ref idref="fl-ec"/>
      </object_component>
      <object_component id="oc-2a8">
         <name>.text:initProxSensor</name>
         <load_address>0x3c74</load_address>
         <run_address>0x3c74</run_address>
         <size>0x38</size>
         <input_file_ref idref="fl-9"/>
      </object_component>
      <object_component id="oc-4ca">
         <name>.text</name>
         <load_address>0x3cac</load_address>
         <run_address>0x3cac</run_address>
         <size>0x38</size>
         <input_file_ref idref="fl-d7"/>
      </object_component>
      <object_component id="oc-350">
         <name>.text:SysCtlPeripheralEnable</name>
         <load_address>0x3ce4</load_address>
         <run_address>0x3ce4</run_address>
         <size>0x34</size>
         <input_file_ref idref="fl-ec"/>
      </object_component>
      <object_component id="oc-7f">
         <name>.text:_c_int00_noargs:_c_int00_noargs</name>
         <load_address>0x3d18</load_address>
         <run_address>0x3d18</run_address>
         <size>0x34</size>
         <input_file_ref idref="fl-e1"/>
      </object_component>
      <object_component id="oc-f2">
         <name>.text:main</name>
         <load_address>0x3d4c</load_address>
         <run_address>0x3d4c</run_address>
         <size>0x34</size>
         <input_file_ref idref="fl-3"/>
      </object_component>
      <object_component id="oc-450">
         <name>.text:vListInitialise</name>
         <load_address>0x3d80</load_address>
         <run_address>0x3d80</run_address>
         <size>0x30</size>
         <input_file_ref idref="fl-b"/>
      </object_component>
      <object_component id="oc-53b">
         <name>.text</name>
         <load_address>0x3db0</load_address>
         <run_address>0x3db0</run_address>
         <size>0x2e</size>
         <input_file_ref idref="fl-d8"/>
      </object_component>
      <object_component id="oc-41">
         <name>.text:xPortSysTickHandler</name>
         <load_address>0x3de0</load_address>
         <run_address>0x3de0</run_address>
         <size>0x2c</size>
         <input_file_ref idref="fl-e"/>
      </object_component>
      <object_component id="oc-435">
         <name>.text:GPIODirModeSet</name>
         <load_address>0x3e0c</load_address>
         <run_address>0x3e0c</run_address>
         <size>0x2a</size>
         <input_file_ref idref="fl-e9"/>
      </object_component>
      <object_component id="oc-16d">
         <name>.text:prvIsQueueFull</name>
         <load_address>0x3e36</load_address>
         <run_address>0x3e36</run_address>
         <size>0x26</size>
         <input_file_ref idref="fl-c"/>
      </object_component>
      <object_component id="oc-b1">
         <name>.text:UARTprintf</name>
         <load_address>0x3e5c</load_address>
         <run_address>0x3e5c</run_address>
         <size>0x24</size>
         <input_file_ref idref="fl-11"/>
      </object_component>
      <object_component id="oc-143">
         <name>.text:vPortEnterCritical</name>
         <load_address>0x3e80</load_address>
         <run_address>0x3e80</run_address>
         <size>0x24</size>
         <input_file_ref idref="fl-e"/>
      </object_component>
      <object_component id="oc-15b">
         <name>.text:vTaskSetTimeOutState</name>
         <load_address>0x3ea4</load_address>
         <run_address>0x3ea4</run_address>
         <size>0x24</size>
         <input_file_ref idref="fl-d"/>
      </object_component>
      <object_component id="oc-28a">
         <name>.text:_SysCtlMemTimingGet</name>
         <load_address>0x3ec8</load_address>
         <run_address>0x3ec8</run_address>
         <size>0x20</size>
         <input_file_ref idref="fl-ec"/>
      </object_component>
      <object_component id="oc-482">
         <name>.text:prvIsQueueEmpty</name>
         <load_address>0x3ee8</load_address>
         <run_address>0x3ee8</run_address>
         <size>0x20</size>
         <input_file_ref idref="fl-c"/>
      </object_component>
      <object_component id="oc-3b6">
         <name>.text</name>
         <load_address>0x3f08</load_address>
         <run_address>0x3f08</run_address>
         <size>0x20</size>
         <input_file_ref idref="fl-da"/>
      </object_component>
      <object_component id="oc-47c">
         <name>.text:pvTaskIncrementMutexHeldCount</name>
         <load_address>0x3f28</load_address>
         <run_address>0x3f28</run_address>
         <size>0x1c</size>
         <input_file_ref idref="fl-d"/>
      </object_component>
      <object_component id="oc-155">
         <name>.text:vPortExitCritical</name>
         <load_address>0x3f44</load_address>
         <run_address>0x3f44</run_address>
         <size>0x1c</size>
         <input_file_ref idref="fl-e"/>
      </object_component>
      <object_component id="oc-568">
         <name>.text:copysign</name>
         <load_address>0x3f60</load_address>
         <run_address>0x3f60</run_address>
         <size>0x1a</size>
         <input_file_ref idref="fl-d0"/>
      </object_component>
      <object_component id="oc-35c">
         <name>.text:GPIOPinTypeGPIOOutput</name>
         <load_address>0x3f7a</load_address>
         <run_address>0x3f7a</run_address>
         <size>0x18</size>
         <input_file_ref idref="fl-e9"/>
      </object_component>
      <object_component id="oc-3f9">
         <name>.text:vPortSetupTimerInterrupt</name>
         <load_address>0x3f94</load_address>
         <run_address>0x3f94</run_address>
         <size>0x18</size>
         <input_file_ref idref="fl-e"/>
      </object_component>
      <object_component id="oc-4e6">
         <name>.text:prvDeleteTCB</name>
         <load_address>0x3fac</load_address>
         <run_address>0x3fac</run_address>
         <size>0x14</size>
         <input_file_ref idref="fl-d"/>
      </object_component>
      <object_component id="oc-362">
         <name>.text:GPIOPinTypeGPIOInput</name>
         <load_address>0x3fc0</load_address>
         <run_address>0x3fc0</run_address>
         <size>0x12</size>
         <input_file_ref idref="fl-e9"/>
      </object_component>
      <object_component id="oc-3d2">
         <name>.text:GPIOPinTypeI2C</name>
         <load_address>0x3fd2</load_address>
         <run_address>0x3fd2</run_address>
         <size>0x12</size>
         <input_file_ref idref="fl-e9"/>
      </object_component>
      <object_component id="oc-3cc">
         <name>.text:GPIOPinTypeI2CSCL</name>
         <load_address>0x3fe4</load_address>
         <run_address>0x3fe4</run_address>
         <size>0x12</size>
         <input_file_ref idref="fl-e9"/>
      </object_component>
      <object_component id="oc-465">
         <name>.text:prvTaskExitError</name>
         <load_address>0x3ff6</load_address>
         <run_address>0x3ff6</run_address>
         <size>0x10</size>
         <input_file_ref idref="fl-e"/>
      </object_component>
      <object_component id="oc-45e">
         <name>.text:vListInitialiseItem</name>
         <load_address>0x4006</load_address>
         <run_address>0x4006</run_address>
         <size>0x10</size>
         <input_file_ref idref="fl-b"/>
      </object_component>
      <object_component id="oc-161">
         <name>.text:vTaskSuspendAll</name>
         <load_address>0x4018</load_address>
         <run_address>0x4018</run_address>
         <size>0x10</size>
         <input_file_ref idref="fl-d"/>
      </object_component>
      <object_component id="oc-18">
         <name>.text:decompress:none:__TI_decompress_none</name>
         <load_address>0x4028</load_address>
         <run_address>0x4028</run_address>
         <size>0xe</size>
         <input_file_ref idref="fl-de"/>
      </object_component>
      <object_component id="oc-73">
         <name>.text:decompress:ZI:__TI_zero_init</name>
         <load_address>0x4036</load_address>
         <run_address>0x4036</run_address>
         <size>0xc</size>
         <input_file_ref idref="fl-dd"/>
      </object_component>
      <object_component id="oc-279">
         <name>.text:vTaskMissedYield</name>
         <load_address>0x4044</load_address>
         <run_address>0x4044</run_address>
         <size>0xc</size>
         <input_file_ref idref="fl-d"/>
      </object_component>
      <object_component id="oc-49c">
         <name>.text:I2CMasterEnable</name>
         <load_address>0x4050</load_address>
         <run_address>0x4050</run_address>
         <size>0xa</size>
         <input_file_ref idref="fl-ea"/>
      </object_component>
      <object_component id="oc-3b0">
         <name>.text:TimerValueGet</name>
         <load_address>0x405a</load_address>
         <run_address>0x405a</run_address>
         <size>0xa</size>
         <input_file_ref idref="fl-ed"/>
      </object_component>
      <object_component id="oc-2ec">
         <name>.text:prvIdleTask</name>
         <load_address>0x4064</load_address>
         <run_address>0x4064</run_address>
         <size>0xa</size>
         <input_file_ref idref="fl-d"/>
      </object_component>
      <object_component id="oc-10f">
         <name>.text:vApplicationStackOverflowHook</name>
         <load_address>0x406e</load_address>
         <run_address>0x406e</run_address>
         <size>0xa</size>
         <input_file_ref idref="fl-3"/>
      </object_component>
      <object_component id="oc-4b6">
         <name>.text:I2CMasterBusy</name>
         <load_address>0x4078</load_address>
         <run_address>0x4078</run_address>
         <size>0x8</size>
         <input_file_ref idref="fl-ea"/>
      </object_component>
      <object_component id="oc-4a4">
         <name>.text:I2CMasterSlaveAddrSet</name>
         <load_address>0x4080</load_address>
         <run_address>0x4080</run_address>
         <size>0x8</size>
         <input_file_ref idref="fl-ea"/>
      </object_component>
      <object_component id="oc-535">
         <name>.text:__aeabi_errno_addr</name>
         <load_address>0x4088</load_address>
         <run_address>0x4088</run_address>
         <size>0x8</size>
         <input_file_ref idref="fl-e0"/>
      </object_component>
      <object_component id="oc-3aa">
         <name>.text:GPIOPinRead</name>
         <load_address>0x4090</load_address>
         <run_address>0x4090</run_address>
         <size>0x6</size>
         <input_file_ref idref="fl-e9"/>
      </object_component>
      <object_component id="oc-39d">
         <name>.text:GPIOPinWrite</name>
         <load_address>0x4096</load_address>
         <run_address>0x4096</run_address>
         <size>0x6</size>
         <input_file_ref idref="fl-e9"/>
      </object_component>
      <object_component id="oc-24">
         <name>.text:ResetISR</name>
         <load_address>0x409c</load_address>
         <run_address>0x409c</run_address>
         <size>0x6</size>
         <input_file_ref idref="fl-a"/>
      </object_component>
      <object_component id="oc-3a9">
         <name>.text:SysCtlDelay</name>
         <load_address>0x40a2</load_address>
         <run_address>0x40a2</run_address>
         <size>0x6</size>
         <input_file_ref idref="fl-ec"/>
      </object_component>
      <object_component id="oc-4b0">
         <name>.text:I2CMasterControl</name>
         <load_address>0x40a8</load_address>
         <run_address>0x40a8</run_address>
         <size>0x4</size>
         <input_file_ref idref="fl-ea"/>
      </object_component>
      <object_component id="oc-4bd">
         <name>.text:I2CMasterDataGet</name>
         <load_address>0x40ac</load_address>
         <run_address>0x40ac</run_address>
         <size>0x4</size>
         <input_file_ref idref="fl-ea"/>
      </object_component>
      <object_component id="oc-4aa">
         <name>.text:I2CMasterDataPut</name>
         <load_address>0x40b0</load_address>
         <run_address>0x40b0</run_address>
         <size>0x4</size>
         <input_file_ref idref="fl-ea"/>
      </object_component>
      <object_component id="oc-ab">
         <name>.text:TimerIntClear</name>
         <load_address>0x40b4</load_address>
         <run_address>0x40b4</run_address>
         <size>0x4</size>
         <input_file_ref idref="fl-ed"/>
      </object_component>
      <object_component id="oc-ec">
         <name>.text:_system_pre_init</name>
         <load_address>0x40b8</load_address>
         <run_address>0x40b8</run_address>
         <size>0x4</size>
         <input_file_ref idref="fl-e4"/>
      </object_component>
      <object_component id="oc-1e7">
         <name>.text:abort:abort</name>
         <load_address>0x40bc</load_address>
         <run_address>0x40bc</run_address>
         <size>0x4</size>
         <input_file_ref idref="fl-e6"/>
      </object_component>
      <object_component id="oc-299">
         <name>.const:g_pppui32XTALtoVCO</name>
         <load_address>0x40c0</load_address>
         <run_address>0x40c0</run_address>
         <size>0x1b0</size>
         <input_file_ref idref="fl-ec"/>
      </object_component>
      <object_component id="oc-496">
         <name>.const:g_pui32GPIOBaseAddrs</name>
         <load_address>0x4270</load_address>
         <run_address>0x4270</run_address>
         <size>0x90</size>
         <input_file_ref idref="fl-e9"/>
      </object_component>
      <object_component id="oc-296">
         <name>.const:g_pui32Xtals</name>
         <load_address>0x4300</load_address>
         <run_address>0x4300</run_address>
         <size>0x6c</size>
         <input_file_ref idref="fl-ec"/>
      </object_component>
      <object_component id="oc-9a">
         <name>.const</name>
         <load_address>0x436c</load_address>
         <run_address>0x436c</run_address>
         <size>0x4</size>
         <input_file_ref idref="fl-e"/>
      </object_component>
      <object_component id="oc-540">
         <name>.const:$O1$$</name>
         <load_address>0x4370</load_address>
         <run_address>0x4370</run_address>
         <size>0x30</size>
         <input_file_ref idref="fl-cd"/>
      </object_component>
      <object_component id="oc-337">
         <name>.const:g_sXTALtoMEMTIM</name>
         <load_address>0x43a0</load_address>
         <run_address>0x43a0</run_address>
         <size>0x30</size>
         <input_file_ref idref="fl-ec"/>
      </object_component>
      <object_component id="oc-32a">
         <name>.const:.string</name>
         <load_address>0x43d0</load_address>
         <run_address>0x43d0</run_address>
         <size>0x12</size>
         <input_file_ref idref="fl-11"/>
      </object_component>
      <object_component id="oc-34c">
         <name>.const:g_ui32UARTBase</name>
         <load_address>0x43e4</load_address>
         <run_address>0x43e4</run_address>
         <size>0xc</size>
         <input_file_ref idref="fl-11"/>
      </object_component>
      <object_component id="oc-349">
         <name>.const:g_ui32UARTPeriph</name>
         <load_address>0x43f0</load_address>
         <run_address>0x43f0</run_address>
         <size>0xc</size>
         <input_file_ref idref="fl-11"/>
      </object_component>
      <object_component id="oc-29c">
         <name>.const</name>
         <load_address>0x43fc</load_address>
         <run_address>0x43fc</run_address>
         <size>0x8</size>
         <input_file_ref idref="fl-ec"/>
      </object_component>
      <object_component id="oc-24f">
         <name>.const</name>
         <load_address>0x4404</load_address>
         <run_address>0x4404</run_address>
         <size>0x4</size>
         <input_file_ref idref="fl-11"/>
      </object_component>
      <object_component id="oc-5b3">
         <name>.cinit..data.load</name>
         <load_address>0x4408</load_address>
         <run_address>0x4408</run_address>
         <size>0x12</size>
      </object_component>
      <object_component id="oc-5b1">
         <name>__TI_handler_table</name>
         <load_address>0x441c</load_address>
         <run_address>0x441c</run_address>
         <size>0xc</size>
      </object_component>
      <object_component id="oc-5b4">
         <name>.cinit..bss.load</name>
         <load_address>0x4428</load_address>
         <run_address>0x4428</run_address>
         <size>0x8</size>
      </object_component>
      <object_component id="oc-5b2">
         <name>__TI_cinit_table</name>
         <load_address>0x4430</load_address>
         <run_address>0x4430</run_address>
         <size>0x10</size>
      </object_component>
      <object_component id="oc-97">
         <name>.data</name>
         <load_address>0x200078f8</load_address>
         <run_address>0x200078f8</run_address>
         <size>0x30</size>
         <input_file_ref idref="fl-d"/>
      </object_component>
      <object_component id="oc-255">
         <name>.data</name>
         <load_address>0x20007938</load_address>
         <run_address>0x20007938</run_address>
         <size>0x4</size>
         <input_file_ref idref="fl-e"/>
      </object_component>
      <object_component id="oc-445">
         <name>.data</name>
         <load_address>0x20007928</load_address>
         <run_address>0x20007928</run_address>
         <size>0x8</size>
         <input_file_ref idref="fl-10"/>
      </object_component>
      <object_component id="oc-31d">
         <name>.data</name>
         <load_address>0x20007930</load_address>
         <run_address>0x20007930</run_address>
         <size>0x5</size>
         <input_file_ref idref="fl-11"/>
      </object_component>
      <object_component id="oc-55f">
         <name>.data</name>
         <load_address>0x2000793c</load_address>
         <run_address>0x2000793c</run_address>
         <size>0x4</size>
         <input_file_ref idref="fl-e0"/>
      </object_component>
      <object_component id="oc-115">
         <name>.bss:pxReadyTasksLists</name>
         <uninitialized>true</uninitialized>
         <run_address>0x20007530</run_address>
         <size>0x140</size>
         <input_file_ref idref="fl-d"/>
      </object_component>
      <object_component id="oc-46c">
         <name>.bss:xDelayedTaskList1</name>
         <uninitialized>true</uninitialized>
         <run_address>0x20007670</run_address>
         <size>0x14</size>
         <input_file_ref idref="fl-d"/>
      </object_component>
      <object_component id="oc-46f">
         <name>.bss:xDelayedTaskList2</name>
         <uninitialized>true</uninitialized>
         <run_address>0x20007684</run_address>
         <size>0x14</size>
         <input_file_ref idref="fl-d"/>
      </object_component>
      <object_component id="oc-12b">
         <name>.bss</name>
         <uninitialized>true</uninitialized>
         <run_address>0x200076d4</run_address>
         <size>0x8</size>
         <input_file_ref idref="fl-d"/>
      </object_component>
      <object_component id="oc-260">
         <name>.bss:xPendingReadyList</name>
         <uninitialized>true</uninitialized>
         <run_address>0x20007698</run_address>
         <size>0x14</size>
         <input_file_ref idref="fl-d"/>
      </object_component>
      <object_component id="oc-472">
         <name>.bss:xTasksWaitingTermination</name>
         <uninitialized>true</uninitialized>
         <run_address>0x200076c0</run_address>
         <size>0x14</size>
         <input_file_ref idref="fl-d"/>
      </object_component>
      <object_component id="oc-275">
         <name>.bss:xSuspendedTaskList</name>
         <uninitialized>true</uninitialized>
         <run_address>0x200076ac</run_address>
         <size>0x14</size>
         <input_file_ref idref="fl-d"/>
      </object_component>
      <object_component id="oc-4ff">
         <name>.bss:ucHeap</name>
         <uninitialized>true</uninitialized>
         <run_address>0x20000000</run_address>
         <size>0x7530</size>
         <input_file_ref idref="fl-10"/>
      </object_component>
      <object_component id="oc-448">
         <name>.bss:xStart</name>
         <uninitialized>true</uninitialized>
         <run_address>0x200076e4</run_address>
         <size>0x8</size>
         <input_file_ref idref="fl-10"/>
      </object_component>
      <object_component id="oc-44b">
         <name>.bss:xEnd</name>
         <uninitialized>true</uninitialized>
         <run_address>0x200076dc</run_address>
         <size>0x8</size>
         <input_file_ref idref="fl-10"/>
      </object_component>
      <object_component id="oc-1df">
         <name>.common:g_ui32SysClock</name>
         <uninitialized>true</uninitialized>
         <run_address>0x200076ec</run_address>
         <size>0x4</size>
      </object_component>
      <object_component id="oc-bd">
         <name>.common:xSemaphoreLum</name>
         <uninitialized>true</uninitialized>
         <run_address>0x200076f0</run_address>
         <size>0x4</size>
      </object_component>
      <object_component id="oc-c1">
         <name>.common:xSemaphoreProx</name>
         <uninitialized>true</uninitialized>
         <run_address>0x200076f4</run_address>
         <size>0x4</size>
      </object_component>
      <object_component id="oc-21">
         <name>.stack</name>
         <uninitialized>true</uninitialized>
         <run_address>0x200076f8</run_address>
         <size>0x4</size>
         <input_file_ref idref="fl-e1"/>
      </object_component>
      <object_component id="oc-5b5">
         <name>.stack</name>
         <uninitialized>true</uninitialized>
         <run_address>0x200076f8</run_address>
         <size>0x0</size>
      </object_component>
      <object_component id="oc-1af">
         <name>.debug_info</name>
         <load_address>0x0</load_address>
         <run_address>0x0</run_address>
         <size>0x3b8</size>
         <input_file_ref idref="fl-2"/>
      </object_component>
      <object_component id="oc-2da">
         <name>.debug_info</name>
         <load_address>0x3b8</load_address>
         <run_address>0x3b8</run_address>
         <size>0x224</size>
         <input_file_ref idref="fl-2"/>
      </object_component>
      <object_component id="oc-3ee">
         <name>.debug_info</name>
         <load_address>0x5dc</load_address>
         <run_address>0x5dc</run_address>
         <size>0x41c</size>
         <input_file_ref idref="fl-2"/>
      </object_component>
      <object_component id="oc-c7">
         <name>.debug_info</name>
         <load_address>0x9f8</load_address>
         <run_address>0x9f8</run_address>
         <size>0x26b</size>
         <input_file_ref idref="fl-2"/>
      </object_component>
      <object_component id="oc-5c">
         <name>.debug_info</name>
         <load_address>0xc63</load_address>
         <run_address>0xc63</run_address>
         <size>0x84</size>
         <input_file_ref idref="fl-2"/>
      </object_component>
      <object_component id="oc-1aa">
         <name>.debug_info</name>
         <load_address>0xce7</load_address>
         <run_address>0xce7</run_address>
         <size>0x297</size>
         <input_file_ref idref="fl-2"/>
      </object_component>
      <object_component id="oc-3f4">
         <name>.debug_info</name>
         <load_address>0xf7e</load_address>
         <run_address>0xf7e</run_address>
         <size>0xef</size>
         <input_file_ref idref="fl-2"/>
      </object_component>
      <object_component id="oc-cc">
         <name>.debug_info</name>
         <load_address>0x106d</load_address>
         <run_address>0x106d</run_address>
         <size>0xbb</size>
         <input_file_ref idref="fl-2"/>
      </object_component>
      <object_component id="oc-1b8">
         <name>.debug_info</name>
         <load_address>0x1128</load_address>
         <run_address>0x1128</run_address>
         <size>0x2c</size>
         <input_file_ref idref="fl-2"/>
      </object_component>
      <object_component id="oc-13e">
         <name>.debug_info</name>
         <load_address>0x1154</load_address>
         <run_address>0x1154</run_address>
         <size>0x2c</size>
         <input_file_ref idref="fl-2"/>
      </object_component>
      <object_component id="oc-239">
         <name>.debug_info</name>
         <load_address>0x1180</load_address>
         <run_address>0x1180</run_address>
         <size>0x41c</size>
         <input_file_ref idref="fl-3"/>
      </object_component>
      <object_component id="oc-111">
         <name>.debug_info</name>
         <load_address>0x159c</load_address>
         <run_address>0x159c</run_address>
         <size>0x1a2</size>
         <input_file_ref idref="fl-3"/>
      </object_component>
      <object_component id="oc-1c8">
         <name>.debug_info</name>
         <load_address>0x173e</load_address>
         <run_address>0x173e</run_address>
         <size>0x15b</size>
         <input_file_ref idref="fl-3"/>
      </object_component>
      <object_component id="oc-f4">
         <name>.debug_info</name>
         <load_address>0x1899</load_address>
         <run_address>0x1899</run_address>
         <size>0x17a</size>
         <input_file_ref idref="fl-3"/>
      </object_component>
      <object_component id="oc-18d">
         <name>.debug_info</name>
         <load_address>0x1a13</load_address>
         <run_address>0x1a13</run_address>
         <size>0x2ef</size>
         <input_file_ref idref="fl-3"/>
      </object_component>
      <object_component id="oc-186">
         <name>.debug_info</name>
         <load_address>0x1d02</load_address>
         <run_address>0x1d02</run_address>
         <size>0x46</size>
         <input_file_ref idref="fl-3"/>
      </object_component>
      <object_component id="oc-19e">
         <name>.debug_info</name>
         <load_address>0x1d48</load_address>
         <run_address>0x1d48</run_address>
         <size>0x2c</size>
         <input_file_ref idref="fl-3"/>
      </object_component>
      <object_component id="oc-1a3">
         <name>.debug_info</name>
         <load_address>0x1d74</load_address>
         <run_address>0x1d74</run_address>
         <size>0x2c</size>
         <input_file_ref idref="fl-3"/>
      </object_component>
      <object_component id="oc-107">
         <name>.debug_info</name>
         <load_address>0x1da0</load_address>
         <run_address>0x1da0</run_address>
         <size>0x53</size>
         <input_file_ref idref="fl-3"/>
      </object_component>
      <object_component id="oc-199">
         <name>.debug_info</name>
         <load_address>0x1df3</load_address>
         <run_address>0x1df3</run_address>
         <size>0x14c</size>
         <input_file_ref idref="fl-3"/>
      </object_component>
      <object_component id="oc-1e0">
         <name>.debug_info</name>
         <load_address>0x1f3f</load_address>
         <run_address>0x1f3f</run_address>
         <size>0x37d</size>
         <input_file_ref idref="fl-4"/>
      </object_component>
      <object_component id="oc-be">
         <name>.debug_info</name>
         <load_address>0x22bc</load_address>
         <run_address>0x22bc</run_address>
         <size>0x572</size>
         <input_file_ref idref="fl-6"/>
      </object_component>
      <object_component id="oc-48">
         <name>.debug_info</name>
         <load_address>0x282e</load_address>
         <run_address>0x282e</run_address>
         <size>0x156</size>
         <input_file_ref idref="fl-6"/>
      </object_component>
      <object_component id="oc-2d4">
         <name>.debug_info</name>
         <load_address>0x2984</load_address>
         <run_address>0x2984</run_address>
         <size>0x147</size>
         <input_file_ref idref="fl-6"/>
      </object_component>
      <object_component id="oc-2e0">
         <name>.debug_info</name>
         <load_address>0x2acb</load_address>
         <run_address>0x2acb</run_address>
         <size>0x1e8</size>
         <input_file_ref idref="fl-6"/>
      </object_component>
      <object_component id="oc-1d4">
         <name>.debug_info</name>
         <load_address>0x2cb3</load_address>
         <run_address>0x2cb3</run_address>
         <size>0x17e</size>
         <input_file_ref idref="fl-6"/>
      </object_component>
      <object_component id="oc-194">
         <name>.debug_info</name>
         <load_address>0x2e31</load_address>
         <run_address>0x2e31</run_address>
         <size>0x8b</size>
         <input_file_ref idref="fl-6"/>
      </object_component>
      <object_component id="oc-1e2">
         <name>.debug_info</name>
         <load_address>0x2ebc</load_address>
         <run_address>0x2ebc</run_address>
         <size>0x37d</size>
         <input_file_ref idref="fl-7"/>
      </object_component>
      <object_component id="oc-1e4">
         <name>.debug_info</name>
         <load_address>0x3239</load_address>
         <run_address>0x3239</run_address>
         <size>0x4d2</size>
         <input_file_ref idref="fl-8"/>
      </object_component>
      <object_component id="oc-2cf">
         <name>.debug_info</name>
         <load_address>0x370b</load_address>
         <run_address>0x370b</run_address>
         <size>0x1b7</size>
         <input_file_ref idref="fl-8"/>
      </object_component>
      <object_component id="oc-3e1">
         <name>.debug_info</name>
         <load_address>0x38c2</load_address>
         <run_address>0x38c2</run_address>
         <size>0x292</size>
         <input_file_ref idref="fl-8"/>
      </object_component>
      <object_component id="oc-3ea">
         <name>.debug_info</name>
         <load_address>0x3b54</load_address>
         <run_address>0x3b54</run_address>
         <size>0x28d</size>
         <input_file_ref idref="fl-8"/>
      </object_component>
      <object_component id="oc-4c8">
         <name>.debug_info</name>
         <load_address>0x3de1</load_address>
         <run_address>0x3de1</run_address>
         <size>0x336</size>
         <input_file_ref idref="fl-8"/>
      </object_component>
      <object_component id="oc-c2">
         <name>.debug_info</name>
         <load_address>0x4117</load_address>
         <run_address>0x4117</run_address>
         <size>0x736</size>
         <input_file_ref idref="fl-9"/>
      </object_component>
      <object_component id="oc-4e">
         <name>.debug_info</name>
         <load_address>0x484d</load_address>
         <run_address>0x484d</run_address>
         <size>0x159</size>
         <input_file_ref idref="fl-9"/>
      </object_component>
      <object_component id="oc-2af">
         <name>.debug_info</name>
         <load_address>0x49a6</load_address>
         <run_address>0x49a6</run_address>
         <size>0x14a</size>
         <input_file_ref idref="fl-9"/>
      </object_component>
      <object_component id="oc-2a9">
         <name>.debug_info</name>
         <load_address>0x4af0</load_address>
         <run_address>0x4af0</run_address>
         <size>0x19e</size>
         <input_file_ref idref="fl-9"/>
      </object_component>
      <object_component id="oc-2b5">
         <name>.debug_info</name>
         <load_address>0x4c8e</load_address>
         <run_address>0x4c8e</run_address>
         <size>0x126</size>
         <input_file_ref idref="fl-9"/>
      </object_component>
      <object_component id="oc-2c7">
         <name>.debug_info</name>
         <load_address>0x4db4</load_address>
         <run_address>0x4db4</run_address>
         <size>0x284</size>
         <input_file_ref idref="fl-9"/>
      </object_component>
      <object_component id="oc-1ce">
         <name>.debug_info</name>
         <load_address>0x5038</load_address>
         <run_address>0x5038</run_address>
         <size>0x188</size>
         <input_file_ref idref="fl-9"/>
      </object_component>
      <object_component id="oc-55">
         <name>.debug_info</name>
         <load_address>0x51c0</load_address>
         <run_address>0x51c0</run_address>
         <size>0x373</size>
         <input_file_ref idref="fl-a"/>
      </object_component>
      <object_component id="oc-10">
         <name>.debug_info</name>
         <load_address>0x5533</load_address>
         <run_address>0x5533</run_address>
         <size>0xe2</size>
         <input_file_ref idref="fl-a"/>
      </object_component>
      <object_component id="oc-25">
         <name>.debug_info</name>
         <load_address>0x5615</load_address>
         <run_address>0x5615</run_address>
         <size>0x112</size>
         <input_file_ref idref="fl-a"/>
      </object_component>
      <object_component id="oc-2c">
         <name>.debug_info</name>
         <load_address>0x5727</load_address>
         <run_address>0x5727</run_address>
         <size>0x100</size>
         <input_file_ref idref="fl-a"/>
      </object_component>
      <object_component id="oc-33">
         <name>.debug_info</name>
         <load_address>0x5827</load_address>
         <run_address>0x5827</run_address>
         <size>0x107</size>
         <input_file_ref idref="fl-a"/>
      </object_component>
      <object_component id="oc-3a">
         <name>.debug_info</name>
         <load_address>0x592e</load_address>
         <run_address>0x592e</run_address>
         <size>0x11b</size>
         <input_file_ref idref="fl-a"/>
      </object_component>
      <object_component id="oc-23e">
         <name>.debug_info</name>
         <load_address>0x5a49</load_address>
         <run_address>0x5a49</run_address>
         <size>0x314</size>
         <input_file_ref idref="fl-b"/>
      </object_component>
      <object_component id="oc-451">
         <name>.debug_info</name>
         <load_address>0x5d5d</load_address>
         <run_address>0x5d5d</run_address>
         <size>0x223</size>
         <input_file_ref idref="fl-b"/>
      </object_component>
      <object_component id="oc-45f">
         <name>.debug_info</name>
         <load_address>0x5f80</load_address>
         <run_address>0x5f80</run_address>
         <size>0x22b</size>
         <input_file_ref idref="fl-b"/>
      </object_component>
      <object_component id="oc-126">
         <name>.debug_info</name>
         <load_address>0x61ab</load_address>
         <run_address>0x61ab</run_address>
         <size>0x280</size>
         <input_file_ref idref="fl-b"/>
      </object_component>
      <object_component id="oc-26a">
         <name>.debug_info</name>
         <load_address>0x642b</load_address>
         <run_address>0x642b</run_address>
         <size>0x2ac</size>
         <input_file_ref idref="fl-b"/>
      </object_component>
      <object_component id="oc-120">
         <name>.debug_info</name>
         <load_address>0x66d7</load_address>
         <run_address>0x66d7</run_address>
         <size>0x257</size>
         <input_file_ref idref="fl-b"/>
      </object_component>
      <object_component id="oc-231">
         <name>.debug_info</name>
         <load_address>0x692e</load_address>
         <run_address>0x692e</run_address>
         <size>0x110</size>
         <input_file_ref idref="fl-b"/>
      </object_component>
      <object_component id="oc-18b">
         <name>.debug_info</name>
         <load_address>0x6a3e</load_address>
         <run_address>0x6a3e</run_address>
         <size>0x75f</size>
         <input_file_ref idref="fl-c"/>
      </object_component>
      <object_component id="oc-37b">
         <name>.debug_info</name>
         <load_address>0x719d</load_address>
         <run_address>0x719d</run_address>
         <size>0x2fe</size>
         <input_file_ref idref="fl-c"/>
      </object_component>
      <object_component id="oc-2be">
         <name>.debug_info</name>
         <load_address>0x749b</load_address>
         <run_address>0x749b</run_address>
         <size>0x359</size>
         <input_file_ref idref="fl-c"/>
      </object_component>
      <object_component id="oc-bb">
         <name>.debug_info</name>
         <load_address>0x77f4</load_address>
         <run_address>0x77f4</run_address>
         <size>0x543</size>
         <input_file_ref idref="fl-c"/>
      </object_component>
      <object_component id="oc-39b">
         <name>.debug_info</name>
         <load_address>0x7d37</load_address>
         <run_address>0x7d37</run_address>
         <size>0x5d3</size>
         <input_file_ref idref="fl-c"/>
      </object_component>
      <object_component id="oc-14a">
         <name>.debug_info</name>
         <load_address>0x830a</load_address>
         <run_address>0x830a</run_address>
         <size>0x304</size>
         <input_file_ref idref="fl-c"/>
      </object_component>
      <object_component id="oc-477">
         <name>.debug_info</name>
         <load_address>0x860e</load_address>
         <run_address>0x860e</run_address>
         <size>0x276</size>
         <input_file_ref idref="fl-c"/>
      </object_component>
      <object_component id="oc-17b">
         <name>.debug_info</name>
         <load_address>0x8884</load_address>
         <run_address>0x8884</run_address>
         <size>0x2f8</size>
         <input_file_ref idref="fl-c"/>
      </object_component>
      <object_component id="oc-483">
         <name>.debug_info</name>
         <load_address>0x8b7c</load_address>
         <run_address>0x8b7c</run_address>
         <size>0x279</size>
         <input_file_ref idref="fl-c"/>
      </object_component>
      <object_component id="oc-16e">
         <name>.debug_info</name>
         <load_address>0x8df5</load_address>
         <run_address>0x8df5</run_address>
         <size>0x277</size>
         <input_file_ref idref="fl-c"/>
      </object_component>
      <object_component id="oc-283">
         <name>.debug_info</name>
         <load_address>0x906c</load_address>
         <run_address>0x906c</run_address>
         <size>0x1cd</size>
         <input_file_ref idref="fl-c"/>
      </object_component>
      <object_component id="oc-106">
         <name>.debug_info</name>
         <load_address>0x9239</load_address>
         <run_address>0x9239</run_address>
         <size>0x747</size>
         <input_file_ref idref="fl-d"/>
      </object_component>
      <object_component id="oc-98">
         <name>.debug_info</name>
         <load_address>0x9980</load_address>
         <run_address>0x9980</run_address>
         <size>0x338</size>
         <input_file_ref idref="fl-d"/>
      </object_component>
      <object_component id="oc-116">
         <name>.debug_info</name>
         <load_address>0x9cb8</load_address>
         <run_address>0x9cb8</run_address>
         <size>0x134</size>
         <input_file_ref idref="fl-d"/>
      </object_component>
      <object_component id="oc-46d">
         <name>.debug_info</name>
         <load_address>0x9dec</load_address>
         <run_address>0x9dec</run_address>
         <size>0x134</size>
         <input_file_ref idref="fl-d"/>
      </object_component>
      <object_component id="oc-470">
         <name>.debug_info</name>
         <load_address>0x9f20</load_address>
         <run_address>0x9f20</run_address>
         <size>0x134</size>
         <input_file_ref idref="fl-d"/>
      </object_component>
      <object_component id="oc-12c">
         <name>.debug_info</name>
         <load_address>0xa054</load_address>
         <run_address>0xa054</run_address>
         <size>0x176</size>
         <input_file_ref idref="fl-d"/>
      </object_component>
      <object_component id="oc-261">
         <name>.debug_info</name>
         <load_address>0xa1ca</load_address>
         <run_address>0xa1ca</run_address>
         <size>0x134</size>
         <input_file_ref idref="fl-d"/>
      </object_component>
      <object_component id="oc-473">
         <name>.debug_info</name>
         <load_address>0xa2fe</load_address>
         <run_address>0xa2fe</run_address>
         <size>0x142</size>
         <input_file_ref idref="fl-d"/>
      </object_component>
      <object_component id="oc-276">
         <name>.debug_info</name>
         <load_address>0xa440</load_address>
         <run_address>0xa440</run_address>
         <size>0x136</size>
         <input_file_ref idref="fl-d"/>
      </object_component>
      <object_component id="oc-2c1">
         <name>.debug_info</name>
         <load_address>0xa576</load_address>
         <run_address>0xa576</run_address>
         <size>0x486</size>
         <input_file_ref idref="fl-d"/>
      </object_component>
      <object_component id="oc-1da">
         <name>.debug_info</name>
         <load_address>0xa9fc</load_address>
         <run_address>0xa9fc</run_address>
         <size>0x251</size>
         <input_file_ref idref="fl-d"/>
      </object_component>
      <object_component id="oc-162">
         <name>.debug_info</name>
         <load_address>0xac4d</load_address>
         <run_address>0xac4d</run_address>
         <size>0x1fe</size>
         <input_file_ref idref="fl-d"/>
      </object_component>
      <object_component id="oc-180">
         <name>.debug_info</name>
         <load_address>0xae4b</load_address>
         <run_address>0xae4b</run_address>
         <size>0x2c1</size>
         <input_file_ref idref="fl-d"/>
      </object_component>
      <object_component id="oc-a5">
         <name>.debug_info</name>
         <load_address>0xb10c</load_address>
         <run_address>0xb10c</run_address>
         <size>0x335</size>
         <input_file_ref idref="fl-d"/>
      </object_component>
      <object_component id="oc-9e">
         <name>.debug_info</name>
         <load_address>0xb441</load_address>
         <run_address>0xb441</run_address>
         <size>0x2e0</size>
         <input_file_ref idref="fl-d"/>
      </object_component>
      <object_component id="oc-174">
         <name>.debug_info</name>
         <load_address>0xb721</load_address>
         <run_address>0xb721</run_address>
         <size>0x30b</size>
         <input_file_ref idref="fl-d"/>
      </object_component>
      <object_component id="oc-150">
         <name>.debug_info</name>
         <load_address>0xba2c</load_address>
         <run_address>0xba2c</run_address>
         <size>0x2e1</size>
         <input_file_ref idref="fl-d"/>
      </object_component>
      <object_component id="oc-15c">
         <name>.debug_info</name>
         <load_address>0xbd0d</load_address>
         <run_address>0xbd0d</run_address>
         <size>0x23f</size>
         <input_file_ref idref="fl-d"/>
      </object_component>
      <object_component id="oc-168">
         <name>.debug_info</name>
         <load_address>0xbf4c</load_address>
         <run_address>0xbf4c</run_address>
         <size>0x324</size>
         <input_file_ref idref="fl-d"/>
      </object_component>
      <object_component id="oc-27a">
         <name>.debug_info</name>
         <load_address>0xc270</load_address>
         <run_address>0xc270</run_address>
         <size>0x200</size>
         <input_file_ref idref="fl-d"/>
      </object_component>
      <object_component id="oc-2ed">
         <name>.debug_info</name>
         <load_address>0xc470</load_address>
         <run_address>0xc470</run_address>
         <size>0x258</size>
         <input_file_ref idref="fl-d"/>
      </object_component>
      <object_component id="oc-385">
         <name>.debug_info</name>
         <load_address>0xc6c8</load_address>
         <run_address>0xc6c8</run_address>
         <size>0x333</size>
         <input_file_ref idref="fl-d"/>
      </object_component>
      <object_component id="oc-391">
         <name>.debug_info</name>
         <load_address>0xc9fb</load_address>
         <run_address>0xc9fb</run_address>
         <size>0x2ad</size>
         <input_file_ref idref="fl-d"/>
      </object_component>
      <object_component id="oc-401">
         <name>.debug_info</name>
         <load_address>0xcca8</load_address>
         <run_address>0xcca8</run_address>
         <size>0x2ff</size>
         <input_file_ref idref="fl-d"/>
      </object_component>
      <object_component id="oc-270">
         <name>.debug_info</name>
         <load_address>0xcfa7</load_address>
         <run_address>0xcfa7</run_address>
         <size>0x27e</size>
         <input_file_ref idref="fl-d"/>
      </object_component>
      <object_component id="oc-37f">
         <name>.debug_info</name>
         <load_address>0xd225</load_address>
         <run_address>0xd225</run_address>
         <size>0x320</size>
         <input_file_ref idref="fl-d"/>
      </object_component>
      <object_component id="oc-4e7">
         <name>.debug_info</name>
         <load_address>0xd545</load_address>
         <run_address>0xd545</run_address>
         <size>0x23e</size>
         <input_file_ref idref="fl-d"/>
      </object_component>
      <object_component id="oc-11a">
         <name>.debug_info</name>
         <load_address>0xd783</load_address>
         <run_address>0xd783</run_address>
         <size>0x229</size>
         <input_file_ref idref="fl-d"/>
      </object_component>
      <object_component id="oc-489">
         <name>.debug_info</name>
         <load_address>0xd9ac</load_address>
         <run_address>0xd9ac</run_address>
         <size>0x28b</size>
         <input_file_ref idref="fl-d"/>
      </object_component>
      <object_component id="oc-25a">
         <name>.debug_info</name>
         <load_address>0xdc37</load_address>
         <run_address>0xdc37</run_address>
         <size>0x2ad</size>
         <input_file_ref idref="fl-d"/>
      </object_component>
      <object_component id="oc-47d">
         <name>.debug_info</name>
         <load_address>0xdee4</load_address>
         <run_address>0xdee4</run_address>
         <size>0x21e</size>
         <input_file_ref idref="fl-d"/>
      </object_component>
      <object_component id="oc-227">
         <name>.debug_info</name>
         <load_address>0xe102</load_address>
         <run_address>0xe102</run_address>
         <size>0x169</size>
         <input_file_ref idref="fl-d"/>
      </object_component>
      <object_component id="oc-22c">
         <name>.debug_info</name>
         <load_address>0xe26b</load_address>
         <run_address>0xe26b</run_address>
         <size>0x46</size>
         <input_file_ref idref="fl-d"/>
      </object_component>
      <object_component id="oc-10e">
         <name>.debug_info</name>
         <load_address>0xe2b1</load_address>
         <run_address>0xe2b1</run_address>
         <size>0x3a9</size>
         <input_file_ref idref="fl-e"/>
      </object_component>
      <object_component id="oc-9b">
         <name>.debug_info</name>
         <load_address>0xe65a</load_address>
         <run_address>0xe65a</run_address>
         <size>0x162</size>
         <input_file_ref idref="fl-e"/>
      </object_component>
      <object_component id="oc-256">
         <name>.debug_info</name>
         <load_address>0xe7bc</load_address>
         <run_address>0xe7bc</run_address>
         <size>0x149</size>
         <input_file_ref idref="fl-e"/>
      </object_component>
      <object_component id="oc-38c">
         <name>.debug_info</name>
[...]
         <object_component_ref idref="oc-47"/>
      </symbol>
      <symbol id="sm-15c">
         <name>I2CGet2Bytes</name>
         <value>0x2851</value>
         <object_component_ref idref="oc-4c4"/>
      </symbol>
      <symbol id="sm-15d">
         <name>I2CInit</name>
         <value>0x35ad</value>
         <object_component_ref idref="oc-2cd"/>
      </symbol>
      <symbol id="sm-15e">
         <name>I2CSendByte</name>
         <value>0x32d1</value>
         <object_component_ref idref="oc-3e0"/>
      </symbol>
      <symbol id="sm-15f">
         <name>I2CGetByte</name>
         <value>0x3025</value>
         <object_component_ref idref="oc-3e6"/>
      </symbol>
      <symbol id="sm-1c0">
         <name>xSemaphoreProx</name>
         <value>0x200076f4</value>
      </symbol>
      <symbol id="sm-1c1">
         <name>proxTaskInit</name>
         <value>0x3725</value>
         <object_component_ref idref="oc-1cd"/>
      </symbol>
      <symbol id="sm-1c2">
         <name>proxTask</name>
         <value>0x2469</value>
         <object_component_ref idref="oc-2c6"/>
      </symbol>
      <symbol id="sm-1c3">
         <name>Timer1IntHandler</name>
         <value>0x38d5</value>
         <object_component_ref idref="oc-4d"/>
      </symbol>
      <symbol id="sm-1f4">
         <name>ResetISR</name>
         <value>0x409d</value>
         <object_component_ref idref="oc-24"/>
      </symbol>
      <symbol id="sm-1f5">
         <name>g_pfnVectors</name>
         <value>0x0</value>
         <object_component_ref idref="oc-f"/>
      </symbol>
      <symbol id="sm-22c">
         <name>uxListRemove</name>
         <value>0x39f9</value>
         <object_component_ref idref="oc-11f"/>
      </symbol>
      <symbol id="sm-22d">
         <name>vListInsert</name>
         <value>0x3545</value>
         <object_component_ref idref="oc-269"/>
      </symbol>
      <symbol id="sm-22e">
         <name>vListInitialiseItem</name>
         <value>0x4007</value>
         <object_component_ref idref="oc-45e"/>
      </symbol>
      <symbol id="sm-22f">
         <name>vListInsertEnd</name>
         <value>0x3c01</value>
         <object_component_ref idref="oc-125"/>
      </symbol>
      <symbol id="sm-230">
         <name>vListInitialise</name>
         <value>0x3d81</value>
         <object_component_ref idref="oc-450"/>
      </symbol>
      <symbol id="sm-2c6">
         <name>xQueueGenericCreate</name>
         <value>0x31f1</value>
         <object_component_ref idref="oc-2ba"/>
      </symbol>
      <symbol id="sm-2c7">
         <name>xQueueGenericSend</name>
         <value>0x1e21</value>
         <object_component_ref idref="oc-b7"/>
      </symbol>
      <symbol id="sm-2c8">
         <name>xQueueGenericReset</name>
         <value>0x29a9</value>
         <object_component_ref idref="oc-377"/>
      </symbol>
      <symbol id="sm-2c9">
         <name>xQueueGenericReceive</name>
         <value>0x1685</value>
         <object_component_ref idref="oc-397"/>
      </symbol>
      <symbol id="sm-47f">
         <name>vTaskSuspendAll</name>
         <value>0x4019</value>
         <object_component_ref idref="oc-161"/>
      </symbol>
      <symbol id="sm-480">
         <name>vTaskPriorityInherit</name>
         <value>0x2615</value>
         <object_component_ref idref="oc-488"/>
      </symbol>
      <symbol id="sm-481">
         <name>vTaskPlaceOnEventList</name>
         <value>0x34dd</value>
         <object_component_ref idref="oc-173"/>
      </symbol>
      <symbol id="sm-482">
         <name>xTaskCheckForTimeOut</name>
         <value>0x2da9</value>
         <object_component_ref idref="oc-167"/>
      </symbol>
      <symbol id="sm-483">
         <name>xTaskPriorityDisinherit</name>
         <value>0x2901</value>
         <object_component_ref idref="oc-259"/>
      </symbol>
      <symbol id="sm-484">
         <name>vTaskStartScheduler</name>
         <value>0x3181</value>
         <object_component_ref idref="oc-1d9"/>
      </symbol>
      <symbol id="sm-485">
         <name>pvTaskIncrementMutexHeldCount</name>
         <value>0x3f29</value>
         <object_component_ref idref="oc-47c"/>
      </symbol>
      <symbol id="sm-486">
         <name>vTaskMissedYield</name>
         <value>0x4045</value>
         <object_component_ref idref="oc-279"/>
      </symbol>
      <symbol id="sm-487">
         <name>xTaskResumeAll</name>
         <value>0x236d</value>
         <object_component_ref idref="oc-17f"/>
      </symbol>
      <symbol id="sm-488">
         <name>xTaskGenericCreate</name>
         <value>0x1949</value>
         <object_component_ref idref="oc-2c0"/>
      </symbol>
      <symbol id="sm-489">
         <name>pxCurrentTCB</name>
         <value>0x200078f8</value>
         <object_component_ref idref="oc-97"/>
      </symbol>
      <symbol id="sm-48a">
         <name>vTaskSetTimeOutState</name>
         <value>0x3ea5</value>
         <object_component_ref idref="oc-15b"/>
      </symbol>
      <symbol id="sm-48b">
         <name>xTaskIncrementTick</name>
         <value>0x1bb9</value>
         <object_component_ref idref="oc-a4"/>
      </symbol>
      <symbol id="sm-48c">
         <name>vTaskSwitchContext</name>
         <value>0x2799</value>
         <object_component_ref idref="oc-9d"/>
      </symbol>
      <symbol id="sm-48d">
         <name>xTaskRemoveFromEventList</name>
         <value>0x2b81</value>
         <object_component_ref idref="oc-14f"/>
      </symbol>
      <symbol id="sm-4eb">
         <name>ulMaxSyscallInterruptPriority</name>
         <value>0x436c</value>
         <object_component_ref idref="oc-9a"/>
      </symbol>
      <symbol id="sm-4ec">
         <name>vPortSetupTimerInterrupt</name>
         <value>0x3f95</value>
         <object_component_ref idref="oc-3f9"/>
      </symbol>
      <symbol id="sm-4ed">
         <name>xPortSysTickHandler</name>
         <value>0x3de1</value>
         <object_component_ref idref="oc-41"/>
      </symbol>
      <symbol id="sm-4ee">
         <name>pxPortInitialiseStack</name>
         <value>0x37dd</value>
         <object_component_ref idref="oc-38a"/>
      </symbol>
      <symbol id="sm-4ef">
         <name>vPortExitCritical</name>
         <value>0x3f45</value>
         <object_component_ref idref="oc-155"/>
      </symbol>
      <symbol id="sm-4f0">
         <name>xPortStartScheduler</name>
         <value>0x3ac9</value>
         <object_component_ref idref="oc-2e6"/>
      </symbol>
      <symbol id="sm-4f1">
         <name>vPortEnterCritical</name>
         <value>0x3e81</value>
         <object_component_ref idref="oc-143"/>
      </symbol>
      <symbol id="sm-500">
         <name>vPortStartFirstTask</name>
         <value>0x25e9</value>
         <object_component_ref idref="oc-3c"/>
      </symbol>
      <symbol id="sm-501">
         <name>ulPortGetIPSR</name>
         <value>0x2551</value>
         <object_component_ref idref="oc-3c"/>
      </symbol>
      <symbol id="sm-502">
         <name>vPortEnableVFP</name>
         <value>0x2605</value>
         <object_component_ref idref="oc-3c"/>
      </symbol>
      <symbol id="sm-503">
         <name>xPortPendSVHandler</name>
         <value>0x2569</value>
         <object_component_ref idref="oc-3c"/>
      </symbol>
      <symbol id="sm-504">
         <name>vPortSVCHandler</name>
         <value>0x25c9</value>
         <object_component_ref idref="oc-3c"/>
      </symbol>
      <symbol id="sm-55d">
         <name>pvPortMalloc</name>
         <value>0x2169</value>
         <object_component_ref idref="oc-371"/>
      </symbol>
      <symbol id="sm-55e">
         <name>vPortFree</name>
         <value>0x3475</value>
         <object_component_ref idref="oc-457"/>
      </symbol>
      <symbol id="sm-5e0">
         <name>UARTStdioConfig</name>
         <value>0x3099</value>
         <object_component_ref idref="oc-2a1"/>
      </symbol>
      <symbol id="sm-5e1">
         <name>UARTwrite</name>
         <value>0x366d</value>
         <object_component_ref idref="oc-244"/>
      </symbol>
      <symbol id="sm-5e2">
         <name>UARTprintf</name>
         <value>0x3e5d</value>
         <object_component_ref idref="oc-b1"/>
      </symbol>
      <symbol id="sm-5e3">
         <name>UARTvprintf</name>
         <value>0xbc1</value>
         <object_component_ref idref="oc-136"/>
      </symbol>
      <symbol id="sm-67b">
         <name>pow</name>
         <value>0x201</value>
         <object_component_ref idref="oc-4cf"/>
      </symbol>
      <symbol id="sm-67c">
         <name>powl</name>
         <value>0x201</value>
         <object_component_ref idref="oc-4cf"/>
      </symbol>
      <symbol id="sm-69e">
         <name>sqrtl</name>
         <value>0x17f1</value>
         <object_component_ref idref="oc-52f"/>
      </symbol>
      <symbol id="sm-69f">
         <name>sqrt</name>
         <value>0x17f1</value>
         <object_component_ref idref="oc-52f"/>
      </symbol>
      <symbol id="sm-6c6">
         <name>scalbn</name>
         <value>0x2059</value>
         <object_component_ref idref="oc-548"/>
      </symbol>
      <symbol id="sm-6c7">
         <name>scalbnl</name>
         <value>0x2059</value>
         <object_component_ref idref="oc-548"/>
      </symbol>
      <symbol id="sm-6c8">
         <name>ldexpl</name>
         <value>0x2059</value>
         <object_component_ref idref="oc-548"/>
      </symbol>
      <symbol id="sm-6c9">
         <name>ldexp</name>
         <value>0x2059</value>
         <object_component_ref idref="oc-548"/>
      </symbol>
      <symbol id="sm-6d3">
         <name>copysign</name>
         <value>0x3f61</value>
         <object_component_ref idref="oc-568"/>
      </symbol>
      <symbol id="sm-6d4">
         <name>copysignl</name>
         <value>0x3f61</value>
         <object_component_ref idref="oc-568"/>
      </symbol>
      <symbol id="sm-6eb">
         <name>__aeabi_dsub</name>
         <value>0x132d</value>
         <object_component_ref idref="oc-4d5"/>
      </symbol>
      <symbol id="sm-6ec">
         <name>__aeabi_dadd</name>
         <value>0x1337</value>
         <object_component_ref idref="oc-4d5"/>
      </symbol>
      <symbol id="sm-70e">
         <name>__aeabi_cdcmpeq</name>
         <value>0x2c9d</value>
         <object_component_ref idref="oc-4df"/>
      </symbol>
      <symbol id="sm-70f">
         <name>__aeabi_cdcmple</name>
         <value>0x2c9d</value>
         <object_component_ref idref="oc-4df"/>
      </symbol>
      <symbol id="sm-710">
         <name>__aeabi_cdrcmple</name>
         <value>0x2d23</value>
         <object_component_ref idref="oc-543"/>
      </symbol>
      <symbol id="sm-724">
         <name>__aeabi_ddiv</name>
         <value>0x1a81</value>
         <object_component_ref idref="oc-52a"/>
      </symbol>
      <symbol id="sm-72f">
         <name>__aeabi_dmul</name>
         <value>0x2271</value>
         <object_component_ref idref="oc-3bb"/>
      </symbol>
      <symbol id="sm-73b">
         <name>__aeabi_d2f</name>
         <value>0x3261</value>
         <object_component_ref idref="oc-4da"/>
      </symbol>
      <symbol id="sm-745">
         <name>__aeabi_d2uiz</name>
         <value>0x3a85</value>
         <object_component_ref idref="oc-3c0"/>
      </symbol>
      <symbol id="sm-750">
         <name>__aeabi_f2d</name>
         <value>0x3cad</value>
         <object_component_ref idref="oc-4ca"/>
      </symbol>
      <symbol id="sm-75a">
         <name>__aeabi_i2d</name>
         <value>0x3db1</value>
         <object_component_ref idref="oc-53b"/>
      </symbol>
      <symbol id="sm-775">
         <name>memcpy</name>
         <value>0x2a49</value>
         <object_component_ref idref="oc-61"/>
      </symbol>
      <symbol id="sm-776">
         <name>__aeabi_memcpy</name>
         <value>0x2a49</value>
         <object_component_ref idref="oc-61"/>
      </symbol>
      <symbol id="sm-777">
         <name>__aeabi_memcpy8</name>
         <value>0x2a49</value>
         <object_component_ref idref="oc-61"/>
      </symbol>
      <symbol id="sm-778">
         <name>__aeabi_memcpy4</name>
         <value>0x2a49</value>
         <object_component_ref idref="oc-61"/>
      </symbol>
      <symbol id="sm-782">
         <name>__aeabi_ui2d</name>
         <value>0x3f09</value>
         <object_component_ref idref="oc-3b6"/>
      </symbol>
      <symbol id="sm-791">
         <name>__aeabi_uidivmod</name>
         <value>0x3b0d</value>
         <object_component_ref idref="oc-24a"/>
      </symbol>
      <symbol id="sm-792">
         <name>__aeabi_uidiv</name>
         <value>0x3b0d</value>
         <object_component_ref idref="oc-24a"/>
      </symbol>
      <symbol id="sm-7a1">
         <name>__aeabi_memset</name>
         <value>0x2fab</value>
         <object_component_ref idref="oc-e6"/>
      </symbol>
      <symbol id="sm-7a2">
         <name>memset</name>
         <value>0x2fb1</value>
         <object_component_ref idref="oc-e6"/>
      </symbol>
      <symbol id="sm-7a3">
         <name>__aeabi_memset8</name>
         <value>0x2fab</value>
         <object_component_ref idref="oc-e6"/>
      </symbol>
      <symbol id="sm-7a4">
         <name>__aeabi_memset4</name>
         <value>0x2fab</value>
         <object_component_ref idref="oc-e6"/>
      </symbol>
      <symbol id="sm-7a5">
         <name>__aeabi_memclr8</name>
         <value>0x2fa9</value>
         <object_component_ref idref="oc-e6"/>
      </symbol>
      <symbol id="sm-7a6">
         <name>__aeabi_memclr4</name>
         <value>0x2fa9</value>
         <object_component_ref idref="oc-e6"/>
      </symbol>
      <symbol id="sm-7a7">
         <name>__aeabi_memclr</name>
         <value>0x2fa9</value>
         <object_component_ref idref="oc-e6"/>
      </symbol>
      <symbol id="sm-7b9">
         <name>__TI_zero_init</name>
         <value>0x4037</value>
         <object_component_ref idref="oc-73"/>
      </symbol>
      <symbol id="sm-7d0">
         <name>__TI_decompress_none</name>
         <value>0x4029</value>
         <object_component_ref idref="oc-18"/>
      </symbol>
      <symbol id="sm-7f3">
         <name>__TI_decompress_lzss</name>
         <value>0x33a5</value>
         <object_component_ref idref="oc-12"/>
      </symbol>
      <symbol id="sm-809">
         <name>__aeabi_errno_addr</name>
         <value>0x4089</value>
         <object_component_ref idref="oc-535"/>
      </symbol>
      <symbol id="sm-80a">
         <name>errno</name>
         <value>0x2000793c</value>
         <object_component_ref idref="oc-55f"/>
      </symbol>
      <symbol id="sm-81d">
         <name>__stack</name>
         <value>0x200076f8</value>
         <object_component_ref idref="oc-21"/>
      </symbol>
      <symbol id="sm-81e">
         <name>_c_int00_noargs</name>
         <value>0x3d19</value>
         <object_component_ref idref="oc-7f"/>
      </symbol>
      <symbol id="sm-828">
         <name>__aeabi_idiv0</name>
         <value>0x2613</value>
         <object_component_ref idref="oc-324"/>
      </symbol>
      <symbol id="sm-829">
         <name>__aeabi_ldiv0</name>
         <value>0x2613</value>
         <object_component_ref idref="oc-324"/>
      </symbol>
      <symbol id="sm-851">
         <name>__TI_auto_init_nobinit_nopinit</name>
         <value>0x3a41</value>
         <object_component_ref idref="oc-1f3"/>
      </symbol>
      <symbol id="sm-85b">
         <name>_system_pre_init</name>
         <value>0x40b9</value>
         <object_component_ref idref="oc-ec"/>
      </symbol>
      <symbol id="sm-867">
         <name>C$$EXIT</name>
         <value>0x40bd</value>
         <object_component_ref idref="oc-1e7"/>
      </symbol>
      <symbol id="sm-868">
         <name>abort</name>
         <value>0x40bd</value>
         <object_component_ref idref="oc-1e7"/>
      </symbol>
      <symbol id="sm-8c9">
         <name>GPIOPinConfigure</name>
         <value>0x3921</value>
         <object_component_ref idref="oc-3c6"/>
      </symbol>
      <symbol id="sm-8ca">
         <name>GPIOPinTypeI2CSCL</name>
         <value>0x3fe5</value>
         <object_component_ref idref="oc-3cc"/>
      </symbol>
      <symbol id="sm-8cb">
         <name>GPIOPinTypeI2C</name>
         <value>0x3fd3</value>
         <object_component_ref idref="oc-3d2"/>
      </symbol>
      <symbol id="sm-8cc">
         <name>GPIOPinTypeGPIOInput</name>
         <value>0x3fc1</value>
         <object_component_ref idref="oc-362"/>
      </symbol>
      <symbol id="sm-8cd">
         <name>GPIOPinTypeGPIOOutput</name>
         <value>0x3f7b</value>
         <object_component_ref idref="oc-35c"/>
      </symbol>
      <symbol id="sm-8ce">
         <name>GPIOPinRead</name>
         <value>0x4091</value>
         <object_component_ref idref="oc-3aa"/>
      </symbol>
      <symbol id="sm-8cf">
         <name>GPIODirModeSet</name>
         <value>0x3e0d</value>
         <object_component_ref idref="oc-435"/>
      </symbol>
      <symbol id="sm-8d0">
         <name>GPIOPinWrite</name>
         <value>0x4097</value>
         <object_component_ref idref="oc-39d"/>
      </symbol>
      <symbol id="sm-8d1">
         <name>GPIOPadConfigSet</name>
         <value>0x1ced</value>
         <object_component_ref idref="oc-368"/>
      </symbol>
      <symbol id="sm-912">
         <name>I2CMasterDataPut</name>
         <value>0x40b1</value>
         <object_component_ref idref="oc-4aa"/>
      </symbol>
      <symbol id="sm-913">
         <name>I2CMasterInitExpClk</name>
         <value>0x3889</value>
         <object_component_ref idref="oc-3d8"/>
      </symbol>
      <symbol id="sm-914">
         <name>I2CMasterSlaveAddrSet</name>
         <value>0x4081</value>
         <object_component_ref idref="oc-4a4"/>
      </symbol>
      <symbol id="sm-915">
         <name>I2CMasterDataGet</name>
         <value>0x40ad</value>
         <object_component_ref idref="oc-4bd"/>
      </symbol>
      <symbol id="sm-916">
         <name>I2CMasterControl</name>
         <value>0x40a9</value>
         <object_component_ref idref="oc-4b0"/>
      </symbol>
      <symbol id="sm-917">
         <name>I2CMasterBusy</name>
         <value>0x4079</value>
         <object_component_ref idref="oc-4b6"/>
      </symbol>
      <symbol id="sm-918">
         <name>I2CMasterEnable</name>
         <value>0x4051</value>
         <object_component_ref idref="oc-49c"/>
      </symbol>
      <symbol id="sm-9b4">
         <name>SysCtlDelay</name>
         <value>0x40a3</value>
         <object_component_ref idref="oc-3a9"/>
      </symbol>
      <symbol id="sm-9b5">
         <name>SysCtlPeripheralEnable</name>
         <value>0x3ce5</value>
         <object_component_ref idref="oc-350"/>
      </symbol>
      <symbol id="sm-9b6">
         <name>SysCtlClockGet</name>
         <value>0x1f49</value>
         <object_component_ref idref="oc-3a3"/>
      </symbol>
      <symbol id="sm-9b7">
         <name>SysCtlPeripheralReady</name>
         <value>0x3c3d</value>
         <object_component_ref idref="oc-356"/>
      </symbol>
      <symbol id="sm-9b8">
         <name>SysCtlClockFreqSet</name>
         <value>0x112d</value>
         <object_component_ref idref="oc-1c1"/>
      </symbol>
      <symbol id="sm-9cd">
         <name>TimerValueGet</name>
         <value>0x405b</value>
         <object_component_ref idref="oc-3b0"/>
      </symbol>
      <symbol id="sm-9ce">
         <name>TimerIntClear</name>
         <value>0x40b5</value>
         <object_component_ref idref="oc-ab"/>
      </symbol>
      <symbol id="sm-9d0">
         <name>__TI_static_base__</name>
         <value>0x0</value>
      </symbol>
      <symbol id="sm-9d3">
         <name>__mpu_init</name>
         <value>0x0</value>
      </symbol>
      <symbol id="sm-9d4">
         <name>_system_post_cinit</name>
         <value>0x0</value>
      </symbol>
   </symbol_table>
   <title>Link successful</title>
</link_info>
